05-01 00:36:54.311  2657  2685 W EyeProtectCompatHandler: handleRgbMatrix: rgbMatrix is null, skip
05-01 00:36:54.311  2657  2685 W EyeProtectCompatHandler: handleRgbMatrix: rgbMatrix is null, skip
05-01 00:36:54.311  2657  2685 D DisplayManagerService: MSG_REQUEST_TRAVERSAL pendingCompleted=false
05-01 00:36:54.312  2657  2685 I VRR [OPlusRefreshRateManager]: hasADFRFeature return false
05-01 00:36:54.312  2657  2685 I DisplayManagerService: Comparing display specs: baseModeId=3 allowGroupSwitching=false primaryRefreshRateRange=[0 60] appRequestRefreshRateRange=[0 60] vrrPolicy=POLICY_DEFAULT, existing: baseModeId=3 allowGroupSwitching=false primaryRefreshRateRange=[0 60] appRequestRefreshRateRange=[0 60] vrrPolicy=POLICY_DEFAULT
05-01 00:36:54.312  2657  2685 D DisplayManagerServiceExtImpl: scheduleTraversalLocked intraversal=false
05-01 00:36:54.312  1625  2571 D SurfaceFlinger: VRR [SurfaceFlinger] setDesiredDisplayModeSpecs, from process 2657, 2, 0, 0.000000 60.000004, 0.000000 60.000004
05-01 00:36:54.312  1625  1625 D SurfaceFlinger: VRR [SurfaceFlinger] setDesiredDisplayModeSpecsInternal: {defaultModeId=2, allowGroupSwitching=false, primaryRange=[0.00 Hz, 60.00 Hz], appRequestRange=[0.00 Hz, 60.00 Hz]}
05-01 00:36:54.312  1625  1625 D SurfaceFlinger: VRR [SurfaceFlinger] setDesiredDisplayModeSpecsInternal: 2 (60.00 Hz)
05-01 00:36:54.312  1625  1625 D SurfaceFlinger: VRR [SurfaceFlinger] setDesiredActiveMode: 60 event: 1 displayId: 4630946728207028353 
05-01 00:36:54.312  1625  1625 W SmoMo   : DisplayExtnImpl::SetActiveConfig: HWC Display 0 is not registered!
05-01 00:36:54.313  2657  2685 D DisplayManagerService: MSG_REQUEST_TRAVERSAL pendingCompleted=false
05-01 00:36:54.314  2657  2686 D DisplayManagerService: performTraversalInternal pendingTraversal
05-01 00:36:54.314  2657  2686 D DisplayDevice: setLayerStackLocked id=local:4630946728207028353 token=android.os.BinderProxy@3a97d60 stack=0->0
05-01 00:36:54.315  9825 32273 I PersonalSafety: ConnectivityProtectionLockingIntentOperation: cancelled task [CONTEXT service_id=310 ]
05-01 00:36:54.316  1625  2571 D SurfaceFlinger: VRR [SurfaceFlinger] setDesiredDisplayModeSpecs, from process 2657, 2, 0, 0.000000 60.000000, 0.000000 60.000000
05-01 00:36:54.319  1398  1658 I SDM     : HWDeviceDRM::UpdateMixerAttributes: Mixer WxH 1080x2400-0 for Peripheral
05-01 00:36:54.319  1398  1658 I SDM     : HWCDisplay::SubmitDisplayConfig: HWC SetActiveConfig [0,4], cur_resolution is (1080, 2400), new_resolution is (1080, 2400)
05-01 00:36:54.319  1398  1658 I SDM     : HWCDisplay::SubmitDisplayConfig: Active configuration changed to: 4
05-01 00:36:54.319  9825 32274 I Fido    : [FidoV2EnrollmentController] Execute registerFor API [CONTEXT service_id=287 ]
05-01 00:36:54.321  1625  1625 D SurfaceFlinger: backpressure when mode change
05-01 00:36:54.329  1625  1625 D SurfaceFlinger: backpressure when mode change
05-01 00:36:54.337  9825 31557 I CryptauthV2: [HaveKeyWithKeyNameOperation] Have key with key name operation is called.
05-01 00:36:54.341  3653  3653 W UXUtils : set ux flag-->switch to MainThread: setFlag = 10000, old flag = 10000, open = false
05-01 00:36:54.341  3653  3653 D UXUtils : set ux flag--> setFlag = 10000, old flag = 10000, open = false, cal = 0
05-01 00:36:54.341  3653  3653 W UXUtils : set process top-ui: pid=3653 value=2
05-01 00:36:54.347 26983 26983 I MMKV    : <MMKV_IO.cpp:81::loadFromFile> loading [mmkv_common_data_config] with 0 actual size, file size 4096, InterProcess 0, meta info version:1
05-01 00:36:54.347 26983 26983 I MMKV    : <MMKV_IO.cpp:130::loadFromFile> loaded [mmkv_common_data_config] with 0 key-values
05-01 00:36:54.347 26983 26983 D DelayAppLauncherManager: processPendingAppsAfterUnlock
05-01 00:36:54.347 26983 26983 D DelayAppLauncherManager: status code = DELAY_LAUNCHER_APP_ERROR_TARGET_EMPTY
05-01 00:36:54.349 26620 26620 I flutter : TOKEN:: eyJhbGciOiJIUzI1NiIsInR5cCI6IkpXVCJ9.eyJpZCI6MiwiaWF0IjoxNzc3NTc1OTE0LCJleHAiOjE3ODAxNjc5MTR9.Ae-FCNDXTyUSVmMdfz7FKLp4mjH6cO_lJFhugMxPCPs
05-01 00:36:54.350 26620 26620 D LocalStorageUtils: eyJhbGciOiJIUzI1NiIsInR5cCI6IkpXVCJ9.eyJpZCI6MiwiaWF0IjoxNzc3NTc1OTE0LCJleHAiOjE3ODAxNjc5MTR9.Ae-FCNDXTyUSVmMdfz7FKLp4mjH6cO_lJFhugMxPCPs
05-01 00:36:54.352  9825 32274 I Fido    : [FidoV2EnrollmentController] Execute registerFor API [CONTEXT service_id=287 ]
05-01 00:36:54.353  9825 31557 I CryptauthV2: [HaveKeyWithKeyNameOperation] Have key with key name operation is called.
05-01 00:36:54.355  9825 32274 I Fido    : [FidoV2EnrollmentController] Execute registerFor API [CONTEXT service_id=287 ]
05-01 00:36:54.358  2657  4088 I OplusHansManager : uid=10268, pkg=com.facebook.katana can transition from M to F
05-01 00:36:54.358  2657  4088 I OplusHansManager : uid=10268, pkg=com.facebook.katana F enter(), M stay=1
05-01 00:36:54.359  9825 31557 I CryptauthV2: [HaveKeyWithKeyNameOperation] Have key with key name operation is called.
05-01 00:36:54.360  2657  4088 I OplusHansManager : freeze uid: 10268 com.facebook.katana pids: [29101, 13247] scene: LcdOn
05-01 00:36:54.361  7356  7406 D IHansComunication: HansComunication::addUid-- 10268, persistent--0
05-01 00:36:54.361  7356  7406 D IHansComunication: HANS sendMessageToKernel: threadId = 526236236976, netLinkSetup = 1, type = PKG, targetUid = 10268, pkgCmd = ADD_ONE_UID
05-01 00:36:54.362  9825 32274 I Fido    : [FidoV2EnrollmentController] Execute registerFor API [CONTEXT service_id=287 ]
05-01 00:36:54.363  1625  2563 D VRR [OTI-HW]: isStateReady 0
05-01 00:36:54.363  1625  2563 D VRR [OTI-HW]: rate range: min {id=2, hwcId=4, resolution=1080x2400, refreshRate=60.00 Hz, dpi=391.89x398.43, group=0} cur {id=2, hwcId=4, resolution=1080x2400, refreshRate=60.00 Hz, dpi=391.89x398.43, group=0} max {id=2, hwcId=4, resolution=1080x2400, refreshRate=60.00 Hz, dpi=391.89x398.43, group=0}
05-01 00:36:54.363  1625  2563 D VRR [OTI-HW]: keep rate.
05-01 00:36:54.364  2657  2685 I DisplayDeviceRepository: Display device changed: DisplayDeviceInfo{"Built-in screen": uniqueId="local:4630946728207028353", 1080 x 2400, modeId 3, defaultModeId 1, supportedModes [{id=1, width=1080, height=2400, fps=120.00001, alternativeRefreshRates=[60.000004, 90.0]}, {id=2, width=1080, height=2400, fps=90.0, alternativeRefreshRates=[60.000004, 120.00001]}, {id=3, width=1080, height=2400, fps=60.000004, alternativeRefreshRates=[90.0, 120.00001]}], colorMode 0, supportedColorModes [0, 7, 9], hdrCapabilities HdrCapabilities{mSupportedHdrTypes=[2, 3, 4], mMaxLuminance=540.0, mMaxAverageLuminance=270.1, mMinLuminance=0.2}, allmSupported false, gameContentTypeSupported false, density 480, 391.885 x 398.431 dpi, appVsyncOff 1000000, presDeadline 16666666, cutout DisplayCutout{insets=Rect(0, 110 - 0, 0) waterfall=Insets{left=0, top=0, right=0, bottom=0} boundingRect={Bounds=[Rect(0, 0 - 0, 0), Rect(0, 0 - 150, 110), Rect(0, 0 - 0, 0), Rect(0, 0 - 0, 0)]} cutoutPathParserInfo={CutoutPathParserInfo{displayWidth=1080 displayHeight=2400 physicalDisplayWidth=1080 physicalDisplayHeight=2400 density={3.0} cutoutSpec={M -540,0 L -540,110 L -390,110 L -390,0 Z} rotation={0} scale={1.0} physicalPixelDisplaySizeRatio={1.0}}}}, touch INTERNAL, rotation 0, type INTERNAL, address {port=129, model=0x40446d83748990}, deviceProductInfo DeviceProductInfo{name=, manufacturerPnpId=QCM, productId=1, modelYear=null, manufactureDate=ManufactureDate{week=27, year=2006}, connectionToSinkType=0}, state ON, frameRateOverride , brightnessMinimum 0.0, brightnessMaximum 1.0, brightnessDefault 4566.5527, FLAG_ALLOWED_TO_BE_DEFAULT_DISPLAY, FLAG_ROTATES_WITH_CONTENT, FLAG_SECURE, FLAG_SUPPORTS_PROTECTED_BUFFERS, installOrientation 0}
05-01 00:36:54.366  2657  2685 D DisplayManagerServiceExtImpl: scheduleTraversalLocked intraversal=false
05-01 00:36:54.366  2657  2685 I DisplayManagerServiceExtImpl: handle logical display changed logicalDisplay=id=0,phase=1,stack=0,content=true,displayInfo{stack=0,type=1,id=0,uId=local:4630946728207028353,state=ON,pkg=null}
05-01 00:36:54.369  2657  2685 D DisplayPowerController[0]: screen state changed reported, id = 0, state = 2
05-01 00:36:54.370  2657  2685 D DisplayManagerService: Delivering display event: displayId=0, event=2
05-01 00:36:54.370  9825 31557 I CryptauthV2: [HaveKeyWithKeyNameOperation] Have key with key name operation is called.
05-01 00:36:54.371  2657  2657 I WallpaperManagerServiceExt: removeDisplayData. displayId = 0
05-01 00:36:54.373  3653  3916 D ViewRootImplExtImpl: onDisplayChanged 0 for VRI android.view.ViewRootImpl@b9b374f
05-01 00:36:54.373  3653  4292 D ViewRootImplExtImpl: onDisplayChanged 0 for VRI android.view.ViewRootImpl@6a02967
05-01 00:36:54.373  3653  3916 D ViewRootImplExtImpl: onDisplayChanged 0 for VRI android.view.ViewRootImpl@a8aadb0
05-01 00:36:54.373  4547  4547 D ViewRootImplExtImpl: onDisplayChanged 0 for VRI android.view.ViewRootImpl@4348514
05-01 00:36:54.373  2657  2685 D DisplayManagerService: MSG_REQUEST_TRAVERSAL pendingCompleted=false
05-01 00:36:54.373  3653  4810 D ViewRootImplExtImpl: onDisplayChanged 0 for VRI android.view.ViewRootImpl@5f3ecb7
05-01 00:36:54.375  3653  4810 D ViewRootImplExtImpl: onDisplayChanged 0 for VRI android.view.ViewRootImpl@f1aa3c0
05-01 00:36:54.375  3653  4292 D ViewRootImplExtImpl: onDisplayChanged 0 for VRI android.view.ViewRootImpl@c8d96fe
05-01 00:36:54.375  2657  2686 D DisplayManagerService: performTraversalInternal pendingTraversal
05-01 00:36:54.376  2657  2686 D DisplayDevice: setLayerStackLocked id=local:4630946728207028353 token=android.os.BinderProxy@3a97d60 stack=0->0
05-01 00:36:54.376  5022  5341 I BtGatt.ScanManager: msg.what = 7
05-01 00:36:54.377  4341  4341 D ViewRootImplExtImpl: onDisplayChanged 0 for VRI android.view.ViewRootImpl@cac7c95
05-01 00:36:54.377 26620 26620 D ViewRootImplExtImpl: onDisplayChanged 0 for VRI android.view.ViewRootImpl@77d8cf9
05-01 00:36:54.378  5322  5322 D OMG_Observer: mScreenWidthDisplay = 1080, mScreenHeightDisplay = 2400, mRotation = 0, mOrient = 1 , mMiniSizeLimit = 660, mNormalSizeLimit =1800
05-01 00:36:54.379  2657  2657 D OAppNetControlService: Screen INTERNAL on
05-01 00:36:54.379 13345 13345 D ViewRootImplExtImpl: onDisplayChanged 0 for VRI android.view.ViewRootImpl@be4afec
05-01 00:36:54.379  8065  8065 D ViewRootImplExtImpl: onDisplayChanged 0 for VRI android.view.ViewRootImpl@4a7f312
05-01 00:36:54.381  2657  2683 D OplusVFXScreenEffectFeature: notifySFCompatWindowStateChange entered false
05-01 00:36:54.381  1625  2569 D [PREVIEW]: SF obtain preview_adapter: 0
05-01 00:36:54.381  1625  2569 D [PREVIEW]: TabletPreviewAdapter::parallel world 0
05-01 00:36:54.382  3653  3653 D ViewRootImplExtImpl: onDisplayChanged 0 for VRI android.view.ViewRootImpl@39554bd
05-01 00:36:54.382  3653  3653 D ViewRootImplExtImpl: onDisplayChanged 0 for VRI android.view.ViewRootImpl@e9eabc2
05-01 00:36:54.383  6641  6641 D ViewRootImplExtImpl: onDisplayChanged 0 for VRI android.view.ViewRootImpl@44e56b
05-01 00:36:54.384  3653  3653 D ViewRootImplExtImpl: onDisplayChanged 0 for VRI android.view.ViewRootImpl@8afc20e
05-01 00:36:54.384  3653  4810 D ScreenDecorations: updateOrientation mRotation:0 newRotation:0 mRtl:false newRtl:false newLayoutDirection:0 mLayoutDirection0 newMod:{id=3, width=1080, height=2400, fps=60.000004, alternativeRefreshRates=[90.0, 120.00001]} mDisplayMode:{id=3, width=1080, height=2400, fps=60.000004, alternativeRefreshRates=[90.0, 120.00001]} mPendingConfigChange:false
05-01 00:36:54.385  9825 32274 I Fido    : [FidoV2EnrollmentController] Execute registerFor API [CONTEXT service_id=287 ]
05-01 00:36:54.389  9825 31557 I CryptauthV2: [HaveKeyWithKeyNameOperation] Have key with key name operation is called.
05-01 00:36:54.392  9825 32274 I Fido    : [FidoV2EnrollmentController] Execute registerFor API [CONTEXT service_id=287 ]
05-01 00:36:54.397  9825 31557 I CryptauthV2: [HaveKeyWithKeyNameOperation] Have key with key name operation is called.
05-01 00:36:54.399  2657  2687 D SurfaceAnimationRunner: onAnimationEnd:Surface(name=Surface(name=55507ef SnapshotStartingWindow for taskId=330)/@0xba6606e - animation-leash of window_animation)/@0xa4cc30f
05-01 00:36:54.399  2657  2686 I WindowStateExtImpl: onSurfaceShowChange show = false mPackageName = com.inkbattle.app parentPkgName = com.inkbattle.app
05-01 00:36:54.399  2657  2686 I WindowManager: Window{55507ef u0 SnapshotStartingWindow for taskId=330 EXITING} state from HAS_DRAWN to NO_SURFACE; reason: destroySurface
05-01 00:36:54.401  9825 32274 I Fido    : [FidoV2EnrollmentController] Execute registerFor API [CONTEXT service_id=287 ]
05-01 00:36:54.407  9825 31557 I CryptauthV2: [HaveKeyWithKeyNameOperation] Have key with key name operation is called.
05-01 00:36:54.409  9825 32274 I Fido    : [FidoV2EnrollmentController] Execute registerFor API [CONTEXT service_id=287 ]
05-01 00:36:54.410  9825 31557 I CryptauthV2: [HaveKeyWithKeyNameOperation] Have key with key name operation is called.
05-01 00:36:54.412  1625  1625 D Layer   : reparent to null sequence=48196, seq[2], name=SnapshotStartingWindow for taskId=330#48196
05-01 00:36:54.413  1625  1625 D Layer   : reparent to null sequence=48195, seq[3], name=55507ef SnapshotStartingWindow for taskId=330#48195
05-01 00:36:54.413  1625  1625 D Layer   : reparent to null sequence=48205, seq[33], name=Surface(name=55507ef SnapshotStartingWindow for taskId=330)/@0xba6606e - animation-leash of window_animation#48205
05-01 00:36:54.413  2657  2737 D VRR [OPlusRefreshRateService]: handleConfigIdChange physicalDisplayId: 4630946728207028353 configId: 2
05-01 00:36:54.450  9825  9825 D BoundBrokerSvc: onUnbind: Intent { act=com.google.android.gms.ads.service.CACHE pkg=com.google.android.gms }
05-01 00:36:54.720 12097 32207 W adbd    : timed out while waiting for FUNCTIONFS_BIND, trying again
05-01 00:36:54.720 12097 32207 I adbd    : UsbFfs: connection terminated: monitor thread finished
05-01 00:36:54.726  1356  5597 I vendor.qti.bluetooth@1.0-ibs_handler: DeviceSleep: TX Awake, Sending SLEEP_IND
05-01 00:36:54.726  1356  5597 D vendor.qti.bluetooth@1.0-ibs_handler: SerialClockVote: vote for UART CLK OFF
05-01 00:36:54.745 12097 12133 I adbd    : opening control endpoint /dev/usb-ffs/adb/ep0
05-01 00:36:54.795  1402  6068 E ANDR-PERF-LM: GamePerfEngine: runAsyncPeriodic() 619: AppState st 98
05-01 00:36:54.798  2657  3296 D PowerManagerService: userActivityNoUpdateLocked: groupId=0, eventTime=118019080, event=2, flags=0x0, uid=1000
05-01 00:36:54.799 26620 26620 D VRI[MainActivity]: handleWindowFocusChanged mWindowFocusChanged false mUpcomingWindowFocus true mAdded true
05-01 00:36:54.799  2657  2683 D TheiaRestorer: reportPointerEvent: MotionEvent { action=ACTION_DOWN, actionButton=0, id[0]=0, x[0]=845.125, y[0]=1299.75, toolType[0]=TOOL_TYPE_FINGER, buttonState=0, classification=NONE, metaState=0, flags=0x0, edgeFlags=0x0, pointerCount=1, historySize=0, eventTime=118019080, downTime=118019080, deviceId=3, source=0x1002, displayId=0, eventId=839888551 }
05-01 00:36:54.801  4314  4725 D NetworkEvent: OplusNetworkEventCbProxy invoke.....onDnsEvent argslen:8
05-01 00:36:54.802  2657  3461 D OGG_Detector: D:done mCurrStatus: 0
05-01 00:36:54.805 26620 26620 D VRI[MainActivity]: handleWindowFocusChanged mWindowFocusChanged false mUpcomingWindowFocus true mAdded true
05-01 00:36:54.807 26620 26620 D VRI[MainActivity]: handleWindowFocusChanged mWindowFocusChanged false mUpcomingWindowFocus true mAdded true
05-01 00:36:54.823 26620 26620 D VRI[MainActivity]: handleWindowFocusChanged mWindowFocusChanged false mUpcomingWindowFocus true mAdded true
05-01 00:36:54.830 26620 26620 D VRI[MainActivity]: handleWindowFocusChanged mWindowFocusChanged false mUpcomingWindowFocus true mAdded true
05-01 00:36:54.837  1402  6049 E ANDR-PERF-LM: VmRssMeter:: start() 447: Could not find pid, can not collect vmrss data
05-01 00:36:54.837  1402  6049 E ANDR-PERF-LM: AdaptiveLaunch: writeToDataBase() 64: Meter aborted or could not get meter data for this run
05-01 00:36:54.843 26620 26620 D VRI[MainActivity]: handleWindowFocusChanged mWindowFocusChanged false mUpcomingWindowFocus true mAdded true
05-01 00:36:54.853 26620 26620 D VRI[MainActivity]: handleWindowFocusChanged mWindowFocusChanged false mUpcomingWindowFocus true mAdded true
05-01 00:36:54.857 26620 26620 D VRI[MainActivity]: handleWindowFocusChanged mWindowFocusChanged false mUpcomingWindowFocus true mAdded true
05-01 00:36:54.863 26620 26620 D VRI[MainActivity]: handleWindowFocusChanged mWindowFocusChanged false mUpcomingWindowFocus true mAdded true
05-01 00:36:54.871  1402  6048 E ANDR-PERF-LM: VmRssMeter:: start() 447: Could not find pid, can not collect vmrss data
05-01 00:36:54.877  1356  5350 D vendor.qti.bluetooth@1.0-wake_lock: Release wakelock is released 
05-01 00:36:54.917  2402  2437 D QmiVsClient: setAolScenario - enter
05-01 00:36:54.920  2657  2730 D OplusSmartBrightnessController: handleMessage MSG_LUX_CHANGED, mLux:10.189864 luxQueue=[10.0, 11.0, 11.0, 10.0, 10.0, 9.0]
05-01 00:36:54.920  2657  2730 I OplusSmartBrightnessController: Boost finished
05-01 00:36:54.920  2657  2730 D OplusSmartBrightnessController: updateBoostMode displayId[0]=0
05-01 00:36:54.953  2402  2819 D QmiClient: QmiErrorToRadioApiError qmiError 94, radio result 2
05-01 00:36:54.953  2402  2437 D VsProxy : handleMessage msg is 4001
05-01 00:36:54.953  2402  2437 D RadioProxy: setAolScenario : response cb for instance 0
05-01 00:36:54.954  4314  4725 D RadioProxyJ: [PHONE0][5608]< setAolScenarioResponse 
05-01 00:36:55.026 26620 26620 D OplusScrollToTopManager: com.inkbattle.app/com.inkbattle.app.MainActivity,This DecorView@1caab8e[MainActivity] change focus to true
05-01 00:36:55.059  3653  3653 D OplusScrollToTopManager: NotificationShade,This com.android.systemui.statusbar.phone.NotificationShadeWindowView{1790e0a I.E...... ......ID 0,0-1080,2400 viewInfo = } change focus to false
05-01 00:36:55.132  7356  7406 D IHansComunication: HANS sendMessageToKernel: threadId = 526236236976, netLinkSetup = 1, type = FROZEN_TRANS, targetUid = 10480, pkgCmd = PKG_CMD_MAX
05-01 00:36:55.143  7356  7406 D IHansComunication: HANS sendMessageToKernel: threadId = 526236236976, netLinkSetup = 1, type = FROZEN_TRANS, targetUid = 10443, pkgCmd = PKG_CMD_MAX
05-01 00:36:55.362  7356  7406 D IHansComunication: HANS sendMessageToKernel: threadId = 526236236976, netLinkSetup = 1, type = FROZEN_TRANS, targetUid = 10268, pkgCmd = PKG_CMD_MAX
05-01 00:36:55.750 12097 32290 W adbd    : timed out while waiting for FUNCTIONFS_BIND, trying again
05-01 00:36:55.751 12097 32290 I adbd    : UsbFfs: connection terminated: monitor thread finished
05-01 00:36:55.761  2657  4088 I OplusHansManager : uid=10480, pkg=com.etrade.mobilepro.activity can transition from M to F
05-01 00:36:55.762  2657  4088 I OplusHansManager : uid=10480, pkg=com.etrade.mobilepro.activity F enter(), M stay=1
05-01 00:36:55.773  2657  4088 I OplusHansManager : freeze uid: 10480 com.etrade.mobilepro.activity pids: [25749, 26526] IsolatedUid: [99356] scene: LcdOn
05-01 00:36:55.774  7356  7406 D IHansComunication: HansComunication::addUid-- 10480, persistent--0
05-01 00:36:55.774  7356  7406 D IHansComunication: HANS sendMessageToKernel: threadId = 526236236976, netLinkSetup = 1, type = PKG, targetUid = 10480, pkgCmd = ADD_ONE_UID
05-01 00:36:55.774  2657  4379 I OplusProxyWakeLock: add uid: 10480 wakelock: lock:206133762 PARTIAL_WAKE_LOCK              '*job*' (uid=1000 pid=2657 ws=WorkSource{10480 com.etrade.mobilepro.activity})  to FroceReleaseWakeLock list
05-01 00:36:55.776  2657  4379 D DisplayManagerServiceExtImpl: request size(1,1),dpc=com.android.server.display.DisplayPowerController@21c7ed2 size(0,1),flags=0X200F,id(0,0,local:4630946728207028353), phase=1, enable=true, ready=false,prox=true policy=BRIGHT,dozeState=UNKNOWN,screenBrightnessOverride=-1.000000,useAuto=true,lowPower=true,lowPowerFactor=0.500000
05-01 00:36:55.776  2657  2728 D DpcExtImpl[0]: getLowPowerModeBtnExp for PowerSave mode brightnessState 1576.0, factor 0.5
05-01 00:36:55.776  2657  2728 D DpcExtImpl[0]: original brightness:1488 final brightness:1108.0 scale:0.7450146 reason:4 darkLevel:2
05-01 00:36:55.777  2657  2728 D DisplayPowerController[0]: Brightness [1108.5985] reason changing to: 'automatic [ auto_adj low_pwr ]', previous reason: 'automatic [ low_pwr ]'. id=local:4630946728207028353
05-01 00:36:55.777  2657  2728 I DisplayPowerController[0]: BrightnessEvent: disp=0, brt=1108.5985, rcmdBrt=NaN, preBrt=NaN, lux=0.0, preLux=0.0, hbmMax=1.0, hbmMode=off, thrmMax=1.0, flags=, reason=automatic [ auto_adj low_pwr ]
05-01 00:36:55.777  2657  2728 D DpcExtImpl[0]: RECORD:onUpdatePowerState policy:3 state:2 brightness:1108
05-01 00:36:55.777  2657  2728 D DisplayManagerServiceExtImpl: request size(1,1),dpc=com.android.server.display.DisplayPowerController@21c7ed2 size(0,1),flags=0X200F,id(0,0,local:4630946728207028353), phase=1, enable=true, ready=true,prox=false policy=BRIGHT,dozeState=UNKNOWN,screenBrightnessOverride=-1.000000,useAuto=true,lowPower=true,lowPowerFactor=0.500000
05-01 00:36:55.778  2657  4088 I OplusHansManager : uid=10443, pkg=com.dubox.drive can transition from M to F
05-01 00:36:55.778  2657  4088 I OplusHansManager : uid=10443, pkg=com.dubox.drive F enter(), M stay=1
05-01 00:36:55.778 12097 12133 I adbd    : opening control endpoint /dev/usb-ffs/adb/ep0
05-01 00:36:55.789  2657  4088 I OplusHansManager : freeze uid: 10443 com.dubox.drive pids: [27273, 28212] IsolatedUid: [99357] scene: LcdOn
05-01 00:36:55.790  7356  7406 D IHansComunication: HansComunication::addUid-- 10443, persistent--0
05-01 00:36:55.791  7356  7406 D IHansComunication: HANS sendMessageToKernel: threadId = 526236236976, netLinkSetup = 1, type = PKG, targetUid = 10443, pkgCmd = ADD_ONE_UID
05-01 00:36:55.797  1402  6068 E ANDR-PERF-LM: GamePerfEngine: runAsyncPeriodic() 619: AppState st 98
05-01 00:36:55.824  1369 32167 E sensors-hal: ssc_conn_event_cb:661, event[0] msg_id=1025, ts=3867228603623 sensor_type = device_orient  Wakeup
05-01 00:36:55.825  1369 32167 E sensors-hal: handle_sns_client_event:58, ro.build.flavor defined by oplus
05-01 00:36:55.825  1369 32167 E sensors-hal: handle_sns_client_event:116, device_orient_event:oplus ts=201413467004119, type=0, count=3897
05-01 00:36:55.934 26620 26620 D VRI[MainActivity]: handleWindowFocusChanged mWindowFocusChanged false mUpcomingWindowFocus true mAdded true
05-01 00:36:55.934  2657  2683 D TheiaRestorer: reportPointerEvent: MotionEvent { action=ACTION_DOWN, actionButton=0, id[0]=0, x[0]=832.25, y[0]=1253.625, toolType[0]=TOOL_TYPE_FINGER, buttonState=0, classification=NONE, metaState=0, flags=0x0, edgeFlags=0x0, pointerCount=1, historySize=0, eventTime=118020213, downTime=118020213, deviceId=3, source=0x1002, displayId=0, eventId=467345092 }
05-01 00:36:55.934  2657  3296 D PowerManagerService: userActivityNoUpdateLocked: groupId=0, eventTime=118020213, event=2, flags=0x0, uid=1000
05-01 00:36:55.934  2657  3461 D OGG_Detector: D:done mCurrStatus: 0
05-01 00:36:55.937 26620 26620 D VRI[MainActivity]: handleWindowFocusChanged mWindowFocusChanged false mUpcomingWindowFocus true mAdded true
05-01 00:36:55.989 26620 26620 D VRI[MainActivity]: handleWindowFocusChanged mWindowFocusChanged false mUpcomingWindowFocus true mAdded true
05-01 00:36:55.993 26620 26620 D VRI[MainActivity]: handleWindowFocusChanged mWindowFocusChanged false mUpcomingWindowFocus true mAdded true
05-01 00:36:55.993  2657  3350 D OplusNetKit: in getLpByInterface name from LP: [rmnet_data2]
05-01 00:36:55.993  2657  3350 D OplusNetKit: in getLpByInterface name from LP: [wlan0]
05-01 00:36:55.994  2657  3350 D OplusNetKit: Route is ipv4 on wlan0 found, break
05-01 00:36:56.005  2657  4663 D InputMethodManagerService: isSecurity: attribute.packageName = com.inkbattle.app mCurMethodId = com.google.android.inputmethod.latin/com.android.inputmethod.latin.LatinIME isSecurity = false ( enable = false needShow = false inBlackList = false isExist = true )
05-01 00:36:56.008 26620 26620 D InputMethodManager: showSoftInput() view=io.flutter.embedding.android.FlutterView{841a911 VFE...... .F....ID 0,0-1080,2400 #1 aid=1073741824 viewInfo = } flags=0 reason=SHOW_SOFT_INPUT
05-01 00:36:56.010  2657  3350 D OplusNetRttKit: getIcmpEchoRtt each addr:192.168.1.1 Rtt: 7
05-01 00:36:56.011  6641  6641 I GoogleInputMethodService: GoogleInputMethodService.onFinishInput():2259 
05-01 00:36:56.013  6641  6641 I Module  : DeviceLockedStatusModuleProvider$Module.updateDeviceLockedStatus():103 repeatCheckTimes = 0, locked = false
05-01 00:36:56.013  2657  3350 D OplusNetRttKit: getIcmpEchoRtt each addr:192.168.1.1 Rtt: 3
05-01 00:36:56.014  6641  6641 I GoogleInputMethodService: GoogleInputMethodService.onStartInput():1446 onStartInput(EditorInfo{EditorInfo{packageName=com.inkbattle.app, inputType=8001, inputTypeString=Normal[AutoCorrect], enableLearning=true, autoCorrection=true, autoComplete=true, imeOptions=2000006, privateImeOptions=null, actionName=DONE, actionLabel=null, initialSelStart=1, initialSelEnd=1, initialCapsMode=0, label=null, fieldId=1, fieldName=null, extras=Bundle[{com.oplus.im.SCENES=0}], hintText=null, hintLocales=[]}}, false)
05-01 00:36:56.014  6641  6641 I AndroidIME: LatinIMEBase.updateInputViewCoverNavigation():322 Update input view padding, isNavbarOverInputWindow=false, bottom inset=132
05-01 00:36:56.015  6641  6641 I Module  : DeviceLockedStatusModuleProvider$Module.updateDeviceLockedStatus():103 repeatCheckTimes = 1, locked = false
05-01 00:36:56.015  2657  3350 D OplusNetRttKit: getIcmpEchoRtt each addr:192.168.1.1 Rtt: 2
05-01 00:36:56.015  2657  3350 D OplusNetRttKit: getIcmpEchoRtt addr:192.168.1.1 avgRtt: 4
05-01 00:36:56.022  2657  7019 D OplusUIFirst_FB: com.google.android.inputmethod.latin toForeOps: []
05-01 00:36:56.022  2657  7019 D OplusUIFirst_FB: List of ThreadOp: size=0 []
05-01 00:36:56.029  6641  6641 I GoogleInputMethodService: GoogleInputMethodService.onStartInputView():1532 onStartInputView(EditorInfo{EditorInfo{packageName=com.inkbattle.app, inputType=8001, inputTypeString=Normal[AutoCorrect], enableLearning=true, autoCorrection=true, autoComplete=true, imeOptions=2000006, privateImeOptions=null, actionName=DONE, actionLabel=null, initialSelStart=1, initialSelEnd=1, initialCapsMode=0, label=null, fieldId=1, fieldName=null, extras=Bundle[{com.oplus.im.SCENES=0}], hintText=null, hintLocales=[]}}, false)
05-01 00:36:56.030  6641  6641 W ModuleManager: ModuleManager.loadModule():634 Module pdh is not available
05-01 00:36:56.030  6641  6641 I KeyboardHeightUtil: KeyboardHeightUtil.getOemKeyboardHeightRatio():81 systemKeyboardHeightRatio:1.000000.
05-01 00:36:56.031  1202 28892 E TetherController: property_get sys.radio.data.modem_share_flag return 0, 1!
05-01 00:36:56.032  6641  6928 W ModuleManager: ModuleManager.loadModule():634 Module pyg is not available
05-01 00:36:56.035 26620 26620 D InputMethodManager: showSoftInput() view=io.flutter.embedding.android.FlutterView{841a911 VFE...... .F....ID 0,0-1080,2400 #1 aid=1073741824 viewInfo = } flags=0 reason=SHOW_SOFT_INPUT
05-01 00:36:56.038 26620 26620 I Quality : Skipped: false 1 cost 32.358994 refreshRate 16603944 bit true processName com.inkbattle.app
05-01 00:36:56.046  6641  6641 I AndroidIME: InputBundleManager.startInput():357 startInput2 restarting=false
05-01 00:36:56.046  6641  6641 I AndroidIME: InputBundleManager.loadActiveInputBundleId():542 loadActiveInputBundleId: en-IN, ime_english_india
05-01 00:36:56.046  6641  6641 I InputBundle: InputBundle.activateIme():597 activateIme: INACTIVE, keyboardType=prime
05-01 00:36:56.047  6641  6641 I AndroidIME: AbstractIme.onActivate():95 LatinIme.onActivate() : EditorInfo = EditorInfo{packageName=com.inkbattle.app, inputType=8001, inputTypeString=Normal[AutoCorrect], enableLearning=true, autoCorrection=true, autoComplete=true, imeOptions=2000006, privateImeOptions=null, actionName=DONE, actionLabel=null, initialSelStart=1, initialSelEnd=1, initialCapsMode=0, label=null, fieldId=1, fieldName=null, extras=Bundle[{com.oplus.im.SCENES=0}], hintText=null, hintLocales=[]}, IncognitoMode = false, DeviceLocked = false
05-01 00:36:56.047  6641  6641 I InputBundle: InputBundle.consumeEvent():1051 Skip consuming an event as keyboard status is INACTIVE
05-01 00:36:56.047  6641  6641 I Delight5Facilitator: Delight5Facilitator.initializeForIme():745 initializeForIme() : Locale = [en_IN, te_XA], layout = qwerty
05-01 00:36:56.048  6641  6641 I LatinIme: LatinIme.updateEnableInlineSuggestionsOnDecoderSideFlags():1277 inline flag updated to:false
05-01 00:36:56.049  6641  6641 I LatinIme: LatinIme.updateEnableInlineSuggestionsOnDecoderSideFlags():1277 inline flag updated to:false
05-01 00:36:56.049  6641  6928 I NebulaeTrainingCacheMetricsProcessor: NebulaeTrainingCacheMetricsProcessor.processBeginSession():252 Begin training cache session: com.whatsapp_2131431628/
05-01 00:36:56.050  6641  6641 I InputBundle: InputBundle.consumeEvent():1051 Skip consuming an event as keyboard status is INACTIVE
05-01 00:36:56.050  6641  6641 I LatinIme: LatinIme.resetInputContext():2283 resetInputContext(): reason=1, externalEditsInfo=ExternalEditsInfo{action=0, offset=-1, text=null, originalText=null, edits=null}
05-01 00:36:56.050  6641  6641 I InputBundle: InputBundle.consumeEvent():1051 Skip consuming an event as keyboard status is INACTIVE
05-01 00:36:56.051  6641  6641 I InputBundle: InputBundle.activateKeyboard():652 activateKeyboard: ACTIVE, type=ocu[keyboardType=prime, payload=null]
05-01 00:36:56.051  6641  6641 I KeyboardWrapper: KeyboardWrapper.activateKeyboard():592 activateKeyboard(): type=prime, status=INACTIVE, imeDef=obp{stringId=ime_english_india, language=en-IN, languageTag=en-IN, processedConditions={writing_helper_enable_by_word_revert=false, true=true, enable_number_row=true, device=phone, enable_pk_simulator=false}, className=com.google.android.apps.inputmethod.libs.latin5.LatinIme, label=0, keyEventInterpreter=com.google.android.libraries.inputmethod.keyevent.interpreters.EnglishIndiaKeyEventInterpreter, inlineComposing=true, autoCapital=true, announceAutoSelectedCandidate=true, statusIcon=0, indicatorIcon=0, indicatorLabel=null, displayAppCompletions=true, extraValues=obi{#0x7f0b02e5=TypedValue{t=0x3/d=0x0 "com.google.android.apps.inputmethod.libs.latin5.LatinIme"}}, processors=odh@9a26ba8, unacceptableMetaKeys=4098, languageSpecificSettings=0, asciiCapable=true, alwaysShowSuggestions=false, useAsciiPasswordKeyboard=false, keyboardGroupDef=ocq@3ac3145, phenotypeFlagId=0, localizationLanguageTag=null, supportsInlineSuggestion=true}
05-01 00:36:56.051  6641  6641 I KeyboardManager: KeyboardManager.requestKeyboard():249 Creating keyboard prime, imeId=ime_english_india, cacheKey=theme,!gsf,!pgsans,!pgsf,!use_system_font,BORDER,FLAVOR_DPI=XXHDPI,IS_LIGHT,KEYBOARD_WIDTH_CATEGORY=NORMAL,KEY_BORDER_SHAPE=1,LIGHT_THEME=true,PHYSICAL_DIAGONAL=5.0274267,POPUP,SCREEN_SHORTEST_WIDTH=360,SCREEN_SHORTEST_WIDTH_NO_SCALE=360,XXHDPI,bottom4dp,enable_popup_on_keypress=true,keyboard_redesign_google_sans=true,non_linear_scale,noshadow,overlay_builtin_material3_light_base.binarypb:gm3-light-ffffffff-ff0b57d0-d2beb9f4c632da1e2f7e42bf727662b8,silkpopup
05-01 00:36:56.051  6641  6641 I KeyboardDefManager: KeyboardDefManager.requestKeyboardDef():181 requestKeyboardDef(): type=prime, info=ocn{defIds=[#0x7f1705fa, #0x7f170891], defIdsCacheKey=[2132215290, 2132215953]}
05-01 00:36:56.051  6641  6641 I KeyboardDefManager: KeyboardDefManager.requestKeyboardDef():243 requestKeyboardDef(): getOrCreate from cache, info=ocn{defIds=[#0x7f1705fa, #0x7f170891], defIdsCacheKey=[2132215290, 2132215953]}
05-01 00:36:56.052  6641  6641 I KeyboardDefManager: KeyboardDefManager$1.onSuccess():277 requestKeyboardDef onSuccess(): info=ocn{defIds=[#0x7f1705fa, #0x7f170891], defIdsCacheKey=[2132215290, 2132215953]}
05-01 00:36:56.052  6641  6641 I KeyboardWrapper: KeyboardWrapper.onKeyboardReady():226 onKeyboardReady(): type=prime(prime), kb=com.google.android.apps.inputmethod.latin.keyboard.LatinPrimeKeyboard@8d51cd9
05-01 00:36:56.052  6641  6641 I KeyboardWrapper: KeyboardWrapper.doActivateKeyboard():624 doActivateKeyboard(): prime
05-01 00:36:56.053  6641  6641 I BaseKeyboardSizeHelper: BaseKeyboardSizeHelper.calculateMaxKeyboardBodyHeight():73 leave 291 height for app when ime window height:2158, header height:132 and isFullscreenMode:false, so the max keyboard body height is:1735
05-01 00:36:56.053  6641  6641 I GlobeKeyExtension: GlobeKeyExtension.getKeyboardInitialStates():186 
05-01 00:36:56.053  6641  6641 W Keyboard: Keyboard.getKeyboardViewHelper():607 null helper is returned: keyboardDef=oci{processedConditions={show_comma_key=true, enable_more_candidates_view_for_multilingual=false, layout_9key_split=false, enable_secondary_symbols=false, pref_enable_flick_symbols=false, enable_scrub_move=true, language=en-IN, deprecate_long_press_space_for_ime_picker=false, expressions=normal, android_software_xr_api_spatial=false, variant=qwerty, free_cursor=false, show_period_key=true, enable_number_row=true, device=phone, keyboard_mode=normal, show_secondary_digits=false, enable_pk_simulator=false, enable_preemptive_decode=true}, globalConditions={global_theme_key=theme,!gsf,!pgsans,!pgsf,!use_system_font,BORDER,FLAVOR_DPI=XXHDPI,IS_LIGHT,KEYBOARD_WIDTH_CATEGORY=NORMAL,KEY_BORDER_SHAPE=1,LIGHT_THEME=true,PHYSICAL_DIAGONAL=5.0274267,POPUP,SCREEN_SHORTEST_WIDTH=360,SCREEN_SHORTEST_WIDTH_NO_SCALE=360,XXHDPI,bottom4dp,enable_popup_on_keypress=true,keyboard_redesign_google_sans=true,non_linear_scale,noshadow,overlay_builtin_material3_light_base.binarypb:gm3-light-ffffffff-ff0b57d0-d2beb9f4c632da1e2f7e42bf727662b8,silkpopup, global_locale=en_IN, global_density_dpi=480, global_orientation=1}, className=.latin.keyboard.LatinPrimeKeyboard, resourceIds=[#0x7f1705fa, #0x7f170891], initialStates=0, keyboardViewDefs=[ocy{direction=null, id=#0x7f0b0229, isScalable=true, layoutId=#0x7f0e02bd, type=BODY, touchable=true, defaultShow=true}, ocy{direction=null, id=#0x7f0b0229, isScalable=false, layoutId=#0x7f0e0218, type=FLOATING_CANDIDATES, touchable=false, defaultShow=false}, ocy{direction=LOCALE, id=#0x7f0b0229, isScalable=false, layoutId=#0x7f0e0520, type=HEADER, touchable=true, defaultShow=true}], persistentStates=0, persistentStatesPrefKey=null, popupBubbleLayoutId=#0x7f0e0611, recentKeyLayoutId=#0x0, recentKeyPopupLayoutId=#0x0, recentKeyType=null, rememberRecentKey=NONE, sessionStates=26388279066624}, type=WIDGET, helpersCreated={HEADER=nnb@61fe621, BODY=nnb@2393a46, FLOATING_CANDIDATES=nnb@a435407}, context.getResources().getConfiguration(): {1.0 ??mcc??mnc [en_IN] ldltr sw360dp w360dp h719dp 480dpi nrml long hdr widecg port finger -keyb/v/h -nav/h winConfig={ mBounds=Rect(0, 0 - 1080, 2400) mAppBounds=Rect(0, 110 - 1080, 2268) mMaxBounds=Rect(0, 0 - 1080, 2400) mDisplayRotation=ROTATION_0 mWindowingMode=fullscreen mDisplayWindowingMode=fullscreen mActivityType=undefined mAlwaysOnTop=undefined mRotation=ROTATION_0} s.85 fontWeightAdjustment=0mThemeChanged= 0, mThemeChangedFlags= 0, mFlipFont= 0, mAccessibleChanged= -1, mUxIconConfig= 3468921665117761569, mMaterialColor= 0, mUserId= 0, mFontUserId= 0, mFontVariationSettings= 226, mFoldingAngle = -1.0, mIconPackName= , mDarkModeBackgroundMaxL= 0.0, mDarkModeDialogBgMaxL= 27.0, mDarkModeForegroundMinL= 100.0, mOplusConfigType= 1, mOplusChangedConfigs= 0, OpSans= 0, mBurmeseFontFlag= 2, mFlag= 0, mPuttDisplayFlag= -1}
05-01 00:36:56.054  6641  6641 I BaseKeyboardSizeHelper: BaseKeyboardSizeHelper.calculateMaxKeyboardBodyHeight():73 leave 291 height for app when ime window height:2158, header height:132 and isFullscreenMode:false, so the max keyboard body height is:1735
05-01 00:36:56.054  6641  6641 I AndroidIME: InputBundleManager.startInput():372 startInput() with ocu[keyboardType=prime, payload=null]
05-01 00:36:56.055  6641  6641 I PkModeUpdater: PkModeUpdater.onActivate():76 onActivate false true
05-01 00:36:56.055  6641  6641 I AccessoryInputModeManager: AccessoryInputModeManager.onModeStarted():346 Accessory input mode started: null
05-01 00:36:56.055  6641  6641 W SupplementaryKeyboardsWrapper: SupplementaryKeyboardsWrapper.deactivateKeyboard():162 keyboard accessory_candidates_consumer is not activated before!
05-01 00:36:56.055  6641  6641 W SupplementaryKeyboardsWrapper: SupplementaryKeyboardsWrapper.deactivateKeyboard():162 keyboard composing_text_consumer is not activated before!
05-01 00:36:56.055  6641  6641 I GlobeKeyExtension: GlobeKeyExtension.onActivate():130 
05-01 00:36:56.055  1356  5591 I vendor.qti.bluetooth@1.0-ibs_handler: ProcessIbsCmd: Received IBS_WAKE_IND: 0xFD
05-01 00:36:56.055  1356  5591 D vendor.qti.bluetooth@1.0-ibs_handler: SerialClockVote: vote for UART CLK ON
05-01 00:36:56.056  6641  6641 I KeyboardModeUtils: KeyboardModeUtils.getKeyboardBottomOffset():432 inch: 0.000000 ydpi: 398.431000 adjustKeyboardBottomByDisplaySize: false currentDensityDpi: 480 defaultDensityDpi: 480 keyboardBottomToScreenPx: 0 keyboardBottomToNavBarPx: -132 navBarHeight: 132
05-01 00:36:56.056  6641  6641 I BaseKeyboardSizeHelper: BaseKeyboardSizeHelper.calculateMaxKeyboardBodyHeight():73 leave 291 height for app when ime window height:2158, header height:132 and isFullscreenMode:false, so the max keyboard body height is:1735
05-01 00:36:56.056  1356  5591 D vendor.qti.bluetooth@1.0-wake_lock: Acquire wakelock is acquired 
05-01 00:36:56.056  1356  5591 I vendor.qti.bluetooth@1.0-ibs_handler: ProcessIbsCmd: Writing IBS_WAKE_ACK
05-01 00:36:56.056  6641  6641 I BaseKeyboardSizeHelper: BaseKeyboardSizeHelper.calculateMaxKeyboardBodyHeight():73 leave 291 height for app when ime window height:2158, header height:132 and isFullscreenMode:false, so the max keyboard body height is:1735
05-01 00:36:56.056  6641  6641 I BaseKeyboardSizeHelper: BaseKeyboardSizeHelper.calculateMaxKeyboardBodyHeight():73 leave 291 height for app when ime window height:2158, header height:132 and isFullscreenMode:false, so the max keyboard body height is:1735
05-01 00:36:56.056  6641  6641 I BaseKeyboardSizeHelper: BaseKeyboardSizeHelper.calculateMaxKeyboardBodyHeight():73 leave 291 height for app when ime window height:2158, header height:132 and isFullscreenMode:false, so the max keyboard body height is:1735
05-01 00:36:56.056  6641  6641 W ExtensionWrapper: ExtensionWrapper.setExtensionViewVisibility():878 interface nqy is not activate
05-01 00:36:56.057 32266  8151 D BluetoothGatt: onConnectionUpdated() - Device=74:19:0A:2E:F6:66 interval=13 latency=0 timeout=500 status=0
05-01 00:36:56.059  6641  6641 I VoiceInputManagerWrapper: VoiceInputManagerWrapper.cancelShutdown():109 cancelShutdown()
05-01 00:36:56.059  6641  6641 I VoiceInputManagerWrapper: VoiceInputManagerWrapper.syncLanguagePacks():121 syncLanguagePacks()
05-01 00:36:56.060  6641  6641 I VoiceInputManager: VoiceInputManager.onKeyboardActivated():1204 onKeyboardActivated() [UD]
05-01 00:36:56.060  6641 19336 I SpeechFactory: SpeechRecognitionFactory.maybeScheduleAutoPackDownloadForFallback():221 maybeScheduleAutoPackDownloadForFallback()
05-01 00:36:56.060  6641 19336 I FallbackOnDeviceRecognitionProvider: FallbackOnDeviceRecognitionProvider.maybeScheduleAutoPackDownload():213 maybeScheduleAutoPackDownload() for language tag en-IN
05-01 00:36:56.061  6641  6641 I Module  : DeviceLockedStatusModuleProvider$Module.updateDeviceLockedStatus():103 repeatCheckTimes = 1, locked = false
05-01 00:36:56.061  6641  6641 I VoiceImeExtension: VoiceImeExtension.shouldStartVoiceInputAutomaticallyInCurrentInputBox():384 No private IME option set to start voice input.
05-01 00:36:56.066  2657  4663 D CoreBackPreview: Window{64a9073 u0 com.inkbattle.app/com.inkbattle.app.MainActivity}: Setting back callback OnBackInvokedCallbackInfo{mCallback=android.window.IOnBackInvokedCallback$Stub$Proxy@eaf0f2c, mPriority=0}
05-01 00:36:56.066  2657  7019 D OplusFullScreenDisplayManager: adjustWindowParamsLw com.google.android.inputmethod.latin, no change cutoutMode: 0
05-01 00:36:56.066  2657  7019 V WindowManager: Relayout Window{34d35f9 u0 InputMethod}: viewVisibility=0, oldvis=8, req=1080x2290
05-01 00:36:56.067  2657  7019 I WindowManager: Window{34d35f9 u0 InputMethod} state from NO_SURFACE to DRAW_PENDING; reason: resetDrawState
05-01 00:36:56.071  6641  6641 D BufferQueueConsumer: [](id:19f10000015d,api:0,p:-1,c:6641) connect: controlledByApp=false
05-01 00:36:56.071  6641  6641 E IPCThreadState: attemptIncStrongHandle(81): Not supported
05-01 00:36:56.071  6641  6641 D ViewRootImplExtImpl: setUndequeuedBufferCount: 4
05-01 00:36:56.071  6641  8526 D BufferQueueProducer: [VRI[InputMethod]#349(BLAST Consumer)349](id:19f10000015d,api:1,p:6641,c:6641) connect: api=1 producerControlledByApp=true
05-01 00:36:56.072  6641  6641 I WindowMetricsNotification: WindowMetricsNotification.notifyWithWindow():166 
05-01 00:36:56.072  6641  6641 I WindowMetricsNotification: WindowMetricsNotification.notify():159 rfj[bounds=Rect(0, 110 - 1080, 2400), insets=Rect(0, 0 - 0, 132), densityDpi=480, smallestScreenWidthDp=360, displayWidth=1080, displayHeight=2400, xdpi=391.885, ydpi=398.431, isTrustable=true, displayId=0]; DisplayMetrics{density=3.0, width=1080, height=2400, scaledDensity=3.0, xdpi=391.885, ydpi=398.431}
05-01 00:36:56.072  7356  7392 E IHansComunication: HANS printMessageBody: RCV message: type = 0,port = 86870,caller_pid = 1926,caller_uid = 1047,target_pid = 25749,target_uid = 10480,pkg_cmd = -1,rpc = android.hardware.ICameraServiceListener/5
05-01 00:36:56.072  7356  7392 E IHansComunication: HANS printMessageBody: RCV message: type = 0,port = 86870,caller_pid = 1926,caller_uid = 1047,target_pid = 27273,target_uid = 10443,pkg_cmd = -1,rpc = android.hardware.ICameraServiceListener/5
05-01 00:36:56.073  6641  6641 D VRI[InputMethod]: registerCallbacksForSync syncBuffer=false
05-01 00:36:56.073  2657  4090 I OplusHansManager : unfreeze uid: 10480 com.etrade.mobilepro.activity pids: [25749, 26526] reason: AsyncBinder scene: LcdOn
05-01 00:36:56.074  2657  4088 I OplusHansManager : uid=10480, pkg=com.etrade.mobilepro.activity, transition from F to Middle, reason=AsyncBinder
05-01 00:36:56.074  2657  4088 I OplusHansManager : uid=10480, pkg=com.etrade.mobilepro.activity F exit(), F stay=0, reason=AsyncBinder
05-01 00:36:56.075  2657  4090 I OplusHansManager : unfreeze uid: 10443 com.dubox.drive pids: [27273, 28212] reason: AsyncBinder scene: LcdOn
05-01 00:36:56.075  2657  4379 D OplusProxyWakeLock: restore uid :10480 wakelock: lock:206133762 PARTIAL_WAKE_LOCK              '*job*' (uid=1000 pid=2657 ws=WorkSource{10480 com.etrade.mobilepro.activity})
05-01 00:36:56.076  2657  4088 I OplusHansManager : uid=10443, pkg=com.dubox.drive, transition from F to Middle, reason=AsyncBinder
05-01 00:36:56.076  2657  4088 I OplusHansManager : uid=10443, pkg=com.dubox.drive F exit(), F stay=0, reason=AsyncBinder
05-01 00:36:56.080  6641  8526 D VRI[InputMethod]: Received frameCommittedCallback lastAttemptedDrawFrameNum=1 didProduceBuffer=true syncBuffer=false
05-01 00:36:56.081  6641  6641 D VRI[InputMethod]: draw finished.
05-01 00:36:56.081  6641  6641 D ViewRootImplExtImpl: setMaxDequeuedBufferCount: 2
05-01 00:36:56.082  6641  6641 I GoogleInputMethodService: GoogleInputMethodService$1.onKeyboardViewShown():344 onKeyboardViewShown: keyboardType=prime, keyboardViewType=HEADER keyboardView=com.google.android.libraries.inputmethod.widgets.SoftKeyboardView{2c1343d V.E...... ........ 0,0-1080,132 viewInfo = }
05-01 00:36:56.082  6641  6641 I BaseKeyboardSizeHelper: BaseKeyboardSizeHelper.calculateMaxKeyboardBodyHeight():73 leave 291 height for app when ime window height:2158, header height:132 and isFullscreenMode:false, so the max keyboard body height is:1735
05-01 00:36:56.082  6641  6641 I GoogleInputMethodService: GoogleInputMethodService$1.onKeyboardViewShown():344 onKeyboardViewShown: keyboardType=prime, keyboardViewType=BODY keyboardView=com.google.android.libraries.inputmethod.widgets.SoftKeyboardView{ed78847 V.E...... ........ 0,0-1080,720 viewInfo = }
05-01 00:36:56.082  6641  6641 I BaseKeyboardSizeHelper: BaseKeyboardSizeHelper.calculateMaxKeyboardBodyHeight():73 leave 291 height for app when ime window height:2158, header height:132 and isFullscreenMode:false, so the max keyboard body height is:1735
05-01 00:36:56.082  6641  6641 I GlobeKeyExtension: GlobeKeyExtension$1.onKeyboardViewShown():77 maybeDisableLanguageSwitchKeyPref when the keyboard is shown
05-01 00:36:56.083  6641  6641 I GlobeKeyExtension: GlobeKeyExtension.maybeDisableLanguageSwitchKeyPref():211 maybeDisableLanguageSwitchKeyPref hasGlobeKeyBeenDisabled: false, shouldDisableLanguageSwitchKey: false
05-01 00:36:56.083  6641  6641 I NewLanguagePromptExtension: NewLanguagePromptExtension$1.onKeyboardViewShown():98 Not show new language banner: no change in enabled input method entries
05-01 00:36:56.083  2657  4852 I WindowManager: Window{34d35f9 u0 InputMethod} state from DRAW_PENDING to COMMIT_DRAW_PENDING; reason: finishDrawingLocked
05-01 00:36:56.083  2657  4852 D WindowManager: finishDrawingLocked forceApplyNow=false,2,Window{34d35f9 u0 InputMethod}
05-01 00:36:56.083  6641  6641 I DynamicLayoutHandler: DynamicLayoutHandler.loadDynamicKeys():92 This isn't a dynamic layout.
05-01 00:36:56.083  6641  7264 I Delight5Decoder: Delight5DecoderWrapper.setKeyboardLayout():551 setKeyboardLayout()
05-01 00:36:56.084  2657  2686 I WindowManager: Window{34d35f9 u0 InputMethod} state from COMMIT_DRAW_PENDING to READY_TO_SHOW; reason: commitFinishDrawingLocked
05-01 00:36:56.084  6641  6641 I KeyboardModeUtils: KeyboardModeUtils.getKeyboardBottomOffset():432 inch: 0.000000 ydpi: 398.431000 adjustKeyboardBottomByDisplaySize: false currentDensityDpi: 480 defaultDensityDpi: 480 keyboardBottomToScreenPx: 0 keyboardBottomToNavBarPx: -132 navBarHeight: 132
05-01 00:36:56.084  6641  6641 I BaseKeyboardSizeHelper: BaseKeyboardSizeHelper.calculateMaxKeyboardBodyHeight():73 leave 291 height for app when ime window height:2158, header height:132 and isFullscreenMode:false, so the max keyboard body height is:1735
05-01 00:36:56.084  6641  6641 I BaseKeyboardSizeHelper: BaseKeyboardSizeHelper.calculateMaxKeyboardBodyHeight():73 leave 291 height for app when ime window height:2158, header height:132 and isFullscreenMode:false, so the max keyboard body height is:1735
05-01 00:36:56.090  1625  1625 D OplusLayer: (48206,InputMethod#48206,com.google.android.inputmethod.latin) setBuffer
05-01 00:36:56.094 26620 26620 D InsetsController: show(ime(), fromIme=true)
05-01 00:36:56.094 16297 16347 D OplusAtlasService: getAttributeByAppName module:oplus-getStreamMaxVolume packageName:com.inkbattle.app
05-01 00:36:56.096  6641  6641 I KeyboardModeUtils: KeyboardModeUtils.getKeyboardBottomOffset():432 inch: 0.000000 ydpi: 398.431000 adjustKeyboardBottomByDisplaySize: false currentDensityDpi: 480 defaultDensityDpi: 480 keyboardBottomToScreenPx: 0 keyboardBottomToNavBarPx: -132 navBarHeight: 132
05-01 00:36:56.096  2657  2686 V WindowStateExtImpl: notifyWindowStateChange input show
05-01 00:36:56.096  6641  6641 I BaseKeyboardSizeHelper: BaseKeyboardSizeHelper.calculateMaxKeyboardBodyHeight():73 leave 291 height for app when ime window height:2158, header height:132 and isFullscreenMode:false, so the max keyboard body height is:1735
05-01 00:36:56.096  2657  2686 I WindowManager: Window{34d35f9 u0 InputMethod} state from READY_TO_SHOW to HAS_DRAWN; reason: performShowLocked
05-01 00:36:56.096  6641  6641 I BaseKeyboardSizeHelper: BaseKeyboardSizeHelper.calculateMaxKeyboardBodyHeight():73 leave 291 height for app when ime window height:2158, header height:132 and isFullscreenMode:false, so the max keyboard body height is:1735
05-01 00:36:56.096  1469  1469 D OplusTouch: path = /proc/touchpanel/kernel_grip_handle,len = 8192
05-01 00:36:56.097  2657  2702 D ColorTouchNodeManagerService: isTouchNodeSupport, nodeFlag: 8, dId:0, result:1
05-01 00:36:56.097  1469  1469 D OplusTouch: path = /proc/touchpanel1/kernel_grip_handle,len = 8192
05-01 00:36:56.097  1469  1469 D OplusTouch: in_deviceId = 0,in_nodeFlag = 8,data = mod para_V2 set_ime_showing:1,len = 29
05-01 00:36:56.097  1469  1469 D OplusTouch: path = /proc/touchpanel/kernel_grip_handle,len = 8192
05-01 00:36:56.097  1469  1469 D OplusTouch: write 29 bytes
05-01 00:36:56.097  2657  2702 D ColorTouchNodeManagerService: isTouchNodeSupport, nodeFlag: 8, dId:1, result:-1
05-01 00:36:56.101 26620 32217 D AudioManagerExtImpl: getStreamVolume packageName=com.inkbattle.app, index=4, streamType=3
05-01 00:36:56.102  3653  3916 D ZoomController: forAllRootTaskManagers  managerSize = 0
05-01 00:36:56.103 16297 16347 D OplusAtlasService: getAttributeByAppName module:oplus-getStreamMaxVolume packageName:com.inkbattle.app
05-01 00:36:56.104 26620 32222 D AudioManagerExtImpl: getStreamVolume packageName=com.inkbattle.app, index=4, streamType=3
05-01 00:36:56.106  1625  1625 D Layer   : reparent to null sequence=48194, seq[5], name=Surface(name=f500796 NavigationBar0)/@0x111ce80 - animation-leash of insets_animation#48194
05-01 00:36:56.111  2657  4663 D OplusWindowManagerServiceEnhance: setInsetAnimationTid: pid 26620 tid 26620 enable true
05-01 00:36:56.112 16297 16347 D OplusAtlasService: getAttributeByAppName module:oplus-getStreamMaxVolume packageName:com.inkbattle.app
05-01 00:36:56.118 26620 32129 D AudioManagerExtImpl: getStreamVolume packageName=com.inkbattle.app, index=4, streamType=3
05-01 00:36:56.118 16297 16347 D OplusAtlasService: getAttributeByAppName module:oplus-getStreamMaxVolume packageName:com.inkbattle.app
05-01 00:36:56.119 26620 32223 D AudioManagerExtImpl: getStreamVolume packageName=com.inkbattle.app, index=4, streamType=3
05-01 00:36:56.127 26620 27827 E FrameEvents: updateAcquireFence: Did not find frame.
05-01 00:36:56.132  7160  7647 E LocalFileUtil: getListFromStream stream is null
