05-01 00:36:53.255  5416  6100 E MSP-LOG-SDK-: 	at com.heytap.nearx.tangramconfig.kit.client.d.run(Unknown Source:8)
05-01 00:36:53.255  5416  6100 E MSP-LOG-SDK-: 	at java.util.concurrent.ThreadPoolExecutor.runWorker(ThreadPoolExecutor.java:1156)
05-01 00:36:53.255  5416  6100 E MSP-LOG-SDK-: 	at java.util.concurrent.ThreadPoolExecutor$Worker.run(ThreadPoolExecutor.java:651)
05-01 00:36:53.255  5416  6100 E MSP-LOG-SDK-: 	at java.lang.Thread.run(Thread.java:1119)
05-01 00:36:53.255  5416  6102 I MSP-LOG-SDK-MspSdk: Sdk has initialized! version:2.0.1.14
05-01 00:36:53.256  5416  6073 I MSP-LOG-SDK-MspSdk: Sdk has initialized! version:2.0.1.14
05-01 00:36:53.256  1625  1625 D BrightUpBaseImpl: drawMesh power on aIndex=17, brightness=0.895997, cost=8ms
05-01 00:36:53.257  1625  1723 D BrightUpEffectExtImpl:  makeShader::set screenBrightness 0.895997
05-01 00:36:53.257  1625  1723 D BrightUpEffectExtImpl:  makeShader::set screenBrightness 0.895997
05-01 00:36:53.257  1625  1723 D BrightUpEffectExtImpl:  makeShader::set screenBrightness 0.895997
05-01 00:36:53.257  1625  1723 D BrightUpEffectExtImpl:  makeShader::set screenBrightness 0.895997
05-01 00:36:53.258  5416  6073 E MSP-LOG-SDK-RateLimitManager: not_allow_invoke because of time_window_not_allow queue = [1777554628986], config = RateLimitConfig{maxCalls=1, timeWindowSeconds=21600, callIntervalSeconds=0}, ipcInvokeTimeQueueMapKey = com.heytap.nearx.tangramconfig.kit.client.ICloudCtrlServiceModule?@?Push-Overseas?@?1?@?com.heytap.mcs, has already call 1 times in 21600 seconds before
05-01 00:36:53.258  5416  6102 E MSP-LOG-SDK-RateLimitManager: not_allow_invoke because of time_window_not_allow queue = [1777572054717], config = RateLimitConfig{maxCalls=1, timeWindowSeconds=7200, callIntervalSeconds=0}, ipcInvokeTimeQueueMapKey = com.heytap.nearx.tangramconfig.kit.client.ICloudCtrlServiceModule?@?Push-Overseas?@?4?@?com.heytap.mcs, has already call 1 times in 7200 seconds before
05-01 00:36:53.259 11158 11189 I MMKV    : <MMKV_IO.cpp:456::writeActualSize> [mmkv.default] increase sequence to 17422, crc 491253897, actualSize 505
05-01 00:36:53.259  5416  6102 E MSP-LOG-SDK-: MspSdkException{code=3014,message=com.heytap.mspsdk.ratelimit.MspRateLimitExceededException: ipc rate limit exceeded in time window}
05-01 00:36:53.259  5416  6102 E MSP-LOG-SDK-: 	at com.heytap.mspsdk.ratelimit.d.a(SourceFile:5)
05-01 00:36:53.259  5416  6102 E MSP-LOG-SDK-: 	at com.heytap.mspsdk.interceptor.c.proceed(SourceFile:5)
05-01 00:36:53.259  5416  6102 E MSP-LOG-SDK-: 	at com.heytap.mspsdk.proxy.c.a(SourceFile:7)
05-01 00:36:53.259  5416  6102 E MSP-LOG-SDK-: 	at com.heytap.mspsdk.interceptor.c.proceed(SourceFile:5)
05-01 00:36:53.259  5416  6102 E MSP-LOG-SDK-: 	at com.heytap.mspsdk.proxy.g.invoke(SourceFile:22)
05-01 00:36:53.259  5416  6102 E MSP-LOG-SDK-: 	at java.lang.reflect.Proxy.invoke(Proxy.java:1006)
05-01 00:36:53.259  5416  6102 E MSP-LOG-SDK-: 	at $Proxy4.checkUpdateConfig(Unknown Source)
05-01 00:36:53.259  5416  6102 E MSP-LOG-SDK-: 	at com.heytap.nearx.tangramconfig.kit.client.KitProxy.checkUpdateConfig$lambda$3(SourceFile:3)
05-01 00:36:53.259  5416  6102 E MSP-LOG-SDK-: 	at com.heytap.nearx.tangramconfig.kit.client.KitProxy.c(Unknown Source:0)
05-01 00:36:53.259  5416  6102 E MSP-LOG-SDK-: 	at com.heytap.nearx.tangramconfig.kit.client.c.run(Unknown Source:8)
05-01 00:36:53.259  5416  6102 E MSP-LOG-SDK-: 	at java.util.concurrent.ThreadPoolExecutor.runWorker(ThreadPoolExecutor.java:1156)
05-01 00:36:53.259  5416  6102 E MSP-LOG-SDK-: 	at java.util.concurrent.ThreadPoolExecutor$Worker.run(ThreadPoolExecutor.java:651)
05-01 00:36:53.259  5416  6102 E MSP-LOG-SDK-: 	at java.lang.Thread.run(Thread.java:1119)
05-01 00:36:53.261  5416  6073 E MSP-LOG-SDK-: MspSdkException{code=3014,message=com.heytap.mspsdk.ratelimit.MspRateLimitExceededException: ipc rate limit exceeded in time window}
05-01 00:36:53.261  5416  6073 E MSP-LOG-SDK-: 	at com.heytap.mspsdk.ratelimit.d.a(SourceFile:5)
05-01 00:36:53.261  5416  6073 E MSP-LOG-SDK-: 	at com.heytap.mspsdk.interceptor.c.proceed(SourceFile:5)
05-01 00:36:53.261  5416  6073 E MSP-LOG-SDK-: 	at com.heytap.mspsdk.proxy.c.a(SourceFile:7)
05-01 00:36:53.261  5416  6073 E MSP-LOG-SDK-: 	at com.heytap.mspsdk.interceptor.c.proceed(SourceFile:5)
05-01 00:36:53.261  5416  6073 E MSP-LOG-SDK-: 	at com.heytap.mspsdk.proxy.g.invoke(SourceFile:22)
05-01 00:36:53.261  5416  6073 E MSP-LOG-SDK-: 	at java.lang.reflect.Proxy.invoke(Proxy.java:1006)
05-01 00:36:53.261  5416  6073 E MSP-LOG-SDK-: 	at $Proxy4.getDynamicCondition(Unknown Source)
05-01 00:36:53.261  5416  6073 E MSP-LOG-SDK-: 	at com.heytap.nearx.tangramconfig.kit.client.KitProxy.getDynamicCondition$lambda$0(SourceFile:3)
05-01 00:36:53.261  5416  6073 E MSP-LOG-SDK-: 	at com.heytap.nearx.tangramconfig.kit.client.KitProxy.b(Unknown Source:0)
05-01 00:36:53.261  5416  6073 E MSP-LOG-SDK-: 	at com.heytap.nearx.tangramconfig.kit.client.b.run(Unknown Source:8)
05-01 00:36:53.261  5416  6073 E MSP-LOG-SDK-: 	at java.util.concurrent.ThreadPoolExecutor.runWorker(ThreadPoolExecutor.java:1156)
05-01 00:36:53.261  5416  6073 E MSP-LOG-SDK-: 	at java.util.concurrent.ThreadPoolExecutor$Worker.run(ThreadPoolExecutor.java:651)
05-01 00:36:53.261  5416  6073 E MSP-LOG-SDK-: 	at java.lang.Thread.run(Thread.java:1119)
05-01 00:36:53.263  2657  6799 I OplusHansManager : unfreeze uid: 10296 com.samsung.wearable.fit3plugin pids: [11513] reason: Broadcast scene: LcdOn
05-01 00:36:53.265  1625  1625 D BrightUpBaseImpl: drawMesh power on aIndex=17, brightness=0.895997, cost=9ms
05-01 00:36:53.265  1625  1723 D BrightUpEffectExtImpl:  makeShader::set screenBrightness 0.895997
05-01 00:36:53.265  1625  1723 D BrightUpEffectExtImpl:  makeShader::set screenBrightness 0.895997
05-01 00:36:53.265  1625  1723 D BrightUpEffectExtImpl:  makeShader::set screenBrightness 0.895997
05-01 00:36:53.266  1625  1723 D BrightUpEffectExtImpl:  makeShader::set screenBrightness 0.895997
05-01 00:36:53.266  2657  4088 I OplusHansManager : uid=10296, pkg=com.samsung.wearable.fit3plugin, transition from F to Middle, reason=Broadcast
05-01 00:36:53.266  2657  4088 I OplusHansManager : uid=10296, pkg=com.samsung.wearable.fit3plugin F exit(), F stay=9, reason=Broadcast
05-01 00:36:53.271 11513 11513 I GW_NOTI-Provider-Fit3: EventHandlerNew.onReceive - event received
05-01 00:36:53.273 11513 11513 I GW_NOTI-Provider-Fit3: EventHandlerNew.onReceive - execution completed
05-01 00:36:53.273 11513 11942 I GW_NOTI-Provider-Fit3: EventHandlerNew.handleEvent - action: android.intent.action.SCREEN_ON
05-01 00:36:53.273  1625  1625 D BrightUpBaseImpl: drawMesh power on aIndex=18, brightness=0.910888, cost=8ms
05-01 00:36:53.274  1625  1723 D BrightUpEffectExtImpl:  makeShader::set screenBrightness 0.910888
05-01 00:36:53.274  1625  1723 D BrightUpEffectExtImpl:  makeShader::set screenBrightness 0.910888
05-01 00:36:53.274  1625  1723 D BrightUpEffectExtImpl:  makeShader::set screenBrightness 0.910888
05-01 00:36:53.274  1625  1723 D BrightUpEffectExtImpl:  makeShader::set screenBrightness 0.910888
05-01 00:36:53.275 11513 11942 I GW_NOTI-Provider-Fit3: NormalEventHandlerNew.processScreenOn - Called
05-01 00:36:53.275 11513 11942 I HMApplication: getWearableConnectionMgr() - sWConnectionMgr: com.samsung.wearable.hostmanager.connection.WearableConnectionManager@c9b9b4a
05-01 00:36:53.275 11513 11942 I WearableConnectionManager: getConnectedBTAddress() :##:##:##:##:F6:66
05-01 00:36:53.275 11513 11942 I GW_NOTI-HM_Fit3: CommonUtil.getDeviceId deviceId: ##:##:##:##:F6:66
05-01 00:36:53.275 11513 11942 I GW_NOTI-Provider-Fit3: NotificationSettingsManager.getAllNotificationSettingsValue
05-01 00:36:53.276 11513 11942 I GW_NOTI-Provider-Fit3: NotificationSettingsManager.updatePhoneAlertMuteState - update reason: PHONE_SCREEN_ON, is mute settings enabled on phone: false
05-01 00:36:53.276 11513 11942 I GW_NOTI-Provider-Fit3: NotificationSettingsManager.requestListenerHints - hint: 0
05-01 00:36:53.276 11513 11942 I GW_NOTI-Provider-Fit3: NotiSettingsUtil.isNonSamsungPhoneOrBelowSOS - nonSamsung device, returning true
05-01 00:36:53.276 11513 11942 I GW_NOTI-Provider-Fit3: NotificationSettingsManager.handleMutePolicyForNonSamsungOrBelowSOS - hint: 0
05-01 00:36:53.277 11513 11942 I GW_NOTI-Provider-Fit3: NotificationSettingsSharedPrefHelper.setCurrentNotiHintState - value: 0
05-01 00:36:53.278 11513 11942 I GW_NOTI-Provider-Fit3: NotificationSettingsManager.saveCurrentHintStateValue - value: 0, isSaved: true
05-01 00:36:53.281  1625  1625 D BrightUpBaseImpl: drawMesh power on aIndex=18, brightness=0.910888, cost=8ms
05-01 00:36:53.282  1625  1723 D BrightUpEffectExtImpl:  makeShader::set screenBrightness 0.910888
05-01 00:36:53.282  1625  1723 D BrightUpEffectExtImpl:  makeShader::set screenBrightness 0.910888
05-01 00:36:53.282  1625  1723 D BrightUpEffectExtImpl:  makeShader::set screenBrightness 0.910888
05-01 00:36:53.282  1625  1723 D BrightUpEffectExtImpl:  makeShader::set screenBrightness 0.910888
05-01 00:36:53.290  1625  1625 D BrightUpBaseImpl: drawMesh power on aIndex=19, brightness=0.924808, cost=9ms
05-01 00:36:53.290  1625  1723 D BrightUpEffectExtImpl:  makeShader::set screenBrightness 0.924808
05-01 00:36:53.291  1625  1723 D BrightUpEffectExtImpl:  makeShader::set screenBrightness 0.924808
05-01 00:36:53.291  1625  1723 D BrightUpEffectExtImpl:  makeShader::set screenBrightness 0.924808
05-01 00:36:53.291  1625  1723 D BrightUpEffectExtImpl:  makeShader::set screenBrightness 0.924808
05-01 00:36:53.298  1625  1625 D BrightUpBaseImpl: drawMesh power on aIndex=19, brightness=0.924808, cost=8ms
05-01 00:36:53.298  1625  1723 D BrightUpEffectExtImpl:  makeShader::set screenBrightness 0.924808
05-01 00:36:53.299  1625  1723 D BrightUpEffectExtImpl:  makeShader::set screenBrightness 0.924808
05-01 00:36:53.299  1625  1723 D BrightUpEffectExtImpl:  makeShader::set screenBrightness 0.924808
05-01 00:36:53.299  1625  1723 D BrightUpEffectExtImpl:  makeShader::set screenBrightness 0.924808
05-01 00:36:53.306  1625  1625 D BrightUpBaseImpl: drawMesh power on aIndex=20, brightness=0.936154, cost=8ms
05-01 00:36:53.307  1625  1723 D BrightUpEffectExtImpl:  makeShader::set screenBrightness 0.936154
05-01 00:36:53.307  1625  1723 D BrightUpEffectExtImpl:  makeShader::set screenBrightness 0.936154
05-01 00:36:53.307  1625  1723 D BrightUpEffectExtImpl:  makeShader::set screenBrightness 0.936154
05-01 00:36:53.307  1625  1723 D BrightUpEffectExtImpl:  makeShader::set screenBrightness 0.936154
05-01 00:36:53.315  1625  1625 D BrightUpBaseImpl: drawMesh power on aIndex=20, brightness=0.936154, cost=9ms
05-01 00:36:53.315  1625  1723 D BrightUpEffectExtImpl:  makeShader::set screenBrightness 0.936154
05-01 00:36:53.315  1625  1723 D BrightUpEffectExtImpl:  makeShader::set screenBrightness 0.936154
05-01 00:36:53.315  1625  1723 D BrightUpEffectExtImpl:  makeShader::set screenBrightness 0.936154
05-01 00:36:53.315  1625  1723 D BrightUpEffectExtImpl:  makeShader::set screenBrightness 0.936154
05-01 00:36:53.317  4077  4704 D QtiRadiohidlIndication: onNrIconTypeChange: slotId = 1NrIconType = 0
05-01 00:36:53.317  4077  4704 D QtiRadioProxy: onNrIconType slotId = 1 NrIconType = NrIconType: 0
05-01 00:36:53.318  4077  4707 D QtiRadioProxyHandler: : handleMessage msg.what = 1
05-01 00:36:53.318  4077  4707 D QtiRadioProxyHandler: : EVENT_ON_NR_ICON_TYPE
05-01 00:36:53.318  4077  4707 D QtiRadioProxy: onNrIconType: Responding back for transaction = null
05-01 00:36:53.318  4314  4725 D NrNetworkService: onNrIconType: slotId = 1 token = Token: -1  status Status: 1 NrIconType = 0
05-01 00:36:53.318  4077  4707 D QtiRadioProxy: onNrIconType: Responding back for transaction = null
05-01 00:36:53.318  4232  6525 D ExtPhoneCallbackBase: UNIMPLEMENTED: onNrIconType: slotId = 1 token = Token: -1 status = Status: 1 NrIconType = NrIconType: 0
05-01 00:36:53.318  4077  4707 D QtiRadioProxy: onNrIconType: Responding back for transaction = null
05-01 00:36:53.318  4232  6525 D ExtPhoneCallbackBase: UNIMPLEMENTED: onNrIconType: slotId = 1 token = Token: -1 status = Status: 1 NrIconType = NrIconType: 0
05-01 00:36:53.318  4077  4707 D QtiRadioProxy: onNrIconType: Responding back for transaction = null
05-01 00:36:53.318  4232  6525 D ExtPhoneCallbackBase: UNIMPLEMENTED: onNrIconType: slotId = 1 token = Token: -1 status = Status: 1 NrIconType = NrIconType: 0
05-01 00:36:53.319  4077  4707 D QtiRadioProxy: onNrIconType: Responding back for transaction = null
05-01 00:36:53.319  4232  6525 D ExtPhoneCallbackBase: UNIMPLEMENTED: onNrIconType: slotId = 1 token = Token: -1 status = Status: 1 NrIconType = NrIconType: 0
05-01 00:36:53.319  4077  4707 D QtiRadioProxy: onNrIconType: Responding back for transaction = null
05-01 00:36:53.319  4232  6525 D ExtPhoneCallbackBase: UNIMPLEMENTED: onNrIconType: slotId = 1 token = Token: -1 status = Status: 1 NrIconType = NrIconType: 0
05-01 00:36:53.319  4077  4707 D QtiRadioProxy: onNrIconType: Responding back for transaction = null
05-01 00:36:53.319  4232  6525 D ExtPhoneCallbackBase: UNIMPLEMENTED: onNrIconType: slotId = 1 token = Token: -1 status = Status: 1 NrIconType = NrIconType: 0
05-01 00:36:53.319  4077  4707 D QtiRadioProxy: onNrIconType: Responding back for transaction = null
05-01 00:36:53.323  1625  1625 D BrightUpBaseImpl: drawMesh power on aIndex=21, brightness=0.948121, cost=8ms
05-01 00:36:53.323  1625  1723 D BrightUpEffectExtImpl:  makeShader::set screenBrightness 0.948121
05-01 00:36:53.323  1625  1723 D BrightUpEffectExtImpl:  makeShader::set screenBrightness 0.948121
05-01 00:36:53.323  1625  1723 D BrightUpEffectExtImpl:  makeShader::set screenBrightness 0.948121
05-01 00:36:53.324  1625  1723 D BrightUpEffectExtImpl:  makeShader::set screenBrightness 0.948121
05-01 00:36:53.331  1625  1625 D BrightUpBaseImpl: drawMesh power on aIndex=21, brightness=0.948121, cost=8ms
05-01 00:36:53.332  1625  1723 D BrightUpEffectExtImpl:  makeShader::set screenBrightness 0.948121
05-01 00:36:53.332  1625  1723 D BrightUpEffectExtImpl:  makeShader::set screenBrightness 0.948121
05-01 00:36:53.332  1625  1723 D BrightUpEffectExtImpl:  makeShader::set screenBrightness 0.948121
05-01 00:36:53.332  1625  1723 D BrightUpEffectExtImpl:  makeShader::set screenBrightness 0.948121
05-01 00:36:53.336  4232  4232 D OplusNecManager: broadcastServiceStateChanged slotId:0oos:false
05-01 00:36:53.340  1625  1625 D BrightUpBaseImpl: drawMesh power on aIndex=22, brightness=0.956370, cost=9ms
05-01 00:36:53.340  1625  1723 D BrightUpEffectExtImpl:  makeShader::set screenBrightness 0.956370
05-01 00:36:53.340  1625  1723 D BrightUpEffectExtImpl:  makeShader::set screenBrightness 0.956370
05-01 00:36:53.340  1625  1723 D BrightUpEffectExtImpl:  makeShader::set screenBrightness 0.956370
05-01 00:36:53.340  1625  1723 D BrightUpEffectExtImpl:  makeShader::set screenBrightness 0.956370
05-01 00:36:53.345  4232  4232 D OplusNecManager: broadcastServiceStateChanged slotId:1oos:false
05-01 00:36:53.348  1625  1625 D BrightUpBaseImpl: drawMesh power on aIndex=22, brightness=0.956370, cost=8ms
05-01 00:36:53.349  1625  1723 D BrightUpEffectExtImpl:  makeShader::set screenBrightness 0.956370
05-01 00:36:53.349  1625  1723 D BrightUpEffectExtImpl:  makeShader::set screenBrightness 0.956370
05-01 00:36:53.349  1625  1723 D BrightUpEffectExtImpl:  makeShader::set screenBrightness 0.956370
05-01 00:36:53.349  1625  1723 D BrightUpEffectExtImpl:  makeShader::set screenBrightness 0.956370
05-01 00:36:53.356  1625  1625 D BrightUpBaseImpl: drawMesh power on aIndex=23, brightness=0.965175, cost=8ms
05-01 00:36:53.357  1625  1723 D BrightUpEffectExtImpl:  makeShader::set screenBrightness 0.965175
05-01 00:36:53.357  1625  1723 D BrightUpEffectExtImpl:  makeShader::set screenBrightness 0.965175
05-01 00:36:53.357  1625  1723 D BrightUpEffectExtImpl:  makeShader::set screenBrightness 0.965175
05-01 00:36:53.357  1625  1723 D BrightUpEffectExtImpl:  makeShader::set screenBrightness 0.965175
05-01 00:36:53.359  4040  4967 W IWlanNetworkService: 12144 > Response Processed
05-01 00:36:53.359  4040  4967 W IWlanNetworkService: 12145 > Response Processed
05-01 00:36:53.365  1625  1625 D BrightUpBaseImpl: drawMesh power on aIndex=23, brightness=0.965175, cost=9ms
05-01 00:36:53.365  1625  1723 D BrightUpEffectExtImpl:  makeShader::set screenBrightness 0.965175
05-01 00:36:53.365  1625  1723 D BrightUpEffectExtImpl:  makeShader::set screenBrightness 0.965175
05-01 00:36:53.365  1625  1723 D BrightUpEffectExtImpl:  makeShader::set screenBrightness 0.965175
05-01 00:36:53.365  1625  1723 D BrightUpEffectExtImpl:  makeShader::set screenBrightness 0.965175
05-01 00:36:53.365  4077  4704 D QtiRadiohidlIndication: onNrIconTypeChange: slotId = 0NrIconType = 0
05-01 00:36:53.365  4077  4704 D QtiRadioProxy: onNrIconType slotId = 0 NrIconType = NrIconType: 0
05-01 00:36:53.366  4077  4707 D QtiRadioProxyHandler: : handleMessage msg.what = 1
05-01 00:36:53.366  4077  4707 D QtiRadioProxyHandler: : EVENT_ON_NR_ICON_TYPE
05-01 00:36:53.366  4077  4707 D QtiRadioProxy: onNrIconType: Responding back for transaction = null
05-01 00:36:53.366  4314  4725 D NrNetworkService: onNrIconType: slotId = 0 token = Token: -1  status Status: 1 NrIconType = 0
05-01 00:36:53.366  4077  4707 D QtiRadioProxy: onNrIconType: Responding back for transaction = null
05-01 00:36:53.367  4232 16045 D ExtPhoneCallbackBase: UNIMPLEMENTED: onNrIconType: slotId = 0 token = Token: -1 status = Status: 1 NrIconType = NrIconType: 0
05-01 00:36:53.367  4077  4707 D QtiRadioProxy: onNrIconType: Responding back for transaction = null
05-01 00:36:53.368  4232 16045 D ExtPhoneCallbackBase: UNIMPLEMENTED: onNrIconType: slotId = 0 token = Token: -1 status = Status: 1 NrIconType = NrIconType: 0
05-01 00:36:53.368  4077  4707 D QtiRadioProxy: onNrIconType: Responding back for transaction = null
05-01 00:36:53.368  4040  4967 W IWlanNetworkService: 12143 > Response Processed
05-01 00:36:53.368  4232 16045 D ExtPhoneCallbackBase: UNIMPLEMENTED: onNrIconType: slotId = 0 token = Token: -1 status = Status: 1 NrIconType = NrIconType: 0
05-01 00:36:53.369  4077  4707 D QtiRadioProxy: onNrIconType: Responding back for transaction = null
05-01 00:36:53.369  4232 16045 D ExtPhoneCallbackBase: UNIMPLEMENTED: onNrIconType: slotId = 0 token = Token: -1 status = Status: 1 NrIconType = NrIconType: 0
05-01 00:36:53.369  4077  4707 D QtiRadioProxy: onNrIconType: Responding back for transaction = null
05-01 00:36:53.369  4232 16045 D ExtPhoneCallbackBase: UNIMPLEMENTED: onNrIconType: slotId = 0 token = Token: -1 status = Status: 1 NrIconType = NrIconType: 0
05-01 00:36:53.370  4077  4707 D QtiRadioProxy: onNrIconType: Responding back for transaction = null
05-01 00:36:53.370  4232 16045 D ExtPhoneCallbackBase: UNIMPLEMENTED: onNrIconType: slotId = 0 token = Token: -1 status = Status: 1 NrIconType = NrIconType: 0
05-01 00:36:53.370  4077  4707 D QtiRadioProxy: onNrIconType: Responding back for transaction = null
05-01 00:36:53.371  1369 32149 E sensors-hal: handle_sns_std_sensor_event:254, ambient_light: lux 1, ts=201411013637609
05-01 00:36:53.373  1625  1625 D BrightUpBaseImpl: drawMesh power on aIndex=24, brightness=0.971998, cost=8ms
05-01 00:36:53.373  1625  1723 D BrightUpEffectExtImpl:  makeShader::set screenBrightness 0.971998
05-01 00:36:53.373  1625  1723 D BrightUpEffectExtImpl:  makeShader::set screenBrightness 0.971998
05-01 00:36:53.373  1625  1723 D BrightUpEffectExtImpl:  makeShader::set screenBrightness 0.971998
05-01 00:36:53.373  1625  1723 D BrightUpEffectExtImpl:  makeShader::set screenBrightness 0.971998
05-01 00:36:53.381  1625  1625 D BrightUpBaseImpl: drawMesh power on aIndex=24, brightness=0.971998, cost=8ms
05-01 00:36:53.382  1625  1723 D BrightUpEffectExtImpl:  makeShader::set screenBrightness 0.971998
05-01 00:36:53.382  1625  1723 D BrightUpEffectExtImpl:  makeShader::set screenBrightness 0.971998
05-01 00:36:53.382  1625  1723 D BrightUpEffectExtImpl:  makeShader::set screenBrightness 0.971998
05-01 00:36:53.382  1625  1723 D BrightUpEffectExtImpl:  makeShader::set screenBrightness 0.971998
05-01 00:36:53.390  1625  1625 D BrightUpBaseImpl: drawMesh power on aIndex=25, brightness=0.979082, cost=9ms
05-01 00:36:53.390  1625  1723 D BrightUpEffectExtImpl:  makeShader::set screenBrightness 0.979082
05-01 00:36:53.390  1625  1723 D BrightUpEffectExtImpl:  makeShader::set screenBrightness 0.979082
05-01 00:36:53.390  1625  1723 D BrightUpEffectExtImpl:  makeShader::set screenBrightness 0.979082
05-01 00:36:53.390  1625  1723 D BrightUpEffectExtImpl:  makeShader::set screenBrightness 0.979082
05-01 00:36:53.393  5263 29192 D metis_v2_ScreenDataCollector: getScreenLockStateSnapshot state: true
05-01 00:36:53.393  5263 29192 D metis_v2_ScreenDataCollector: ScreenInteractiveFenceCallback isScreenOn: true, isLocked: true
05-01 00:36:53.393  5263 29192 D metis_v2_FactStoreImpl: storeScreenStateFact, isScreenLocked: true, isScreenOn: true
05-01 00:36:53.395  5263 29192 W metis_v2_JenaAdapter: updateDataTypeObject: Invalid params
05-01 00:36:53.395  5263 29192 D metis_v2_JenaAdapter: removeCache value:http://com.oplus.pantanal/metis/core-ontology#da954f66-db00-44a8-847e-82e2754dcd6d
05-01 00:36:53.398  4232  4232 D OplusNecManager: broadcastServiceStateChanged slotId:0oos:false
05-01 00:36:53.398  1625  1625 D BrightUpBaseImpl: drawMesh power on aIndex=25, brightness=0.979082, cost=8ms
05-01 00:36:53.398  1625  1723 D BrightUpEffectExtImpl:  makeShader::set screenBrightness 0.979082
05-01 00:36:53.398  1625  1723 D BrightUpEffectExtImpl:  makeShader::set screenBrightness 0.979082
05-01 00:36:53.399  1625  1723 D BrightUpEffectExtImpl:  makeShader::set screenBrightness 0.979082
05-01 00:36:53.399  1625  1723 D BrightUpEffectExtImpl:  makeShader::set screenBrightness 0.979082
05-01 00:36:53.401  5263 29192 W metis_v2_JenaAdapter: updateDataTypeObject: Invalid params
05-01 00:36:53.401  5263 29192 D metis_v2_JenaAdapter: removeCache value:http://com.oplus.pantanal/metis/core-ontology#82c49db2-46b2-4122-b450-265823fd8cf6
05-01 00:36:53.401  5263 29192 D DataCollector_ONetAdapter: getConnectedDevice
05-01 00:36:53.402  5263 29192 D ONet:case: (ONetAdapter.kt:37)get Cached Devices
05-01 00:36:53.402  5285 31778 D ONet:CoreManager: (IONetService.java:171)getCachedDevicesWithBundle:
05-01 00:36:53.402  5285 31778 D ONet:CoreManager: (IONetService.java:171)getCachedDevicesWithBundle:accountLevel=1, onlineState=1
05-01 00:36:53.402  5285 31778 D ONet:DeviceManager: (ONetDeviceManager.java:1)getOnlineAndOfflineListByCurrentState() filtered state=[2]
05-01 00:36:53.402  5285 31778 D ONet:DeviceManager: (ONetCoreManager.java:47)getOnlineDeviceList: =[]
05-01 00:36:53.402  5285 31778 D ONet:DeviceManager: (IONetService.java:171)getOnlineDevicesByAccountCondition:online devices are null.
05-01 00:36:53.402  5263 29192 D DataCollector_ONetAdapter: getConnectedDevice oNetDeviceList null
05-01 00:36:53.407  1625  1625 D BrightUpBaseImpl: drawMesh power on aIndex=26, brightness=0.984380, cost=9ms
05-01 00:36:53.407  1625  1723 D BrightUpEffectExtImpl:  makeShader::set screenBrightness 0.984380
05-01 00:36:53.407  1625  1723 D BrightUpEffectExtImpl:  makeShader::set screenBrightness 0.984380
05-01 00:36:53.407  1625  1723 D BrightUpEffectExtImpl:  makeShader::set screenBrightness 0.984380
05-01 00:36:53.407  1625  1723 D BrightUpEffectExtImpl:  makeShader::set screenBrightness 0.984380
05-01 00:36:53.410  4040  4967 W IWlanNetworkService: 12146 > Response Processed
05-01 00:36:53.414  4232  4232 D OplusNecManager: broadcastServiceStateChanged slotId:1oos:false
05-01 00:36:53.415  1625  1625 D BrightUpBaseImpl: drawMesh power on aIndex=26, brightness=0.984380, cost=8ms
05-01 00:36:53.415  1625  1723 D BrightUpEffectExtImpl:  makeShader::set screenBrightness 0.984380
05-01 00:36:53.415  1625  1723 D BrightUpEffectExtImpl:  makeShader::set screenBrightness 0.984380
05-01 00:36:53.415  1625  1723 D BrightUpEffectExtImpl:  makeShader::set screenBrightness 0.984380
05-01 00:36:53.415  1625  1723 D BrightUpEffectExtImpl:  makeShader::set screenBrightness 0.984380
05-01 00:36:53.423  1625  1625 D BrightUpBaseImpl: drawMesh power on aIndex=27, brightness=0.988235, cost=8ms
05-01 00:36:53.423  1625  1723 D BrightUpEffectExtImpl:  makeShader::set screenBrightness 0.988235
05-01 00:36:53.423  1625  1723 D BrightUpEffectExtImpl:  makeShader::set screenBrightness 0.988235
05-01 00:36:53.423  1625  1723 D BrightUpEffectExtImpl:  makeShader::set screenBrightness 0.988235
05-01 00:36:53.423  1625  1723 D BrightUpEffectExtImpl:  makeShader::set screenBrightness 0.988235
05-01 00:36:53.431  1625  1625 D BrightUpBaseImpl: drawMesh power on aIndex=27, brightness=0.988235, cost=8ms
05-01 00:36:53.431  1625  1723 D BrightUpEffectExtImpl:  makeShader::set screenBrightness 0.988235
05-01 00:36:53.431  1625  1723 D BrightUpEffectExtImpl:  makeShader::set screenBrightness 0.988235
05-01 00:36:53.432  1625  1723 D BrightUpEffectExtImpl:  makeShader::set screenBrightness 0.988235
05-01 00:36:53.432  1625  1723 D BrightUpEffectExtImpl:  makeShader::set screenBrightness 0.988235
05-01 00:36:53.440  1625  1625 D BrightUpBaseImpl: drawMesh power on aIndex=28, brightness=0.992168, cost=9ms
05-01 00:36:53.440  1625  1723 D BrightUpEffectExtImpl:  makeShader::set screenBrightness 0.992168
05-01 00:36:53.440  1625  1723 D BrightUpEffectExtImpl:  makeShader::set screenBrightness 0.992168
05-01 00:36:53.441  1625  1723 D BrightUpEffectExtImpl:  makeShader::set screenBrightness 0.992168
05-01 00:36:53.441  1625  1723 D BrightUpEffectExtImpl:  makeShader::set screenBrightness 0.992168
05-01 00:36:53.448  1625  1625 D BrightUpBaseImpl: drawMesh power on aIndex=28, brightness=0.992168, cost=8ms
05-01 00:36:53.448  1625  1723 D BrightUpEffectExtImpl:  makeShader::set screenBrightness 0.992168
05-01 00:36:53.448  1625  1723 D BrightUpEffectExtImpl:  makeShader::set screenBrightness 0.992168
05-01 00:36:53.448  1625  1723 D BrightUpEffectExtImpl:  makeShader::set screenBrightness 0.992168
05-01 00:36:53.449  1625  1723 D BrightUpEffectExtImpl:  makeShader::set screenBrightness 0.992168
05-01 00:36:53.453  4232  4232 D OplusNecManager: broadcastServiceStateChanged slotId:0oos:false
05-01 00:36:53.456  1625  1625 D BrightUpBaseImpl: drawMesh power on aIndex=29, brightness=0.995327, cost=8ms
05-01 00:36:53.457  1625  1723 D BrightUpEffectExtImpl:  makeShader::set screenBrightness 0.995327
05-01 00:36:53.457  1625  1723 D BrightUpEffectExtImpl:  makeShader::set screenBrightness 0.995327
05-01 00:36:53.457  1625  1723 D BrightUpEffectExtImpl:  makeShader::set screenBrightness 0.995327
05-01 00:36:53.457  1625  1723 D BrightUpEffectExtImpl:  makeShader::set screenBrightness 0.995327
05-01 00:36:53.464  1625  1625 D BrightUpBaseImpl: drawMesh power on aIndex=29, brightness=0.995327, cost=8ms
05-01 00:36:53.465  1625  1723 D BrightUpEffectExtImpl:  makeShader::set screenBrightness 0.995327
05-01 00:36:53.465  1625  1723 D BrightUpEffectExtImpl:  makeShader::set screenBrightness 0.995327
05-01 00:36:53.465  1625  1723 D BrightUpEffectExtImpl:  makeShader::set screenBrightness 0.995327
05-01 00:36:53.465  1625  1723 D BrightUpEffectExtImpl:  makeShader::set screenBrightness 0.995327
05-01 00:36:53.465  3653  4292 D VRI[OnScreenFingerprintIcon]: handleWindowFocusChanged mWindowFocusChanged false mUpcomingWindowFocus false mAdded true
05-01 00:36:53.466  3653  3653 D VRI[NotificationShade]: handleWindowFocusChanged mWindowFocusChanged false mUpcomingWindowFocus true mAdded true
05-01 00:36:53.466  2657  3461 D OGG_Detector: D:done mCurrStatus: 0
05-01 00:36:53.466  3653  3653 W NotificationShadeWindowViewController: ignore event. isInFingerViewArea
05-01 00:36:53.466  2657  2683 D TheiaRestorer: reportPointerEvent: MotionEvent { action=ACTION_DOWN, actionButton=0, id[0]=0, x[0]=528.625, y[0]=2154.875, toolType[0]=TOOL_TYPE_FINGER, buttonState=0, classification=NONE, metaState=0, flags=0x0, edgeFlags=0x0, pointerCount=1, historySize=0, eventTime=118017747, downTime=118017747, deviceId=3, source=0x1002, displayId=0, eventId=847500975 }
05-01 00:36:53.464  2228  2311 D [ANC_HAL][NetlinkManager]: receive message: length:24
05-01 00:36:53.466  2228  2311 D [ANC_HAL][NetlinkManager]: tp info: area:87, x: 4224, y: 4229
05-01 00:36:53.466  2228  2311 I [ANC_HAL][NetlinkManager]: receive message from driver: touch down, 4
05-01 00:36:53.466  2228  2312 D android.hardware.biometrics.fingerprint@2.1-service: DoExternalWork, type:4, buffer:0x7c11fff960, buffer length:12
05-01 00:36:53.467  2228  2312 I android.hardware.biometrics.fingerprint@2.1-service: [setUxthread] pid 2228, tid 2312, enable :1
05-01 00:36:53.467  2228  2312 I android.hardware.biometrics.fingerprint@2.1-service: [fp_tee_bind_core] success
05-01 00:36:53.467  2228  2312 I android.hardware.biometrics.fingerprint@2.1-service: [setUxthread] writeUxState for tid=2312, fp_ux_state=130, result=0
05-01 00:36:53.467  2228  2312 D [ANC_HAL][FPManager]: authenticate, set thread UIfirst
05-01 00:36:53.467  2228  2312 D android.hardware.biometrics.fingerprint@2.1-service: DoExternalWork, type:2, buffer:0x7c11fff95c, buffer length:4
05-01 00:36:53.467  2228  2312 I android.hardware.biometrics.fingerprint@2.1-service: fingerprint try to acquire osense hal client !!!
05-01 00:36:53.470  2228  2312 E android.hardware.biometrics.fingerprint@2.1-service: scaling time : 2000
05-01 00:36:53.470  2228  2312 D [ANC_HAL][FPManager]: scaling time : 2000 ms
05-01 00:36:53.470  2228  2312 W [ANC_HAL][FPManager]: manager, on excute command id: 13
05-01 00:36:53.470  2228  2312 D android.hardware.biometrics.fingerprint@2.1-service: OnExcuteCommand, command_id:13, out:0x0, out length:0
05-01 00:36:53.470  2228  2312 D android.hardware.biometrics.fingerprint@2.1-service: onTouchDown
05-01 00:36:53.470  2228  2312 D [ANC_HAL][SensorManager]: current power mode:sleep, 2; set sensor power mode:wakeup scan, 10
05-01 00:36:53.470  2228  2312 D [ANC_TAC][Sensor]: TRANSMIT >>>> command id = 7 (SENSOR_SET_POWER_MODE), param = 10 (SENSOR_WAKEUP_SCAN)
05-01 00:36:53.470  2228  2312 W [ANC_TAC][CA]: anc ca lock transmit , AncCaTransmit
05-01 00:36:53.471  2657  3420 D Biometrics/Fingerprint21/Fingerprint21ServiceProviderExtImpl: dispatchTouchDown
05-01 00:36:53.471  2657  3420 D Biometrics/Fingerprint21/UdfpsHelperExtImpl: preShowUdfpsOverlay sensor:0 reason:8
05-01 00:36:53.473  2657  3420 D Biometrics/Fingerprint21/Fingerprint21ServiceProviderExtImpl: [handleOnPointerDown] dispatch to Auth
05-01 00:36:53.473  2657  3429 D OplusDisplayPanelFeature: setDisplayPanelFeatureValue +++, ID:28, value:1
05-01 00:36:53.473  2657  3420 D Biometrics/Fingerprint21/OplusFingerprintSupportUtil: getSupportSensorType mSensorType:optical
05-01 00:36:53.473  2657  3429 D OplusDisplayPanelFeature: getDisplayPanelFeatureValue +++, featureID:211
05-01 00:36:53.473  1625  1625 D BrightUpBaseImpl: drawMesh power on aIndex=30, brightness=0.997353, cost=9ms
05-01 00:36:53.474  1625  1723 D BrightUpEffectExtImpl:  makeShader::set screenBrightness 0.997353
05-01 00:36:53.474  1625  1723 D BrightUpEffectExtImpl:  makeShader::set screenBrightness 0.997353
05-01 00:36:53.474  1625  1723 D BrightUpEffectExtImpl:  makeShader::set screenBrightness 0.997353
05-01 00:36:53.474  2657  3429 D OplusDisplayPanelFeature: getDisplayPanelFeatureValue, ret = 0
05-01 00:36:53.474  2657  3429 I OplusDisplayPanelFeature: [4]
05-01 00:36:53.474  1625  1723 D BrightUpEffectExtImpl:  makeShader::set screenBrightness 0.997353
05-01 00:36:53.474  2657  3429 D OplusDisplayPanelFeature: getDisplayPanelFeatureValue ---, result = [4]
05-01 00:36:53.474  1479  1479 D DisplayPanel_Session: setDisplayPanelFeatureValue DP_FeatureId=28, display_id = 0
05-01 00:36:53.475  3653 11710 D UdfpsController: showUdfpsOverlay
05-01 00:36:53.475  3653  4292 V OnScreenFingerprintUiMech: showUdfpsOverlay reason=8
05-01 00:36:53.475  3653  4292 D FingerprintTipsController: displayKeyguardTips: state= -1
05-01 00:36:53.475  3653  4292 I OnScreenFingerprintUiMech: startPressedAnimation
05-01 00:36:53.476  2657  3419 D PowerManagerService: userActivityNoUpdateLocked: groupId=0, eventTime=118017759, event=2, flags=0x0, uid=1000
05-01 00:36:53.477  3653  3653 D KeyguardUpdateMonitor: onUdfpsPointerDown, sensorId: 0
05-01 00:36:53.480  3653  4292 D PanelView: onTouchDown()  mIsActionDownWhenFpThouch = true
05-01 00:36:53.481  3653  3653 D VRI[NotificationShade]: handleWindowFocusChanged mWindowFocusChanged false mUpcomingWindowFocus true mAdded true
05-01 00:36:53.482  3653  3653 I AutoHideController: checkUserAutoHide: callers=com.android.systemui.statusbar.phone.StatusBar.lambda$getStatusBarWindowTouchListener$14:2223 com.android.systemui.statusbar.phone.StatusBar.$r8$lambda$QF8QHao4WUovWksCkhwcATQ2dL4:0 com.android.systemui.statusbar.phone.StatusBar$$ExternalSyntheticLambda2.onTouch:2 android.view.View.dispatchTouchEvent:15109 android.view.ViewGroup.dispatchTransformedTouchEvent:3165 
05-01 00:36:53.482  3653  3653 I AutoHideController: checkUserAutoHide: shouldHide=false
05-01 00:36:53.482  3653  3653 I AutoHideController: checkUserAutoHide: shouldHide=false
05-01 00:36:53.487  2228  2311 D [ANC_HAL][NetlinkManager]: receive message: length:20
05-01 00:36:53.487  2228  2311 I [ANC_HAL][NetlinkManager]: receive message from driver: ui ready, 6
05-01 00:36:53.487  2228  2311 D [ANC_HAL][HbmManager]: HBM is Ready
05-01 00:36:53.488  2228  2312 W [ANC_TAC][CA]: anc ca unlock transmit , AncCaTransmit
05-01 00:36:53.488  2228  2312 D [ANC_TAC][Sensor]: TRANSMIT <<<< command id = 7 (SENSOR_SET_POWER_MODE), param = 10 (SENSOR_WAKEUP_SCAN), spent time = 19 ms, ret_val = 0 (success)
05-01 00:36:53.488  2228  2312 D [ANC_HAL][SensorManager]: sensor current power mode:wakeup scan, 10
05-01 00:36:53.488  2228  2312 D [ANC_HAL][FPManager]: is_screen_off = 0
05-01 00:36:53.490  1625  1625 D BrightUpBaseImpl: drawMesh power on aIndex=30, brightness=0.997353, cost=17ms
05-01 00:36:53.490  1625  1723 D BrightUpEffectExtImpl:  makeShader::set screenBrightness 0.997353
05-01 00:36:53.491  1625  1723 D BrightUpEffectExtImpl:  makeShader::set screenBrightness 0.997353
05-01 00:36:53.491  1625  1723 D BrightUpEffectExtImpl:  makeShader::set screenBrightness 0.997353
05-01 00:36:53.491  1625  1723 D BrightUpEffectExtImpl:  makeShader::set screenBrightness 0.997353
05-01 00:36:53.494  3653  3653 D VRI[NotificationShade]: handleWindowFocusChanged mWindowFocusChanged false mUpcomingWindowFocus true mAdded true
05-01 00:36:53.494  3653  3653 I AutoHideController: checkUserAutoHide: callers=com.android.systemui.statusbar.phone.StatusBar.lambda$getStatusBarWindowTouchListener$14:2223 com.android.systemui.statusbar.phone.StatusBar.$r8$lambda$QF8QHao4WUovWksCkhwcATQ2dL4:0 com.android.systemui.statusbar.phone.StatusBar$$ExternalSyntheticLambda2.onTouch:2 android.view.View.dispatchTouchEvent:15109 android.view.ViewGroup.dispatchTransformedTouchEvent:3165 
05-01 00:36:53.494  3653  3653 I AutoHideController: checkUserAutoHide: shouldHide=false
05-01 00:36:53.494  3653  3653 I AutoHideController: checkUserAutoHide: shouldHide=false
05-01 00:36:53.498  1625  1625 D BrightUpBaseImpl: drawMesh power on aIndex=32, brightness=0.999702, cost=8ms
05-01 00:36:53.498  1625  1723 D BrightUpEffectExtImpl:  makeShader::set screenBrightness 0.999702
05-01 00:36:53.498  1625  1723 D BrightUpEffectExtImpl:  makeShader::set screenBrightness 0.999702
05-01 00:36:53.498  1625  1723 D BrightUpEffectExtImpl:  makeShader::set screenBrightness 0.999702
05-01 00:36:53.498  1625  1723 D BrightUpEffectExtImpl:  makeShader::set screenBrightness 0.999702
05-01 00:36:53.505  2228  2312 D [ANC_HAL][HbmManager]: hbm event is coming
05-01 00:36:53.505  2228  2312 D [ANC_HAL][FPManager]: authenticate retry :0
05-01 00:36:53.506  2228  2312 D [ANC_TAC][Sensor]: TRANSMIT >>>> command id = 5 (SENSOR_CAPTURE_IMAGE)
05-01 00:36:53.506  2228  2312 W [ANC_TAC][CA]: anc ca lock transmit , AncCaTransmit
05-01 00:36:53.506  1625  1625 D BrightUpBaseImpl: drawMesh power on aIndex=32, brightness=0.999702, cost=8ms
05-01 00:36:53.507  1625  1723 D BrightUpEffectExtImpl:  makeShader::set screenBrightness 0.999702
05-01 00:36:53.507  1625  1723 D BrightUpEffectExtImpl:  makeShader::set screenBrightness 0.999702
05-01 00:36:53.507  1625  1723 D BrightUpEffectExtImpl:  makeShader::set screenBrightness 0.999702
05-01 00:36:53.507  1625  1723 D BrightUpEffectExtImpl:  makeShader::set screenBrightness 0.999702
05-01 00:36:53.507 16297 16312 D OplusAtlasService: getAttributeByAppName module:oplus-getStreamMaxVolume packageName:com.inkbattle.app
05-01 00:36:53.510 26620 32180 D AudioManagerExtImpl: getStreamVolume packageName=com.inkbattle.app, index=4, streamType=3
05-01 00:36:53.513  3653  3653 D VRI[NotificationShade]: handleWindowFocusChanged mWindowFocusChanged false mUpcomingWindowFocus true mAdded true
05-01 00:36:53.513  3653  3653 I AutoHideController: checkUserAutoHide: callers=com.android.systemui.statusbar.phone.StatusBar.lambda$getStatusBarWindowTouchListener$14:2223 com.android.systemui.statusbar.phone.StatusBar.$r8$lambda$QF8QHao4WUovWksCkhwcATQ2dL4:0 com.android.systemui.statusbar.phone.StatusBar$$ExternalSyntheticLambda2.onTouch:2 android.view.View.dispatchTouchEvent:15109 android.view.ViewGroup.dispatchTransformedTouchEvent:3165 
05-01 00:36:53.513  3653  3653 I AutoHideController: checkUserAutoHide: shouldHide=false
05-01 00:36:53.513  3653  3653 I AutoHideController: checkUserAutoHide: shouldHide=false
05-01 00:36:53.515  1625  1625 D BrightUpBaseImpl: drawMesh power on aIndex=33, brightness=1.000000, cost=9ms
05-01 00:36:53.515  1625  1723 D BrightUpEffectExtImpl:  makeShader::set screenBrightness 1.000000
05-01 00:36:53.515  1625  1723 D BrightUpEffectExtImpl:  makeShader::set screenBrightness 1.000000
05-01 00:36:53.515  1625  1723 D BrightUpEffectExtImpl:  makeShader::set screenBrightness 1.000000
05-01 00:36:53.515  1625  1723 D BrightUpEffectExtImpl:  makeShader::set screenBrightness 1.000000
05-01 00:36:53.523  1625  1625 D BrightUpBaseImpl: drawMesh power on aIndex=33, brightness=1.000000, cost=8ms
05-01 00:36:53.523  1625  1723 D BrightUpEffectExtImpl:  makeShader::set screenBrightness 1.000000
05-01 00:36:53.523  1625  1723 D BrightUpEffectExtImpl:  makeShader::set screenBrightness 1.000000
05-01 00:36:53.523  1625  1723 D BrightUpEffectExtImpl:  makeShader::set screenBrightness 1.000000
05-01 00:36:53.523  1625  1723 D BrightUpEffectExtImpl:  makeShader::set screenBrightness 1.000000
05-01 00:36:53.525  3653  3653 D VRI[NotificationShade]: handleWindowFocusChanged mWindowFocusChanged false mUpcomingWindowFocus true mAdded true
05-01 00:36:53.525  3653  3653 I AutoHideController: checkUserAutoHide: callers=com.android.systemui.statusbar.phone.StatusBar.lambda$getStatusBarWindowTouchListener$14:2223 com.android.systemui.statusbar.phone.StatusBar.$r8$lambda$QF8QHao4WUovWksCkhwcATQ2dL4:0 com.android.systemui.statusbar.phone.StatusBar$$ExternalSyntheticLambda2.onTouch:2 android.view.View.dispatchTouchEvent:15109 android.view.ViewGroup.dispatchTransformedTouchEvent:3165 
05-01 00:36:53.525  3653  3653 I AutoHideController: checkUserAutoHide: shouldHide=false
05-01 00:36:53.525  3653  3653 I AutoHideController: checkUserAutoHide: shouldHide=false
05-01 00:36:53.531  1625  1625 D BrightUpBaseImpl: drawMesh power on aIndex=34, brightness=1.000000, cost=8ms
05-01 00:36:53.531  1625  1723 D BrightUpEffectExtImpl:  makeShader::set screenBrightness 1.000000
05-01 00:36:53.531  1625  1723 D BrightUpEffectExtImpl:  makeShader::set screenBrightness 1.000000
05-01 00:36:53.531  1625  1723 D BrightUpEffectExtImpl:  makeShader::set screenBrightness 1.000000
05-01 00:36:53.532  1625  1723 D BrightUpEffectExtImpl:  makeShader::set screenBrightness 1.000000
05-01 00:36:53.542  1625  1625 D BrightUpBaseImpl: drawMesh power on aIndex=34, brightness=1.000000, cost=11ms
05-01 00:36:53.542  1625  1723 D BrightUpEffectExtImpl:  makeShader::set screenBrightness 1.000000
05-01 00:36:53.542  1625  1723 D BrightUpEffectExtImpl:  makeShader::set screenBrightness 1.000000
05-01 00:36:53.543  1625  1723 D BrightUpEffectExtImpl:  makeShader::set screenBrightness 1.000000
05-01 00:36:53.543  1625  1723 D BrightUpEffectExtImpl:  makeShader::set screenBrightness 1.000000
05-01 00:36:53.548  1625  1625 D BrightUpBaseImpl: drawMesh power on aIndex=35, brightness=1.000000, cost=6ms
05-01 00:36:53.548  1625  1723 D BrightUpEffectExtImpl:  makeShader::set screenBrightness 1.000000
05-01 00:36:53.548  1625  1723 D BrightUpEffectExtImpl:  makeShader::set screenBrightness 1.000000
05-01 00:36:53.548  1625  1723 D BrightUpEffectExtImpl:  makeShader::set screenBrightness 1.000000
05-01 00:36:53.549  1625  1723 D BrightUpEffectExtImpl:  makeShader::set screenBrightness 1.000000
05-01 00:36:53.550  3653  3653 D VRI[NotificationShade]: handleWindowFocusChanged mWindowFocusChanged false mUpcomingWindowFocus true mAdded true
05-01 00:36:53.551  3653  3653 I AutoHideController: checkUserAutoHide: callers=com.android.systemui.statusbar.phone.StatusBar.lambda$getStatusBarWindowTouchListener$14:2223 com.android.systemui.statusbar.phone.StatusBar.$r8$lambda$QF8QHao4WUovWksCkhwcATQ2dL4:0 com.android.systemui.statusbar.phone.StatusBar$$ExternalSyntheticLambda2.onTouch:2 android.view.View.dispatchTouchEvent:15109 android.view.ViewGroup.dispatchTransformedTouchEvent:3165 
05-01 00:36:53.551  3653  3653 I AutoHideController: checkUserAutoHide: shouldHide=false
05-01 00:36:53.551  3653  3653 I AutoHideController: checkUserAutoHide: shouldHide=false
05-01 00:36:53.556  1625  1625 D BrightUpBaseImpl: drawMesh power on aIndex=35, brightness=1.000000, cost=8ms
05-01 00:36:53.556  1625  1625 D BrightUpBaseImpl: disable VFXEffect 
05-01 00:36:53.556  1625  1625 D BrightUpBaseImpl:  vfx power on effect cost: 632ms
05-01 00:36:53.578  3653  3653 D VRI[NotificationShade]: handleWindowFocusChanged mWindowFocusChanged false mUpcomingWindowFocus true mAdded true
05-01 00:36:53.579  3653  3653 I AutoHideController: checkUserAutoHide: callers=com.android.systemui.statusbar.phone.StatusBar.lambda$getStatusBarWindowTouchListener$14:2223 com.android.systemui.statusbar.phone.StatusBar.$r8$lambda$QF8QHao4WUovWksCkhwcATQ2dL4:0 com.android.systemui.statusbar.phone.StatusBar$$ExternalSyntheticLambda2.onTouch:2 android.view.View.dispatchTouchEvent:15109 android.view.ViewGroup.dispatchTransformedTouchEvent:3165 
05-01 00:36:53.579  3653  3653 I AutoHideController: checkUserAutoHide: shouldHide=false
05-01 00:36:53.579  3653  3653 I AutoHideController: checkUserAutoHide: shouldHide=false
05-01 00:36:53.593  3653  3653 D VRI[NotificationShade]: handleWindowFocusChanged mWindowFocusChanged false mUpcomingWindowFocus true mAdded true
05-01 00:36:53.593  3653  3653 I AutoHideController: checkUserAutoHide: callers=com.android.systemui.statusbar.phone.StatusBar.lambda$getStatusBarWindowTouchListener$14:2223 com.android.systemui.statusbar.phone.StatusBar.$r8$lambda$QF8QHao4WUovWksCkhwcATQ2dL4:0 com.android.systemui.statusbar.phone.StatusBar$$ExternalSyntheticLambda2.onTouch:2 android.view.View.dispatchTouchEvent:15109 android.view.ViewGroup.dispatchTransformedTouchEvent:3165 
05-01 00:36:53.594  3653  3653 I AutoHideController: checkUserAutoHide: shouldHide=false
05-01 00:36:53.594  3653  3653 I AutoHideController: checkUserAutoHide: shouldHide=false
05-01 00:36:53.602  3653  3653 D VRI[NotificationShade]: handleWindowFocusChanged mWindowFocusChanged false mUpcomingWindowFocus true mAdded true
05-01 00:36:53.602  3653  3653 I AutoHideController: checkUserAutoHide: callers=com.android.systemui.statusbar.phone.StatusBar.lambda$getStatusBarWindowTouchListener$14:2223 com.android.systemui.statusbar.phone.StatusBar.$r8$lambda$QF8QHao4WUovWksCkhwcATQ2dL4:0 com.android.systemui.statusbar.phone.StatusBar$$ExternalSyntheticLambda2.onTouch:2 android.view.View.dispatchTouchEvent:15109 android.view.ViewGroup.dispatchTransformedTouchEvent:3165 
05-01 00:36:53.602  3653  3653 I AutoHideController: checkUserAutoHide: shouldHide=false
05-01 00:36:53.602  3653  3653 I AutoHideController: checkUserAutoHide: shouldHide=false
05-01 00:36:53.603 11513 11513 I ModenCall$SACallHandlerService@240930_1: onReceive intent action: android.intent.action.SCREEN_ON
05-01 00:36:53.612  2228  2312 W [ANC_TAC][CA]: anc ca unlock transmit , AncCaTransmit
05-01 00:36:53.612  2228  2312 D [ANC_TAC][Sensor]: TRANSMIT <<<< command id = 5 (SENSOR_CAPTURE_IMAGE), spent time = 107 ms, ret_val = 0 (success)
05-01 00:36:53.612  2228  2312 D [ANC_TAC][Sensor]: Exposure Time = 19620 us
05-01 00:36:53.612  2228  2312 D [ANC_TAC][Algo]: TRANSMIT >>>> command id = 8 (ALGORITHM_EXTRACT_FEATURE)
05-01 00:36:53.612  2228  2312 W [ANC_TAC][CA]: anc ca lock transmit , AncCaTransmit
05-01 00:36:53.614 11513 11513 I PhoneSettingChangeReceiver: onReceive() action:android.intent.action.SCREEN_ON
05-01 00:36:53.615 11513 11942 I PhoneSettingChangeReceiver: onReceive() screenStatus:true, psmStatus:true
05-01 00:36:53.615 11513 11942 I SettingManager: sendScreenInfoToBand()
05-01 00:36:53.615 11513 11942 D SAMessageDataPacketConstructor: constructPhoneScreenInfoPacket() screenStatus:true psmStatus:true
05-01 00:36:53.615 11513 11942 D Builder : build() packetSize:8 bytes
05-01 00:36:53.615 11513 11942 W SAMessageDataPacketConstructor: printing byte array packet -----------------------------------------------------------------
05-01 00:36:53.615 11513 11942 W SAMessageDataPacketConstructor: packetLen: 8
05-01 00:36:53.615 11513 11942 W SAMessageDataPacketConstructor: -12 3 0 0 1 1 2 1 
05-01 00:36:53.616 11513 11942 W SAMessageDataPacketConstructor: ********************************************************************************************
05-01 00:36:53.616 11513 11942 I HMApplication: getWearableConnectionMgr() - sWConnectionMgr: com.samsung.wearable.hostmanager.connection.WearableConnectionManager@c9b9b4a
05-01 00:36:53.616 11513 11942 I WearableConnectionManager: sendMessageToChannel:: Sending messages from band for channel id 11
05-01 00:36:53.616 11513 23145 D SAFullSettingFit3: FullSettingSAPService.send() async
05-01 00:36:53.616 11513 23145 D SAFullSettingFit3: FullSettingSAPService.sendFullSettingMessage()
05-01 00:36:53.617  3653  3653 D VRI[NotificationShade]: handleWindowFocusChanged mWindowFocusChanged false mUpcomingWindowFocus true mAdded true
05-01 00:36:53.617 11513 23145 D SAFullSettingFit3: FullSettingSAPService.printing byte array packet -----------------------------------------------------------------
05-01 00:36:53.617  3653  3653 I AutoHideController: checkUserAutoHide: callers=com.android.systemui.statusbar.phone.StatusBar.lambda$getStatusBarWindowTouchListener$14:2223 com.android.systemui.statusbar.phone.StatusBar.$r8$lambda$QF8QHao4WUovWksCkhwcATQ2dL4:0 com.android.systemui.statusbar.phone.StatusBar$$ExternalSyntheticLambda2.onTouch:2 android.view.View.dispatchTouchEvent:15109 android.view.ViewGroup.dispatchTransformedTouchEvent:3165 
05-01 00:36:53.617  3653  3653 I AutoHideController: checkUserAutoHide: shouldHide=false
05-01 00:36:53.617  3653  3653 I AutoHideController: checkUserAutoHide: shouldHide=false
05-01 00:36:53.618 11513 23145 D SAFullSettingFit3: FullSettingSAPService.packetLen: 8
05-01 00:36:53.619 11513 23145 D SAFullSettingFit3: FullSettingSAPService.
05-01 00:36:53.619 11513 23145 D SAFullSettingFit3: -12 3 0 0 1 1 2 1 
05-01 00:36:53.619 11513 23145 D SAFullSettingFit3: FullSettingSAPService.********************************************************************************************
05-01 00:36:53.620 11513 23145 D SAFullSettingFit3: FullSettingSAPService.sending packet : 8
05-01 00:36:53.620 11513 23145 I [SA_SDK]SAMessage: Sending data:8 bytes
05-01 00:36:53.620 11513 23145 I [SA_SDK]SAFragmenter: confiure: 16 2 7672 0 8
05-01 00:36:53.620 32266  8151 I SAFrameworkConnection: write() : [16,8] 48 SrcAgentId:11
05-01 00:36:53.622 32266  8151 I SAMexLiteSessionHandler: >>> created new TransactionId: 4727
05-01 00:36:53.622 32266  8151 I SASessionDetails: Enqueue msg sessionId:1026
05-01 00:36:53.623 32266  8151 I SACreditDetails: incrementSessionCount -  connectivity : 4 classType : 1 sessionCount : 1
05-01 00:36:53.623 32266  8151 I SAMexLiteDetails: >>> timeout started for transaction<4727>
05-01 00:36:53.623 32266 32344 I SADispatchController: >> DequeTask accId: 35909, sessionId: 1026
05-01 00:36:53.623 32266 32344 I SALiteRetransmitterFsm: state: IDLE, onSendMessage
05-01 00:36:53.623 32266 32344 I SATransportManager: park All Queues for accessory: 35909
05-01 00:36:53.623 32266 32344 I SALiteRetransmitter: Packet with seq num: 0 and window id: 0 added to map
05-01 00:36:53.624 32266 32344 I SALiteRetransmitter: Msg sent to CL seq#:0
05-01 00:36:53.624 32266 18026 I SABleClientConnection: writeCharacteristic called
05-01 00:36:53.626 11513 23145 I [SA_SDK]SAMessage: 11_35909_11-> msg<4727>[0] sent: 8
05-01 00:36:53.627 11513 23145 D SAFullSettingFit3: FullSettingSAPService. sent status : 4727 agent PeerAgent - id:11 containerId:18633 FriendlyName:HostManager Profile Version:1.0 PeerAccessory - Id:35909 Name: Address:##:##:##:##:F6:66  TransportType:4 ProductId:Galaxy Fit3 (F6 VendorId:SAMSUNG APDU:980 SSDU:7679 Accessory ID:SAMSUNG_ACCESSARY__f:ďż˝:.:
05-01 00:36:53.627 11513 23145 D SAFullSettingFit3: ::tŔ€Ŕ€Ŕ€Ŕ€Ŕ€Ŕ€ MXDU:7672 Encryption padding:100 MexSupport:1 SocketSupport:0
05-01 00:36:53.626  5022 31538 D BtGatt.GattService: writeCharacteristic() - trying to acquire permit.
05-01 00:36:53.628  5022  5594 D bt_bta_gattc: Handling write response type: 1: handle 0x0034
05-01 00:36:53.628  1356  1356 D vendor.qti.bluetooth@1.0-ibs_handler: SerialClockVote: vote for UART CLK ON
05-01 00:36:53.628  1356  1356 D vendor.qti.bluetooth@1.0-wake_lock: Acquire wakelock is acquired 
