05-01 00:36:54.037  3653  3653 D StatusBarKeyguardViewManager: onKeyguardFadedAway, com.android.systemui.statusbar.phone.StatusBar$3.onFinished:901 com.android.systemui.statusbar.phone.ScrimController.onFinished:1549 com.android.systemui.statusbar.phone.ScrimController.access$600:107 com.android.systemui.statusbar.phone.ScrimController$3.onAnimationEnd:1465 
05-01 00:36:54.038  3653  3653 D KeyguardStateControllerImpl: setKeyguardFadingAway: false, com.android.systemui.statusbar.policy.KeyguardStateControllerImpl.notifyKeyguardDoneFading:243 com.android.systemui.statusbar.phone.StatusBar.finishKeyguardFadingAway:4685 com.android.systemui.statusbar.phone.StatusBarKeyguardViewManager.onKeyguardFadedAway:1180 com.android.systemui.statusbar.phone.StatusBar$3.onFinished:901 
05-01 00:36:54.039  3653  3653 D StatusBar: FadingAway:false
05-01 00:36:54.040  2657  4748 D InputMethodManagerService: isSecurity: attribute.packageName = com.inkbattle.app mCurMethodId = com.google.android.inputmethod.latin/com.android.inputmethod.latin.LatinIME isSecurity = false ( enable = false needShow = false inBlackList = false isExist = true )
05-01 00:36:54.040  2657  2711 W BroadcastQueue: Background execution not allowed: receiving Intent { act=android.intent.action.USER_PRESENT flg=0x24280010 } to com.facebook.services/com.facebook.oxygen.services.fbns.RegisteredMqttSystemBroadcastReceiver
05-01 00:36:54.040  2657  2711 W BroadcastQueue: Background execution not allowed: receiving Intent { act=android.intent.action.USER_PRESENT flg=0x24280010 } to com.google.android.gms/.auth.setup.devicesignals.LockScreenReceiver
05-01 00:36:54.040 16297 16312 D OplusAtlasService: getAttributeByAppName module:oplus-getStreamMaxVolume packageName:com.facebook.katana
05-01 00:36:54.040  2657  4773 D OplusCustomizeSecurityManagerService: we can't find the BLOCK
05-01 00:36:54.040  2657  2711 W BroadcastQueue: Background execution not allowed: receiving Intent { act=android.intent.action.USER_PRESENT flg=0x24280010 } to com.google.android.gms/.chimera.GmsIntentOperationService$PersistentTrustedReceiver
05-01 00:36:54.041  2657  2711 W BroadcastQueue: Background execution not allowed: receiving Intent { act=android.intent.action.USER_PRESENT flg=0x24280010 } to com.google.android.apps.work.clouddpc/.base.receivers.UserPresentReceiver
05-01 00:36:54.041  2657  2711 W BroadcastQueue: Background execution not allowed: receiving Intent { act=android.intent.action.USER_PRESENT flg=0x24280010 } to com.instagram.android/com.instagram.push.FbnsInitBroadcastReceiver
05-01 00:36:54.041  2657  6799 E OplusCustomizeRestrictionManagerService: getMobileDataMode error :s == null
05-01 00:36:54.041  2657  2711 W BroadcastQueue: Background execution not allowed: receiving Intent { act=android.intent.action.USER_PRESENT flg=0x24280010 } to com.instagram.basel/com.instagram.push.FbnsInitBroadcastReceiver
05-01 00:36:54.041  2657  2711 W BroadcastQueue: Permission Denial: broadcasting Intent { act=android.intent.action.USER_PRESENT flg=0x24280010 } from com.android.systemui (pid=3653, uid=10191) to com.licious/.global.receiver.PhoneStateReceiver is not exported from uid 10406
05-01 00:36:54.041  2657  2711 W BroadcastQueue: Permission Denial: broadcasting Intent { act=android.intent.action.USER_PRESENT flg=0x24280010 } from com.android.systemui (pid=3653, uid=10191) to com.truecaller/.util.ScreenUnlockedBroadcastReceiver is not exported from uid 10392
05-01 00:36:54.041  2657  2711 W BroadcastQueue: Permission Denial: broadcasting Intent { act=android.intent.action.USER_PRESENT flg=0x24280010 } from com.android.systemui (pid=3653, uid=10191) to com.wallpapers.uhd.live.themes.widgets/com.smartcross.app.receiver.PresentReceiver is not exported from uid 10534
05-01 00:36:54.041 26620 26620 I flutter : TOKEN:: eyJhbGciOiJIUzI1NiIsInR5cCI6IkpXVCJ9.eyJpZCI6MiwiaWF0IjoxNzc3NTc1OTE0LCJleHAiOjE3ODAxNjc5MTR9.Ae-FCNDXTyUSVmMdfz7FKLp4mjH6cO_lJFhugMxPCPs
05-01 00:36:54.040 14029 30644 I NearbySharing: Uwb feature is off.
05-01 00:36:54.042  6641  6641 I GoogleInputMethodService: GoogleInputMethodService.onStartInput():1446 onStartInput(EditorInfo{EditorInfo{packageName=com.inkbattle.app, inputType=0, inputTypeString=NULL, enableLearning=false, autoCorrection=false, autoComplete=false, imeOptions=0, privateImeOptions=null, actionName=UNSPECIFIED, actionLabel=null, initialSelStart=-1, initialSelEnd=-1, initialCapsMode=0, label=null, fieldId=-1, fieldName=null, extras=Bundle[{com.oplus.im.SCENES=0}], hintText=null, hintLocales=[]}}, false)
05-01 00:36:54.043  6641  6641 I AndroidIME: LatinIMEBase.updateInputViewCoverNavigation():322 Update input view padding, isNavbarOverInputWindow=false, bottom inset=132
05-01 00:36:54.044  5285  5285 D ONet:UnlockStatus: (StatusBase.java:6)isDvSecured: true
05-01 00:36:54.045  5285  5285 D ONet:UnlockStatus: (StatusBase.java:6)Action is user present
05-01 00:36:54.045  5285  5285 I ONet:UnlockStatus: (StatusBase.java:6)unlock switch is turned off
05-01 00:36:54.045  6641  6641 I Module  : DeviceLockedStatusModuleProvider$Module.updateDeviceLockedStatus():103 repeatCheckTimes = 1, locked = false
05-01 00:36:54.046  2657  2685 W SettingsProvider: You shouldn't keep your settings in the secure settings. This will soon become an error!!!
05-01 00:36:54.048  3653  3993 W OpenGLRenderer: Incorrectly called buildLayer on View: LockIcon, destroying layer...
05-01 00:36:54.050  2657  2672 V WindowManager: Relayout Window{f500796 u0 NavigationBar0}: viewVisibility=0, oldvis=0, req=1080x132
05-01 00:36:54.052 26620 26620 I flutter : TOKEN:: eyJhbGciOiJIUzI1NiIsInR5cCI6IkpXVCJ9.eyJpZCI6MiwiaWF0IjoxNzc3NTc1OTE0LCJleHAiOjE3ODAxNjc5MTR9.Ae-FCNDXTyUSVmMdfz7FKLp4mjH6cO_lJFhugMxPCPs
05-01 00:36:54.053 26620 26620 I flutter : TOKEN:: eyJhbGciOiJIUzI1NiIsInR5cCI6IkpXVCJ9.eyJpZCI6MiwiaWF0IjoxNzc3NTc1OTE0LCJleHAiOjE3ODAxNjc5MTR9.Ae-FCNDXTyUSVmMdfz7FKLp4mjH6cO_lJFhugMxPCPs
05-01 00:36:54.053  2657  3132 D OplusUserManagerServiceEnhance: getMultiSystemUserId  res = -10000
05-01 00:36:54.053  3653  3653 D OplusMultiUserManager: getMultiSystemUserIdNoCheck res: -10000
05-01 00:36:54.054  2657  3960 D OplusUserManagerServiceEnhance: getMultiSystemUserId  res = -10000
05-01 00:36:54.054  3653  3653 D OplusMultiUserManager: getMultiSystemUserIdNoCheck res: -10000
05-01 00:36:54.056  3653  4292 I OnScreenFingerprintIcon: setVisibility INVISIBLE ,IconAlpha = 0.0==>0.55529416
05-01 00:36:54.057  2657  6828 E OplusCustomizeRestrictionManagerService: getUnlockByFingerprintPolicies fail, return default value.
05-01 00:36:54.058 13247 25697 D AudioManagerExtImpl: getStreamVolume packageName=com.facebook.katana, index=4, streamType=3
05-01 00:36:54.058  3653  3653 D VRI[NotificationShade]: handleWindowFocusChanged mWindowFocusChanged true mUpcomingWindowFocus false mAdded true
05-01 00:36:54.060  2657  4663 D OplusCustomizeSecurityManagerService: we can't find the BLOCK
05-01 00:36:54.061  2657  4663 E OplusCustomizeRestrictionManagerService: getMobileDataMode error :s == null
05-01 00:36:54.062  5263  5366 D metis_v2_ScreenDataCollector: getScreenInteractiveStateSnapshot state: true
05-01 00:36:54.062  5263  5366 D metis_v2_ScreenDataCollector: ScreenLockCallback isLocked: false, isScreenOn: true
05-01 00:36:54.062  5263  5366 D metis_v2_FactStoreImpl: storeScreenStateFact, isScreenLocked: false, isScreenOn: true
05-01 00:36:54.066 14029 30644 I NearbySharing: Stopping foreground scanning because no scanning surface has been registered.
05-01 00:36:54.066  3653  4292 D OpenGLRenderer: RenderProxy::destroy: this=0xb40000744c8ee400, mContext=0xb400007382b31d40
05-01 00:36:54.067  3653  3993 D OpenGLRenderer: SkiaOpenGLPipeline::setSurface: this=0xb40000744c426300, surface=NULL
05-01 00:36:54.067 26620 26620 D LocalStorageUtils: eyJhbGciOiJIUzI1NiIsInR5cCI6IkpXVCJ9.eyJpZCI6MiwiaWF0IjoxNzc3NTc1OTE0LCJleHAiOjE3ODAxNjc5MTR9.Ae-FCNDXTyUSVmMdfz7FKLp4mjH6cO_lJFhugMxPCPs
05-01 00:36:54.067 26620 26620 D LocalStorageUtils: eyJhbGciOiJIUzI1NiIsInR5cCI6IkpXVCJ9.eyJpZCI6MiwiaWF0IjoxNzc3NTc1OTE0LCJleHAiOjE3ODAxNjc5MTR9.Ae-FCNDXTyUSVmMdfz7FKLp4mjH6cO_lJFhugMxPCPs
05-01 00:36:54.067 26620 26620 D LocalStorageUtils: eyJhbGciOiJIUzI1NiIsInR5cCI6IkpXVCJ9.eyJpZCI6MiwiaWF0IjoxNzc3NTc1OTE0LCJleHAiOjE3ODAxNjc5MTR9.Ae-FCNDXTyUSVmMdfz7FKLp4mjH6cO_lJFhugMxPCPs
05-01 00:36:54.067  3653  3993 D BufferQueueProducer: [VRI[OnScreenFingerprintIcon]#3127(BLAST Consumer)3127](id:e4500000c3f,api:1,p:3653,c:3653) disconnect: api 1
05-01 00:36:54.069  2657  4663 V WindowManager: Relayout Window{258fef6 u0 OnScreenFingerprintIcon}: viewVisibility=8, oldvis=0, req=1080x1080
05-01 00:36:54.070  2657  4087 D OplusCustomizeSecurityManagerService: we can't find the BLOCK
05-01 00:36:54.070  2657  2672 E OplusCustomizeRestrictionManagerService: getMobileDataMode error :s == null
05-01 00:36:54.070  5263  5366 W metis_v2_JenaAdapter: updateDataTypeObject: Invalid params
05-01 00:36:54.071  2657  3432 D OplusCustomizeConnectivityManagerService: getBluetoothPolicies 2
05-01 00:36:54.072  5263  5366 D metis_v2_JenaAdapter: removeCache value:http://com.oplus.pantanal/metis/core-ontology#da954f66-db00-44a8-847e-82e2754dcd6d
05-01 00:36:54.072  2228  2312 W [ANC_TAC][CA]: anc ca unlock transmit , AncCaTransmit
05-01 00:36:54.072  2228  2312 D [ANC_TAC][Algo]: TRANSMIT <<<< command id = 12 (ALGORITHM_DEINIT_VERIFY), spent time = 57 ms, ret_val = 0 (success)
05-01 00:36:54.072  2228  2312 W [ANC_HAL][WorkConsumer]: consumer finish work, DoAuthenticate
05-01 00:36:54.072  2228  2312 D [ANC_HAL][WorkConsumer]: consumer can get work, consumer status:idle, 2
05-01 00:36:54.074 14029 30644 I NearbySharing: Stopping Fast Init advertisement because we're not scanning in the foreground.
05-01 00:36:54.074  2657  3946 D OplusCustomizeConnectivityManagerService: getBluetoothPolicies 2
05-01 00:36:54.075 14029 30644 I NearbySharing: Stopping advertising because no high power receive surface is registered and device is visible to HIDDEN.
05-01 00:36:54.077 14029 30644 I NearbySharing: Stopping FastInitiation scanning because visibility is hidden.
05-01 00:36:54.077 14029 30644 I NearbySharing: Fast Initiation Scanning has stopped
05-01 00:36:54.078 14029 30644 I NearbySharing: Dismissing HUN as there's no device nearby.
05-01 00:36:54.084  4314  4725 D NetworkEvent: OplusNetworkEventCbProxy invoke.....onDnsEvent argslen:8
05-01 00:36:54.088  1625  2569 D APOLLO  : [primary][onTransactSaturationFactor]cmd=1022,factor=1.000000,proc(1625,2569,2657,1000)
05-01 00:36:54.090 13592 32227 I DatabaseManager: insert data finished for 2026-05-01 00:36:54 in  28
05-01 00:36:54.094  1202 28892 E TetherController: property_get sys.radio.data.modem_share_flag return 0, 1!
05-01 00:36:54.098 32050 32059 I plus.eyeprotect: Background concurrent copying GC freed 15MB AllocSpace bytes, 0(0B) LOS objects, 74% free, 2079KB/8223KB, paused 171us,33us total 150.943ms
05-01 00:36:54.100  1398  1658 I SDM     : HWCDisplay::SetPreferredColorModeInternal: Applying mode: sRGB_V1
05-01 00:36:54.101  2657  3323 E OplusNPMS: dailyAlertCommand NOTIFICATION_LIMIT
05-01 00:36:54.101  2657  3323 D OplusNPMS: getDailyTotalBytes
05-01 00:36:54.101  2657  3323 D OplusNPMS: queryBytesFromCache -1
05-01 00:36:54.106  2657  2657 I Quality : GetResourcesInfo:101033542,/data/app/~~UB7lKBEg_NdJ0x8oUaKpgw==/com.google.audio.hearing.visualization.accessibility.scribe-Hb9Shipsv3_Vt5SYhK5acw==/base.apk
05-01 00:36:54.109  1356  5591 I vendor.qti.bluetooth@1.0-ibs_handler: ProcessIbsCmd: Received IBS_WAKE_IND: 0xFD
05-01 00:36:54.109  1356  5591 I vendor.qti.bluetooth@1.0-ibs_handler: ProcessIbsCmd: Writing IBS_WAKE_ACK
05-01 00:36:54.110  5263  5366 W metis_v2_JenaAdapter: updateDataTypeObject: Invalid params
05-01 00:36:54.110  5263  5366 D metis_v2_JenaAdapter: removeCache value:http://com.oplus.pantanal/metis/core-ontology#82c49db2-46b2-4122-b450-265823fd8cf6
05-01 00:36:54.112  2657  2657 W Looper  : Slow dispatch took 126ms main h=android.app.ActivityThread$H c=android.app.LoadedApk$ReceiverDispatcher$Args$$ExternalSyntheticLambda0@3878c5b m=0
05-01 00:36:54.113  2657  2657 D OplusWifiHalServiceHidlImpl: entering executeDriverCommandWithResult(/vendor/bin/cat /sys/kernel/wifi/power_stats)
05-01 00:36:54.113  1525  1525 D vendor.oplus.hardware.wifi@1.1-service: filePath is /vendor/bin/cat
05-01 00:36:54.113  1525  1525 D vendor.oplus.hardware.wifi@1.1-service: the command is:/vendor/bin/cat /sys/kernel/wifi/power_stats
05-01 00:36:54.113  5263  5366 W metis_v2_JenaAdapter: updateDataTypeObject: Same value, no need to update!
05-01 00:36:54.118  5263  5366 D DataCollector_ONetAdapter: getConnectedDevice
05-01 00:36:54.120  1369 32155 I sensors-hal: handle_sns_std_sensor_event:159, ambient_light_rear: ts=201411761017140, lux = 0, raw_adc=3, data_cnt 0
05-01 00:36:54.125 26620 27827 E FrameEvents: updateAcquireFence: Did not find frame.
05-01 00:36:54.127  4314  4725 D NetworkEvent: OplusNetworkEventCbProxy invoke.....onDnsEvent argslen:8
05-01 00:36:54.127  5263  5366 D ONet:case: (ONetAdapter.kt:37)get Cached Devices
05-01 00:36:54.128  5285 31778 D ONet:CoreManager: (IONetService.java:171)getCachedDevicesWithBundle:
05-01 00:36:54.128  5285 31778 D ONet:CoreManager: (IONetService.java:171)getCachedDevicesWithBundle:accountLevel=1, onlineState=1
05-01 00:36:54.128  5285 31778 D ONet:DeviceManager: (ONetDeviceManager.java:1)getOnlineAndOfflineListByCurrentState() filtered state=[2]
05-01 00:36:54.128  5285 31778 D ONet:DeviceManager: (ONetCoreManager.java:47)getOnlineDeviceList: =[]
05-01 00:36:54.128  5285 31778 D ONet:DeviceManager: (IONetService.java:171)getOnlineDevicesByAccountCondition:online devices are null.
05-01 00:36:54.128  5263  5366 D DataCollector_ONetAdapter: getConnectedDevice oNetDeviceList null
05-01 00:36:54.128  2657  3323 D OplusNPMS: addTrafficQueryToCache 68265
05-01 00:36:54.129  2657  3323 D NetworkPolicy: getMonthTotalBytes
05-01 00:36:54.129  2657  3323 D OplusNPMS: queryBytesFromCache -1
05-01 00:36:54.129  2657  4088 I OplusHansManager : uid=10480, pkg=com.etrade.mobilepro.activity can transition from M to F
05-01 00:36:54.129  2657  4088 I OplusHansManager : uid=10480, pkg=com.etrade.mobilepro.activity F enter(), M stay=1
05-01 00:36:54.131  2657  4088 I OplusHansManager : freeze uid: 10480 com.etrade.mobilepro.activity pids: [25749, 26526] IsolatedUid: [99356] scene: LcdOn
05-01 00:36:54.131  7356  7406 D IHansComunication: HansComunication::addUid-- 10480, persistent--0
05-01 00:36:54.131  7356  7406 D IHansComunication: HANS sendMessageToKernel: threadId = 526236236976, netLinkSetup = 1, type = PKG, targetUid = 10480, pkgCmd = ADD_ONE_UID
05-01 00:36:54.133  1525  1525 D vendor.oplus.hardware.wifi@1.1-service: the buf of executeDriverCommand is POWER DEBUG STATS
05-01 00:36:54.133  1525  1525 D vendor.oplus.hardware.wifi@1.1-service: , remain_len is 4096
05-01 00:36:54.134  1525  1525 D vendor.oplus.hardware.wifi@1.1-service: the buf of executeDriverCommand is =================
05-01 00:36:54.134  1525  1525 D vendor.oplus.hardware.wifi@1.1-service: , remain_len is 4078
05-01 00:36:54.134  1525  1525 D vendor.oplus.hardware.wifi@1.1-service: the buf of executeDriverCommand is cumulative_sleep_time_ms: 170861234
05-01 00:36:54.134  1525  1525 D vendor.oplus.hardware.wifi@1.1-service: , remain_len is 4060
05-01 00:36:54.134  1525  1525 D vendor.oplus.hardware.wifi@1.1-service: the buf of executeDriverCommand is cumulative_total_on_time_ms: 30487401
05-01 00:36:54.134  1525  1525 D vendor.oplus.hardware.wifi@1.1-service: , remain_len is 4024
05-01 00:36:54.134  1525  1525 D vendor.oplus.hardware.wifi@1.1-service: the buf of executeDriverCommand is deep_sleep_enter_counter: 153130
05-01 00:36:54.134  1525  1525 D vendor.oplus.hardware.wifi@1.1-service: , remain_len is 3986
05-01 00:36:54.134  1525  1525 D vendor.oplus.hardware.wifi@1.1-service: the buf of executeDriverCommand is last_deep_sleep_enter_tstamp_ms: 0
05-01 00:36:54.134  1525  1525 D vendor.oplus.hardware.wifi@1.1-service: , remain_len is 3953
05-01 00:36:54.134  1525  1525 D vendor.oplus.hardware.wifi@1.1-service: the buf of executeDriverCommand is debug_register_fmt: 0
05-01 00:36:54.134  1525  1525 D vendor.oplus.hardware.wifi@1.1-service: , remain_len is 3918
05-01 00:36:54.134  1525  1525 D vendor.oplus.hardware.wifi@1.1-service: the buf of executeDriverCommand is num_debug_register: 20
05-01 00:36:54.134  1525  1525 D vendor.oplus.hardware.wifi@1.1-service: , remain_len is 3896
05-01 00:36:54.134  1525  1525 D vendor.oplus.hardware.wifi@1.1-service: the buf of executeDriverCommand is debug_registers[0]: 0x0
05-01 00:36:54.134  1525  1525 D vendor.oplus.hardware.wifi@1.1-service: , remain_len is 3873
05-01 00:36:54.134  1525  1525 D vendor.oplus.hardware.wifi@1.1-service: the buf of executeDriverCommand is debug_registers[1]: 0x17dac8d
05-01 00:36:54.134  1525  1525 D vendor.oplus.hardware.wifi@1.1-service: , remain_len is 3849
05-01 00:36:54.134  1525  1525 D vendor.oplus.hardware.wifi@1.1-service: the buf of executeDriverCommand is debug_registers[2]: 0xfb77
05-01 00:36:54.134  1525  1525 D vendor.oplus.hardware.wifi@1.1-service: , remain_len is 3819
05-01 00:36:54.134  1525  1525 D vendor.oplus.hardware.wifi@1.1-service: the buf of executeDriverCommand is debug_registers[3]: 0x22af17f
05-01 00:36:54.134  1525  1525 D vendor.oplus.hardware.wifi@1.1-service: , remain_len is 3792
05-01 00:36:54.134  1525  1525 D vendor.oplus.hardware.wifi@1.1-service: the buf of executeDriverCommand is debug_registers[4]: 0x82d8
05-01 00:36:54.134  1525  1525 D vendor.oplus.hardware.wifi@1.1-service: , remain_len is 3762
05-01 00:36:54.134  1525  1525 D vendor.oplus.hardware.wifi@1.1-service: the buf of executeDriverCommand is debug_registers[5]: 0x7efb
05-01 00:36:54.134  1525  1525 D vendor.oplus.hardware.wifi@1.1-service: , remain_len is 3735
05-01 00:36:54.134  1525  1525 D vendor.oplus.hardware.wifi@1.1-service: the buf of executeDriverCommand is debug_registers[6]: 0x0
05-01 00:36:54.134  1525  1525 D vendor.oplus.hardware.wifi@1.1-service: , remain_len is 3708
05-01 00:36:54.134  1525  1525 D vendor.oplus.hardware.wifi@1.1-service: the buf of executeDriverCommand is debug_registers[7]: 0x0
05-01 00:36:54.134  1525  1525 D vendor.oplus.hardware.wifi@1.1-service: , remain_len is 3684
05-01 00:36:54.134  1525  1525 D vendor.oplus.hardware.wifi@1.1-service: the buf of executeDriverCommand is debug_registers[8]: 0x857390b
05-01 00:36:54.134  1525  1525 D vendor.oplus.hardware.wifi@1.1-service: , remain_len is 3660
05-01 00:36:54.134  1525  1525 D vendor.oplus.hardware.wifi@1.1-service: the buf of executeDriverCommand is debug_registers[9]: 0x93d9
05-01 00:36:54.134  1525  1525 D vendor.oplus.hardware.wifi@1.1-service: , remain_len is 3630
05-01 00:36:54.134  1525  1525 D vendor.oplus.hardware.wifi@1.1-service: the buf of executeDriverCommand is debug_registers[10]: 0x0
05-01 00:36:54.134  1525  1525 D vendor.oplus.hardware.wifi@1.1-service: , remain_len is 3603
05-01 00:36:54.134  1525  1525 D vendor.oplus.hardware.wifi@1.1-service: the buf of executeDriverCommand is debug_registers[11]: 0xa74e3a
05-01 00:36:54.134  1525  1525 D vendor.oplus.hardware.wifi@1.1-service: , remain_len is 3578
05-01 00:36:54.134  1525  1525 D vendor.oplus.hardware.wifi@1.1-service: the buf of executeDriverCommand is debug_registers[12]: 0xb324
05-01 00:36:54.134  1525  1525 D vendor.oplus.hardware.wifi@1.1-service: , remain_len is 3548
05-01 00:36:54.134  1525  1525 D vendor.oplus.hardware.wifi@1.1-service: the buf of executeDriverCommand is debug_registers[13]: 0x3de843
05-01 00:36:54.134  1525  1525 D vendor.oplus.hardware.wifi@1.1-service: , remain_len is 3520
05-01 00:36:54.134  1525  1525 D vendor.oplus.hardware.wifi@1.1-service: the buf of executeDriverCommand is debug_registers[14]: 0xe92
05-01 00:36:54.134  1525  1525 D vendor.oplus.hardware.wifi@1.1-service: , remain_len is 3490
05-01 00:36:54.134  1525  1525 D vendor.oplus.hardware.wifi@1.1-service: the buf of executeDriverCommand is debug_registers[15]: 0xee0
05-01 00:36:54.134  1525  1525 D vendor.oplus.hardware.wifi@1.1-service: , remain_len is 3463
05-01 00:36:54.134  1525  1525 D vendor.oplus.hardware.wifi@1.1-service: the buf of executeDriverCommand is debug_registers[16]: 0x0
05-01 00:36:54.134  1525  1525 D vendor.oplus.hardware.wifi@1.1-service: , remain_len is 3436
05-01 00:36:54.134  1525  1525 D vendor.oplus.hardware.wifi@1.1-service: the buf of executeDriverCommand is debug_registers[17]: 0x0
05-01 00:36:54.134  1525  1525 D vendor.oplus.hardware.wifi@1.1-service: , remain_len is 3411
05-01 00:36:54.134  1525  1525 D vendor.oplus.hardware.wifi@1.1-service: the buf of executeDriverCommand is debug_registers[18]: 0xb1b6e2e
05-01 00:36:54.134  1525  1525 D vendor.oplus.hardware.wifi@1.1-service: , remain_len is 3386
05-01 00:36:54.134  1525  1525 D vendor.oplus.hardware.wifi@1.1-service: the buf of executeDriverCommand is debug_registers[19]: 0xa657
05-01 00:36:54.134  1525  1525 D vendor.oplus.hardware.wifi@1.1-service: , remain_len is 3355
05-01 00:36:54.135  2657  2657 D OplusWifiHalServiceHidlImpl: executeDriverCommandWithResult(/vendor/bin/cat /sys/kernel/wifi/power_stats) completed successfully.
05-01 00:36:54.135  2657  2657 D OplusWifiHalServiceHidlImpl: leaving executeDriverCommandWithResult(/vendor/bin/cat /sys/kernel/wifi/power_stats) with result = POWER DEBUG STATS
05-01 00:36:54.135  2657  2657 D OplusWifiHalServiceHidlImpl: =================
05-01 00:36:54.135  2657  2657 D OplusWifiHalServiceHidlImpl: cumulative_sleep_time_ms: 170861234
05-01 00:36:54.135  2657  2657 D OplusWifiHalServiceHidlImpl: cumulative_total_on_time_ms: 30487401
05-01 00:36:54.135  2657  2657 D OplusWifiHalServiceHidlImpl: deep_sleep_enter_counter: 153130
05-01 00:36:54.135  2657  2657 D OplusWifiHalServiceHidlImpl: last_deep_sleep_enter_tstamp_ms: 0
05-01 00:36:54.135  2657  2657 D OplusWifiHalServiceHidlImpl: debug_register_fmt: 0
05-01 00:36:54.135  2657  2657 D OplusWifiHalServiceHidlImpl: num_debug_register: 20
05-01 00:36:54.135  2657  2657 D OplusWifiHalServiceHidlImpl: debug_registers[0]: 0x0
05-01 00:36:54.135  2657  2657 D OplusWifiHalServiceHidlImpl: debug_registers[1]: 0x17dac8d
05-01 00:36:54.135  2657  2657 D OplusWifiHalServiceHidlImpl: debug_registers[2]: 0xfb77
05-01 00:36:54.135  2657  2657 D OplusWifiHalServiceHidlImpl: debug_registers[3]: 0x22af17f
05-01 00:36:54.135  2657  2657 D OplusWifiHalServiceHidlImpl: debug_registers[4]: 0x82d8
05-01 00:36:54.135  2657  2657 D OplusWifiHalServiceHidlImpl: debug_registers[5]: 0x7efb
05-01 00:36:54.135  2657  2657 D OplusWifiHalServiceHidlImpl: debug_registers[6]: 0x0
05-01 00:36:54.135  2657  2657 D OplusWifiHalServiceHidlImpl: debug_registers[7]: 0x0
05-01 00:36:54.135  2657  2657 D OplusWifiHalServiceHidlImpl: debug_registers[8]: 0x857390b
05-01 00:36:54.135  2657  2657 D OplusWifiHalServiceHidlImpl: debug_registers[9]: 0x93d9
05-01 00:36:54.135  2657  2657 D OplusWifiHalServiceHidlImpl: debug_registers[10]: 0x0
05-01 00:36:54.135  2657  2657 D OplusWifiHalServiceHidlImpl: debug_registers[11]: 0xa74e3a
05-01 00:36:54.135  2657  2657 D OplusWifiHalServiceHidlImpl: debug_registers[12]: 0xb324
05-01 00:36:54.135  2657  2657 D OplusWifiHalServiceHidlImpl: debug_registers[13]: 0x3de843
05-01 00:36:54.135  2657  2657 D OplusWifiHalServiceHidlImpl: debug_registers[14]: 0xe92
05-01 00:36:54.135  2657  2657 D OplusWifiHalServiceHidlImpl: debug_registers[15]: 0xee0
05-01 00:36:54.135  2657  2657 D OplusWifiHalServiceHidlImpl: debug_registers[16]: 0x0
05-01 00:36:54.135  2657  2657 D OplusWifiHalServiceHidlImpl: debug_registers[17]: 0x0
05-01 00:36:54.135  2657  2657 D OplusWifiHalServiceHidlImpl: debug_registers[18]: 0xb1b6e2e
05-01 00:36:54.135  2657  2657 D OplusWifiHalServiceHidlImpl: debug_registers[19]: 0xa657
05-01 00:36:54.135  2657  2657 D OplusWifiPowerStatsManager: getQcomFwActiviteTime = POWER DEBUG STATS
05-01 00:36:54.135  2657  2657 D OplusWifiPowerStatsManager: =================
05-01 00:36:54.135  2657  2657 D OplusWifiPowerStatsManager: cumulative_sleep_time_ms: 170861234
05-01 00:36:54.135  2657  2657 D OplusWifiPowerStatsManager: cumulative_total_on_time_ms: 30487401
05-01 00:36:54.135  2657  2657 D OplusWifiPowerStatsManager: deep_sleep_enter_counter: 153130
05-01 00:36:54.135  2657  2657 D OplusWifiPowerStatsManager: last_deep_sleep_enter_tstamp_ms: 0
05-01 00:36:54.135  2657  2657 D OplusWifiPowerStatsManager: debug_register_fmt: 0
05-01 00:36:54.135  2657  2657 D OplusWifiPowerStatsManager: num_debug_register: 20
05-01 00:36:54.135  2657  2657 D OplusWifiPowerStatsManager: debug_registers[0]: 0x0
05-01 00:36:54.135  2657  2657 D OplusWifiPowerStatsManager: debug_registers[1]: 0x17dac8d
05-01 00:36:54.135  2657  2657 D OplusWifiPowerStatsManager: debug_registers[2]: 0xfb77
05-01 00:36:54.135  2657  2657 D OplusWifiPowerStatsManager: debug_registers[3]: 0x22af17f
05-01 00:36:54.135  2657  2657 D OplusWifiPowerStatsManager: debug_registers[4]: 0x82d8
05-01 00:36:54.135  2657  2657 D OplusWifiPowerStatsManager: debug_registers[5]: 0x7efb
05-01 00:36:54.135  2657  2657 D OplusWifiPowerStatsManager: debug_registers[6]: 0x0
05-01 00:36:54.135  2657  2657 D OplusWifiPowerStatsManager: debug_registers[7]: 0x0
05-01 00:36:54.135  2657  2657 D OplusWifiPowerStatsManager: debug_registers[8]: 0x857390b
05-01 00:36:54.135  2657  2657 D OplusWifiPowerStatsManager: debug_registers[9]: 0x93d9
05-01 00:36:54.135  2657  2657 D OplusWifiPowerStatsManager: debug_registers[10]: 0x0
05-01 00:36:54.135  2657  2657 D OplusWifiPowerStatsManager: debug_registers[11]: 0xa74e3a
05-01 00:36:54.135  2657  2657 D OplusWifiPowerStatsManager: debug_registers[12]: 0xb324
05-01 00:36:54.135  2657  2657 D OplusWifiPowerStatsManager: debug_registers[13]: 0x3de843
05-01 00:36:54.135  2657  2657 D OplusWifiPowerStatsManager: debug_registers[14]: 0xe92
05-01 00:36:54.135  2657  2657 D OplusWifiPowerStatsManager: debug_registers[15]: 0xee0
05-01 00:36:54.135  2657  2657 D OplusWifiPowerStatsManager: debug_registers[16]: 0x0
05-01 00:36:54.135  2657  2657 D OplusWifiPowerStatsManager: debug_registers[17]: 0x0
05-01 00:36:54.135  2657  2657 D OplusWifiPowerStatsManager: debug_registers[18]: 0xb1b6e2e
05-01 00:36:54.135  2657  2657 D OplusWifiPowerStatsManager: debug_registers[19]: 0xa657
05-01 00:36:54.135  2657  2657 D OplusWifiHalServiceHidlImpl: entering executeDriverCommandWithResult(/vendor/bin/cat /sys/kernel/qca6390/power_stats)
05-01 00:36:54.136  1525  1525 D vendor.oplus.hardware.wifi@1.1-service: filePath is /vendor/bin/cat
05-01 00:36:54.136  1525  1525 D vendor.oplus.hardware.wifi@1.1-service: the command is:/vendor/bin/cat /sys/kernel/qca6390/power_stats
05-01 00:36:54.139  2657  4088 I OplusHansManager : uid=10443, pkg=com.dubox.drive can transition from M to F
05-01 00:36:54.139  2657  4088 I OplusHansManager : uid=10443, pkg=com.dubox.drive F enter(), M stay=1
05-01 00:36:54.142  2657  4088 I OplusHansManager : freeze uid: 10443 com.dubox.drive pids: [27273, 28212] IsolatedUid: [99357] scene: LcdOn
05-01 00:36:54.143  7356  7406 D IHansComunication: HansComunication::addUid-- 10443, persistent--0
05-01 00:36:54.143  7356  7406 D IHansComunication: HANS sendMessageToKernel: threadId = 526236236976, netLinkSetup = 1, type = PKG, targetUid = 10443, pkgCmd = ADD_ONE_UID
05-01 00:36:54.143  3653  3653 D NotificationShadeWindowController: notifyUiSwitched 0
05-01 00:36:54.144  2657  4773 D OplusUIFirst_FB: com.inkbattle.app moveToTop:[]
05-01 00:36:54.144  2657  4773 D OplusUIFirst_FB: List of ThreadOp: size=0 []
05-01 00:36:54.144  2657  4773 D OplusUIFirst_FB: com.inkbattle.app boost hint: 26620
05-01 00:36:54.144  2657  4773 D OplusUIFirst_FB: handleParaSwitch com.inkbattle.app null null 0
05-01 00:36:54.145  3653  3653 I AodRootLayout: onKeyguardWindowVisibilityChanged: visible false
05-01 00:36:54.146  2657  3323 D OplusNPMS: addTrafficQueryToCache 68265
05-01 00:36:54.146  2657  3323 D NetworkPolicy: getMonthTotalBytes
05-01 00:36:54.146  2657  3323 D OplusNPMS: queryBytesFromCache -1
05-01 00:36:54.147  2657  3323 D OplusNPMS: addTrafficQueryToCache 0
05-01 00:36:54.147 26620 26620 I Quality : Skipped: true 1 cost 8.420221 refreshRate 8321812 bit true processName com.inkbattle.app
05-01 00:36:54.147  2657  3323 V OplusNPMS: getWarningNotification numWarningNotificaion10
05-01 00:36:54.147  2657  3323 V OplusNPMS: getWarningNotification numWarningNotificaion10
05-01 00:36:54.147  2657  3323 V OplusNPMS: getLimitNotificationState subID=2
05-01 00:36:54.147  2657  3323 V OplusNPMS: getLimitNotificationState mSubidToIccId != null
05-01 00:36:54.148  3653  3653 D OpenGLRenderer: RenderProxy::destroy: this=0xb4000073c0e25a00, mContext=0xb4000073cebeb500
05-01 00:36:54.148  3653  3993 D OpenGLRenderer: SkiaOpenGLPipeline::setSurface: this=0xb400007452ac0b00, surface=NULL
05-01 00:36:54.148  3653  3993 D BufferQueueProducer: [VRI[NotificationShade]#3124(BLAST Consumer)3124](id:e4500000c3c,api:1,p:3653,c:3653) disconnect: api 1
05-01 00:36:54.150  2657  3323 E OplusNPMS: dailyAlertCommand NOTIFICATION_LIMIT
05-01 00:36:54.151  2657  3323 D OplusNPMS: getDailyTotalBytes
05-01 00:36:54.151  2657  3323 D OplusNPMS: queryBytesFromCache 68265
05-01 00:36:54.157  2657  3323 D NetworkPolicy: getMonthTotalBytes
05-01 00:36:54.157  2657  3323 D OplusNPMS: queryBytesFromCache 68265
05-01 00:36:54.157  2657  3323 D NetworkPolicy: getMonthTotalBytes
05-01 00:36:54.157  2657  3323 D OplusNPMS: queryBytesFromCache 0
05-01 00:36:54.157  2657  3323 V OplusNPMS: getWarningNotification numWarningNotificaion10
05-01 00:36:54.157  2657  3323 V OplusNPMS: getWarningNotification numWarningNotificaion10
05-01 00:36:54.157  2657  3323 V OplusNPMS: getLimitNotificationState subID=2
05-01 00:36:54.157  2657  3323 V OplusNPMS: getLimitNotificationState mSubidToIccId != null
05-01 00:36:54.179  1525  1525 E vendor.oplus.hardware.wifi@1.1-service: command execute fail, reason code: 1
05-01 00:36:54.179  2657  2657 W OplusWifiHalServiceHidlImpl: executeDriverCommandWithResult(/vendor/bin/cat /sys/kernel/qca6390/power_stats) failed: -5
05-01 00:36:54.179  2657  2657 D OplusWifiHalServiceHidlImpl: leaving executeDriverCommandWithResult(/vendor/bin/cat /sys/kernel/qca6390/power_stats) with result = 
05-01 00:36:54.179  2657  2657 D OplusWifiHalServiceHidlImpl: entering executeDriverCommandWithResult(/vendor/bin/cat /sys/kernel/qca6750/power_stats)
05-01 00:36:54.179  1525  1525 D vendor.oplus.hardware.wifi@1.1-service: filePath is /vendor/bin/cat
05-01 00:36:54.179  1525  1525 D vendor.oplus.hardware.wifi@1.1-service: the command is:/vendor/bin/cat /sys/kernel/qca6750/power_stats
05-01 00:36:54.191  1356  5591 I vendor.qti.bluetooth@1.0-ibs_handler: ProcessIbsCmd: Received IBS_SLEEP_IND: 0xFE
05-01 00:36:54.194  7160  7647 W Battery : ThermalControlUtils: USER_PRESENT, Screen unlock.
05-01 00:36:54.194 26620 26620 I flutter : TOKEN:: eyJhbGciOiJIUzI1NiIsInR5cCI6IkpXVCJ9.eyJpZCI6MiwiaWF0IjoxNzc3NTc1OTE0LCJleHAiOjE3ODAxNjc5MTR9.Ae-FCNDXTyUSVmMdfz7FKLp4mjH6cO_lJFhugMxPCPs
05-01 00:36:54.194  1525  1525 E vendor.oplus.hardware.wifi@1.1-service: command execute fail, reason code: 1
05-01 00:36:54.194  2657  2657 W OplusWifiHalServiceHidlImpl: executeDriverCommandWithResult(/vendor/bin/cat /sys/kernel/qca6750/power_stats) failed: -5
05-01 00:36:54.194  2657  2657 D OplusWifiHalServiceHidlImpl: leaving executeDriverCommandWithResult(/vendor/bin/cat /sys/kernel/qca6750/power_stats) with result = 
05-01 00:36:54.194  2657  2657 D OplusWifiHalServiceHidlImpl: entering executeDriverCommandWithResult(/vendor/bin/cat /sys/kernel/qca6490/power_stats)
05-01 00:36:54.194  1525  1525 D vendor.oplus.hardware.wifi@1.1-service: filePath is /vendor/bin/cat
05-01 00:36:54.195  1525  1525 D vendor.oplus.hardware.wifi@1.1-service: the command is:/vendor/bin/cat /sys/kernel/qca6490/power_stats
05-01 00:36:54.195 26620 26620 D LocalStorageUtils: eyJhbGciOiJIUzI1NiIsInR5cCI6IkpXVCJ9.eyJpZCI6MiwiaWF0IjoxNzc3NTc1OTE0LCJleHAiOjE3ODAxNjc5MTR9.Ae-FCNDXTyUSVmMdfz7FKLp4mjH6cO_lJFhugMxPCPs
05-01 00:36:54.200  1369 32167 E sensors-hal: ssc_conn_event_cb:661, event[0] msg_id=1025, ts=3867197428991 sensor_type = device_orient  Wakeup
05-01 00:36:54.200  1369 32167 E sensors-hal: handle_sns_client_event:58, ro.build.flavor defined by oplus
05-01 00:36:54.200  1369 32167 E sensors-hal: handle_sns_client_event:116, device_orient_event:oplus ts=201411843325369, type=4, count=3896
05-01 00:36:54.202  2657  2683 V WindowOrientationListener: onSensorChanged mDesiredRotation = 4
05-01 00:36:54.216  1525  1525 E vendor.oplus.hardware.wifi@1.1-service: command execute fail, reason code: 1
05-01 00:36:54.216  2657  2657 W OplusWifiHalServiceHidlImpl: executeDriverCommandWithResult(/vendor/bin/cat /sys/kernel/qca6490/power_stats) failed: -5
05-01 00:36:54.216  2657  2657 D OplusWifiHalServiceHidlImpl: leaving executeDriverCommandWithResult(/vendor/bin/cat /sys/kernel/qca6490/power_stats) with result = 
05-01 00:36:54.216  2657  2657 D OplusWifiHalServiceHidlImpl: entering executeDriverCommandWithResult(/vendor/bin/cat /sys/kernel/kiwi_v2/power_stats)
05-01 00:36:54.217  1525  1525 D vendor.oplus.hardware.wifi@1.1-service: filePath is /vendor/bin/cat
05-01 00:36:54.217  1525  1525 D vendor.oplus.hardware.wifi@1.1-service: the command is:/vendor/bin/cat /sys/kernel/kiwi_v2/power_stats
05-01 00:36:54.221 11158 11189 I MMKV    : <MMKV_IO.cpp:456::writeActualSize> [mmkv.default] increase sequence to 17423, crc 2978681519, actualSize 505
05-01 00:36:54.221  2657  4663 I Quality : GetResourcesInfo:151482917,/system_ext/priv-app/SystemUI/SystemUI.apk
05-01 00:36:54.221  2657  4663 E system_server: No package ID ff found for ID 0xffffffff.
05-01 00:36:54.222  2657  4663 I WindowManager: Window{258fef6 u0 OnScreenFingerprintIcon} state from HAS_DRAWN to NO_SURFACE; reason: destroySurface
05-01 00:36:54.224  1625  1625 D Layer   : reparent to null sequence=48192, seq[4], name=OnScreenFingerprintIcon#48192
05-01 00:36:54.229  1525  1525 E vendor.oplus.hardware.wifi@1.1-service: command execute fail, reason code: 1
05-01 00:36:54.229  2657  2657 W OplusWifiHalServiceHidlImpl: executeDriverCommandWithResult(/vendor/bin/cat /sys/kernel/kiwi_v2/power_stats) failed: -5
05-01 00:36:54.229  2657  2657 D OplusWifiHalServiceHidlImpl: leaving executeDriverCommandWithResult(/vendor/bin/cat /sys/kernel/kiwi_v2/power_stats) with result = 
05-01 00:36:54.229  2657  2657 D OplusWifiPowerStatsManager: strStartIndex = 36 strEndIndex= 72
05-01 00:36:54.229  2657  2657 D OplusWifiPowerStatsManager: wlan fw idle time from open wifi : 170861234
05-01 00:36:54.229  2657  2657 E OplusConnLpmEventObsever: updateCollectInfo finish
05-01 00:36:54.229  2657  2657 W Looper  : Slow dispatch took 118ms main h=android.app.ActivityThread$H c=android.app.LoadedApk$ReceiverDispatcher$Args$$ExternalSyntheticLambda0@64a3c41 m=0
05-01 00:36:54.229  2657  2657 W Looper  : Slow delivery took 243ms main h=android.app.ActivityThread$H c=android.app.LoadedApk$ReceiverDispatcher$Args$$ExternalSyntheticLambda0@5a9cec3 m=0
05-01 00:36:54.229  2657  2657 D NotificationService--OplusBreathLights: onReceive android.intent.action.USER_PRESENT
05-01 00:36:54.230  2657  2657 D OplusPowerMonitor: Receive broadcast android.intent.action.USER_PRESENT
05-01 00:36:54.232  2657  6799 W InputManager-JNI: Input channel object '55507ef SnapshotStartingWindow for taskId=330 (client)' was disposed without first being removed with the input manager!
05-01 00:36:54.233  2657  6799 I SurfaceAnimationRunner: startAnimation requiresEdgeExtension=false, animationLeash=Surface(name=Surface(name=55507ef SnapshotStartingWindow for taskId=330)/@0xba6606e - animation-leash of window_animation)/@0xa4cc30f, runningAnim=com.android.server.wm.SurfaceAnimationRunner$RunningAnimation@2b7cf9c, mPreProcessingAnimations={}
05-01 00:36:54.237  2657  4773 V WindowManager: Relayout Window{b4841a5 u0 NotificationShade}: viewVisibility=4, oldvis=0, req=1080x2400
05-01 00:36:54.237  3653  4292 D BufferQueueConsumer: [VRI[OnScreenFingerprintIcon]#3127(BLAST Consumer)3127](id:e4500000c3f,api:0,p:-1,c:3653) disconnect
05-01 00:36:54.237  2657  4773 I WindowManager: Window{b4841a5 u0 NotificationShade} state from HAS_DRAWN to NO_SURFACE; reason: destroySurface
05-01 00:36:54.237  2657  4379 I OplusProxyWakeLock: add uid: 10480 wakelock: lock:206133762 PARTIAL_WAKE_LOCK              '*job*' (uid=1000 pid=2657 ws=WorkSource{10480 com.etrade.mobilepro.activity})  to FroceReleaseWakeLock list
05-01 00:36:54.238  2657  2728 D DpcExtImpl[0]: getLowPowerModeBtnExp for PowerSave mode brightnessState 1576.0, factor 0.5
05-01 00:36:54.238  2657  2728 D DpcExtImpl[0]: original brightness:1488 final brightness:1108.0 scale:0.7450146 reason:4 darkLevel:2
05-01 00:36:54.238  2657  2728 D OplusSmartBrightnessController: force rate to be fast displayId[0]=123 -> 6400 boostMode=1
05-01 00:36:54.238  2657  4379 D DisplayManagerServiceExtImpl: request size(1,1),dpc=com.android.server.display.DisplayPowerController@21c7ed2 size(0,1),flags=0X200F,id(0,0,local:4630946728207028353), phase=1, enable=true, ready=false,prox=true policy=BRIGHT,dozeState=UNKNOWN,screenBrightnessOverride=-1.000000,useAuto=true,lowPower=true,lowPowerFactor=0.500000
05-01 00:36:54.238  2657  2728 D DisplayPowerController[0]: Brightness [1108.5985] reason changing to: 'automatic [ auto_adj low_pwr ]', previous reason: 'automatic [ low_pwr ]'. id=local:4630946728207028353
05-01 00:36:54.238  2657  2728 I DisplayPowerController[0]: BrightnessEvent: disp=0, brt=1108.5985, rcmdBrt=NaN, preBrt=NaN, lux=0.0, preLux=0.0, hbmMax=1.0, hbmMode=off, thrmMax=1.0, flags=, reason=automatic [ auto_adj low_pwr ]
05-01 00:36:54.238  2657  2728 D DpcExtImpl[0]: RECORD:onUpdatePowerState policy:3 state:2 brightness:1108
05-01 00:36:54.238  2657  2728 D DisplayManagerServiceExtImpl: request size(1,1),dpc=com.android.server.display.DisplayPowerController@21c7ed2 size(0,1),flags=0X200F,id(0,0,local:4630946728207028353), phase=1, enable=true, ready=true,prox=false policy=BRIGHT,dozeState=UNKNOWN,screenBrightnessOverride=-1.000000,useAuto=true,lowPower=true,lowPowerFactor=0.500000
05-01 00:36:54.239  2657  6828 D OplusUIFirst: disable slide boost in system ui
05-01 00:36:54.240  7356  7392 E IHansComunication: HANS printMessageBody: RCV message: type = 0,port = 86870,caller_pid = 1926,caller_uid = 1047,target_pid = 25749,target_uid = 10480,pkg_cmd = -1,rpc = android.hardware.ICameraServiceListener/5
05-01 00:36:54.240  7356  7392 E IHansComunication: HANS printMessageBody: RCV message: type = 0,port = 86870,caller_pid = 1926,caller_uid = 1047,target_pid = 27273,target_uid = 10443,pkg_cmd = -1,rpc = android.hardware.ICameraServiceListener/5
05-01 00:36:54.240  2657  6828 D OplusUIFirst_FB: com.android.systemui moveToBack 3653
05-01 00:36:54.241  1625  1625 D Layer   : reparent to null sequence=48186, seq[7], name=NotificationShade#48186
05-01 00:36:54.241  3653  3653 D BufferQueueConsumer: [VRI[NotificationShade]#3124(BLAST Consumer)3124](id:e4500000c3c,api:0,p:-1,c:3653) disconnect
05-01 00:36:54.247  3653  4292 D OpenGLRenderer: RenderProxy::destroy: this=0xb40000744c8ee600, mContext=0xb40000736f0acdc0
05-01 00:36:54.248  2657  2687 D SurfaceAnimationRunner: onAnimationStart:Surface(name=Surface(name=55507ef SnapshotStartingWindow for taskId=330)/@0xba6606e - animation-leash of window_animation)/@0xa4cc30f
05-01 00:36:54.248  3653  3993 D OpenGLRenderer: SkiaOpenGLPipeline::setSurface: this=0xb4000073c0ff4c00, surface=NULL
05-01 00:36:54.248  3653  3993 D BufferQueueProducer: [VRI[OnScreenFingerprintPressedIcon]#3128(BLAST Consumer)3128](id:e4500000c40,api:1,p:3653,c:3653) disconnect: api 1
05-01 00:36:54.249  2657  4090 I OplusHansManager : unfreeze uid: 10480 com.etrade.mobilepro.activity pids: [25749, 26526] reason: AsyncBinder scene: LcdOn
05-01 00:36:54.251  2657  4088 I OplusHansManager : uid=10480, pkg=com.etrade.mobilepro.activity, transition from F to Middle, reason=AsyncBinder
05-01 00:36:54.251  2657  4088 I OplusHansManager : uid=10480, pkg=com.etrade.mobilepro.activity F exit(), F stay=0, reason=AsyncBinder
05-01 00:36:54.255  2657  4090 I OplusHansManager : unfreeze uid: 10443 com.dubox.drive pids: [27273, 28212] reason: AsyncBinder scene: LcdOn
05-01 00:36:54.255  2657  4088 I OplusHansManager : uid=10443, pkg=com.dubox.drive, transition from F to Middle, reason=AsyncBinder
05-01 00:36:54.255  2657  4088 I OplusHansManager : uid=10443, pkg=com.dubox.drive F exit(), F stay=0, reason=AsyncBinder
05-01 00:36:54.255  2657  4379 D OplusProxyWakeLock: restore uid :10480 wakelock: lock:206133762 PARTIAL_WAKE_LOCK              '*job*' (uid=1000 pid=2657 ws=WorkSource{10480 com.etrade.mobilepro.activity})
05-01 00:36:54.256  3653  3653 I AodRootLayout: onGlobalLayout visibility=8, screenOn true
05-01 00:36:54.257 13247 25697 D AudioManagerExtImpl: getStreamVolume packageName=com.facebook.katana, index=13, streamType=1
05-01 00:36:54.259 17620 17683 D AudioManagerExtImpl: getStreamVolume packageName=com.instagram.android, index=4, streamType=3
05-01 00:36:54.264 16297 16312 D OplusAtlasService: getAttributeByAppName module:oplus-getStreamMaxVolume packageName:com.instagram.android
05-01 00:36:54.264  2657  4663 V WindowManager: Relayout Window{785b1da u0 OnScreenFingerprintPressedIcon}: viewVisibility=8, oldvis=0, req=188x188
05-01 00:36:54.265  2657  2685 I VRR [OPlusRefreshRateManager]: hasADFRFeature return false
05-01 00:36:54.265  2657  4663 I WindowManager: Window{785b1da u0 OnScreenFingerprintPressedIcon} state from HAS_DRAWN to NO_SURFACE; reason: destroySurface
05-01 00:36:54.265  2657  2685 I DisplayManagerService: Comparing display specs: baseModeId=3 allowGroupSwitching=false primaryRefreshRateRange=[0 60] appRequestRefreshRateRange=[0 60] vrrPolicy=POLICY_DEFAULT, existing: baseModeId=1 allowGroupSwitching=false primaryRefreshRateRange=[0 120] appRequestRefreshRateRange=[0 120] vrrPolicy=POLICY_DEFAULT
05-01 00:36:54.265  2657  2685 D DisplayManagerServiceExtImpl: scheduleTraversalLocked intraversal=false
05-01 00:36:54.265  2657  2685 V SystemSensorManagerExtImpl: unRegisterListener by com.android.server.display.DisplayModeDirector$BrightnessObserver$LightSensorEventListener@8c58817
05-01 00:36:54.265  2657  2685 I VRR [OPlusRefreshRateManager]: hasADFRFeature return false
05-01 00:36:54.266  1625  1625 D Layer   : reparent to null sequence=48193, seq[4], name=OnScreenFingerprintPressedIcon#48193
05-01 00:36:54.266  1625  1625 I OplusOutputLayer: ~OplusOutputLayer destroy OnScreenFingerprintPressedIcon#48193
05-01 00:36:54.267  1625  1625 I DispPerfService: updateLayerMask 0
05-01 00:36:54.267  1625  2561 I OplusDEE: handleDEE: 0x00020001
05-01 00:36:54.268  1509  1509 D MMDisplayFeature: setFeatureValue, featureValue=131073, pid=0, forground=0
05-01 00:36:54.268  1509  1509 I ODisplayMessageHandler: removeMessage come in, line=121
05-01 00:36:54.268  1509  1509 I ODisplayMessageHandler: postMessage come in, line=132
05-01 00:36:54.268  1509  1509 D MMDisplayFeature: setFeatureValue, mFeatures=131072, featureValue=131073
05-01 00:36:54.268  1509  1535 I ODisplayMessageHandler: handleMessage MESSAGEAD
05-01 00:36:54.268  1509  1535 D OMMDisplayQcomPostproc: LTM on=1, set 0 to 1
05-01 00:36:54.268  1509  1535 D OMMDisplayQcomPostproc: sendDppsCommand: cmd=Ltm:On:Primary:Auto
05-01 00:36:54.269  1398  2618 I Dpps    : DppsServer::AddNewDppsClient():522 New DPPS client accepted, client fd = -1, poll idx 2
05-01 00:36:54.269  1398  2618 I Dpps    : DppsServer::HandleDppsClientEvent():1157 Incoming message on client fd 20: 'Ltm:On:Primary:Auto'
05-01 00:36:54.270  1398  3300 I Dpps    : LtmFeatureImp::GetSwConfig():621 mode_name default
05-01 00:36:54.271  1398  3300 I SDM     : DisplayBuiltIn::ControlPartialUpdate: partial update is not applicable for display id = 29
05-01 00:36:54.271  2657  4663 D DisplayManagerService: performTraversalInternal pendingTraversal
05-01 00:36:54.271  2657  4663 D DisplayDevice: setLayerStackLocked id=local:4630946728207028353 token=android.os.BinderProxy@3a97d60 stack=0->0
05-01 00:36:54.271 16297 16312 D OplusAtlasService: getAttributeByAppName module:oplus-getStreamMaxVolume packageName:com.facebook.katana
05-01 00:36:54.271 26620 28740 D AudioManagerExtImpl: getStreamVolume packageName=com.inkbattle.app, index=4, streamType=3
05-01 00:36:54.272 16297 16312 D OplusAtlasService: getAttributeByAppName module:oplus-getStreamMaxVolume packageName:com.inkbattle.app
05-01 00:36:54.275 13247 25697 D AudioManagerExtImpl: getStreamVolume packageName=com.facebook.katana, index=4, streamType=3
05-01 00:36:54.275  3653  4292 D BufferQueueConsumer: [VRI[OnScreenFingerprintPressedIcon]#3128(BLAST Consumer)3128](id:e4500000c40,api:0,p:-1,c:3653) disconnect
05-01 00:36:54.278  4096 16031 E OplusNetworkStackManager: callback len = 1
05-01 00:36:54.279  2657  3548 E OplusNetworkStackManager: callback len = 6
05-01 00:36:54.279  2657  3548 D OLK     : INetworkScoreCallback() networkId: 149 better = true, score = 94
05-01 00:36:54.279  2657  5566 W SensorService: SensorEventConnection sensor handle=51, package = hidl_client_pid_1398 enable
05-01 00:36:54.279  2657  5566 E SensorService: Required app hidl_client_pid_1398, uid 1000, pid 2657
05-01 00:36:54.279  4314  4725 E OplusNetworkStackManager: callback len = 2
05-01 00:36:54.279  4232 26041 E OplusNetworkStackManager: callback len = 1
05-01 00:36:54.279  2657  5566 D SensorServiceUtils: adjustOplusFusionLightArgs opPackageName = android.frameworks.sensorservice@1.0::ISensorManager, samplingPeriodNs = 500000000 ns, type = 5.
05-01 00:36:54.279  2657  5566 D SensorServiceUtils: adjustOplusFusionLightArgs normal period here.
05-01 00:36:54.279  2657  5566 D SensorService: enable sensor send lastEvent 51
05-01 00:36:54.279  2657  5566 D SensorServiceExtImpl: SensorServiceExtImpl oplusGeminiProximitySensor = 0
05-01 00:36:54.279  2657  5566 D SensorServiceUtils: setSamplingPeriodNs sensorType = 5, samplingPeriodNs = 500000000
05-01 00:36:54.279  2657  5566 D SensorServiceExtImpl: setSamplingPeriodNs SamplingPeriodNs =500000000
05-01 00:36:54.279  2657  5566 D SensorServiceExtImpl: SensorServiceExtImpl oplusGeminiProximitySensor = 0
05-01 00:36:54.279  2657  5566 D SensorService: SensorDevice::batch: ident=0xb40000744cc1f580, handle=0x00000033, flags=0, period_ns=500000000 timeout=0
05-01 00:36:54.279  2657  5566 D SensorService: 	>>> curr_period=200000000 min_period=200000000 curr_timeout=0 min_timeout=0
05-01 00:36:54.279  2657  5566 D SensorService: Calling batch handle==51 flags=0rate=500000000 timeout== 0
05-01 00:36:54.279  2657  5566 D SensorService: Calling activate on 51
05-01 00:36:54.279  2657  5566 D SensorService: SensorDevice::activate: ident=0xb40000744cc1f580, handle=0x00000033, enabled=1, count=3
05-01 00:36:54.279  2657  5566 D SensorService: enable index=2
05-01 00:36:54.279  2657  5566 D SensorService: info.numActiveClients() = 3, info.isActive = 1
05-01 00:36:54.279  2657  5566 D SensorService: activateHardware = 0
05-01 00:36:54.279 26983 26983 I PictorialApplication: [onReceive] ACTION_USER_PRESENT, mIsForeground=false, isAllActivityFinished=true
05-01 00:36:54.280  1398  2618 I Dpps    : DppsServer::HandleDppsClientEvent():1139 Client connection 20 has closed
05-01 00:36:54.280  1398  2618 I Dpps    : DppsServer::RemoveServerClient():388 closed fd 20 poll_idx 2
05-01 00:36:54.280  1509  1535 D OMMDisplayQcomPostproc: Response from sendDPPSCommand: ret=Success
05-01 00:36:54.283  2657  2657 W Looper  : Drained
05-01 00:36:54.286  1625  2571 I DispPerfService: set layer invisible: name = NotificationShade, invisible = 0, repaint = 1
05-01 00:36:54.287  2657  2685 V UsbDeviceManager: onKeyguardStateChanged: isShowing:false secure:true user:0
05-01 00:36:54.289 14029 32240 I NearbyMediums: ModuleInitializer handles incoming intent android.intent.action.USER_PRESENT
05-01 00:36:54.295 14029 14029 I RCNIntentOperation: RCN is disabled on this network.
05-01 00:36:54.298  2657  3150 D OplusSmartDozeHelper: smartdozehelper isSupportSmartDoze: true
05-01 00:36:54.298  2657  3150 D DeviceIdleHelper: setSmartDozeMode: enable = false
05-01 00:36:54.298  2657  3150 D OplusSmartDozeHelper: exitSmartDoze: 
05-01 00:36:54.299 26983 26983 I PictorialApplication: [onReceive] ACTION_USER_PRESENT
05-01 00:36:54.304  2657  6828 D BiometricService: canAuthenticate: User=0, Caller=0, Authenticators=255, opPackageName=com.google.android.gms
05-01 00:36:54.305  2657  6828 D BiometricService/PreAuthInfo: Package: com.google.android.gms Sensor ID: 0 Modality: 2 Status: 1
05-01 00:36:54.305  2657  6828 E OplusCustomizeRestrictionManagerService: isBiometricDisabled start
05-01 00:36:54.306  2657  6828 E OplusCustomizeRestrictionManagerService: isBiometricDisabled start
05-01 00:36:54.307  9825  9825 D BoundBrokerSvc: onBind: Intent { act=com.google.android.gms.auth.cryptauth.cryptauthservice.START dat=chimera-action:/... cmp=com.google.android.gms/.chimera.GmsBoundBrokerService }
05-01 00:36:54.307  9825  9825 D BoundBrokerSvc: Loading bound service for intent: Intent { act=com.google.android.gms.auth.cryptauth.cryptauthservice.START dat=chimera-action:/... cmp=com.google.android.gms/.chimera.GmsBoundBrokerService }
05-01 00:36:54.308  2657  6828 D Biometrics/Fingerprint21/OplusFingerprintManager: mRemote:com.android.server.biometrics.sensors.fingerprint.FingerprintService$FingerprintServiceWrapper@c1095de
05-01 00:36:54.308  2657  6828 D BiometricService/PreAuthInfo: Package: com.google.android.gms Sensor ID: 4 Modality: 8 Status: 7
05-01 00:36:54.309  2657  6828 D BiometricService/PreAuthInfo: getCanAuthenticateInternal Modality: 2 AuthenticatorStatus: 1
05-01 00:36:54.309  2657  6828 D AuthService: canAuthenticate, userId: 0, callingUserId: 0, authenticators: 255, result: 0
