05-01 00:36:56.136  1356  5591 I vendor.qti.bluetooth@1.0-ibs_handler: ProcessIbsCmd: Received IBS_SLEEP_IND: 0xFE
05-01 00:36:56.136  1356  5591 D vendor.qti.bluetooth@1.0-ibs_handler: SerialClockVote: vote for UART CLK OFF
05-01 00:36:56.150 26620 26620 I flutter : TOKEN:: eyJhbGciOiJIUzI1NiIsInR5cCI6IkpXVCJ9.eyJpZCI6MiwiaWF0IjoxNzc3NTc1OTE0LCJleHAiOjE3ODAxNjc5MTR9.Ae-FCNDXTyUSVmMdfz7FKLp4mjH6cO_lJFhugMxPCPs
05-01 00:36:56.150 26620 26620 I flutter : TOKEN:: eyJhbGciOiJIUzI1NiIsInR5cCI6IkpXVCJ9.eyJpZCI6MiwiaWF0IjoxNzc3NTc1OTE0LCJleHAiOjE3ODAxNjc5MTR9.Ae-FCNDXTyUSVmMdfz7FKLp4mjH6cO_lJFhugMxPCPs
05-01 00:36:56.151 26620 26620 I flutter : TOKEN:: eyJhbGciOiJIUzI1NiIsInR5cCI6IkpXVCJ9.eyJpZCI6MiwiaWF0IjoxNzc3NTc1OTE0LCJleHAiOjE3ODAxNjc5MTR9.Ae-FCNDXTyUSVmMdfz7FKLp4mjH6cO_lJFhugMxPCPs
05-01 00:36:56.151 26620 26620 I flutter : TOKEN:: eyJhbGciOiJIUzI1NiIsInR5cCI6IkpXVCJ9.eyJpZCI6MiwiaWF0IjoxNzc3NTc1OTE0LCJleHAiOjE3ODAxNjc5MTR9.Ae-FCNDXTyUSVmMdfz7FKLp4mjH6cO_lJFhugMxPCPs
05-01 00:36:56.154  4314  4725 D NetworkEvent: OplusNetworkEventCbProxy invoke.....onDnsEvent argslen:8
05-01 00:36:56.165 26620 26620 D LocalStorageUtils: eyJhbGciOiJIUzI1NiIsInR5cCI6IkpXVCJ9.eyJpZCI6MiwiaWF0IjoxNzc3NTc1OTE0LCJleHAiOjE3ODAxNjc5MTR9.Ae-FCNDXTyUSVmMdfz7FKLp4mjH6cO_lJFhugMxPCPs
05-01 00:36:56.165 26620 26620 D LocalStorageUtils: eyJhbGciOiJIUzI1NiIsInR5cCI6IkpXVCJ9.eyJpZCI6MiwiaWF0IjoxNzc3NTc1OTE0LCJleHAiOjE3ODAxNjc5MTR9.Ae-FCNDXTyUSVmMdfz7FKLp4mjH6cO_lJFhugMxPCPs
05-01 00:36:56.165 26620 26620 D LocalStorageUtils: eyJhbGciOiJIUzI1NiIsInR5cCI6IkpXVCJ9.eyJpZCI6MiwiaWF0IjoxNzc3NTc1OTE0LCJleHAiOjE3ODAxNjc5MTR9.Ae-FCNDXTyUSVmMdfz7FKLp4mjH6cO_lJFhugMxPCPs
05-01 00:36:56.166 26620 26620 D LocalStorageUtils: eyJhbGciOiJIUzI1NiIsInR5cCI6IkpXVCJ9.eyJpZCI6MiwiaWF0IjoxNzc3NTc1OTE0LCJleHAiOjE3ODAxNjc5MTR9.Ae-FCNDXTyUSVmMdfz7FKLp4mjH6cO_lJFhugMxPCPs
05-01 00:36:56.167  4314  4725 D NetworkEvent: OplusNetworkEventCbProxy invoke.....onDnsEvent argslen:8
05-01 00:36:56.182 26620 26620 I flutter : TOKEN:: eyJhbGciOiJIUzI1NiIsInR5cCI6IkpXVCJ9.eyJpZCI6MiwiaWF0IjoxNzc3NTc1OTE0LCJleHAiOjE3ODAxNjc5MTR9.Ae-FCNDXTyUSVmMdfz7FKLp4mjH6cO_lJFhugMxPCPs
05-01 00:36:56.183 26620 26620 I flutter : TOKEN:: eyJhbGciOiJIUzI1NiIsInR5cCI6IkpXVCJ9.eyJpZCI6MiwiaWF0IjoxNzc3NTc1OTE0LCJleHAiOjE3ODAxNjc5MTR9.Ae-FCNDXTyUSVmMdfz7FKLp4mjH6cO_lJFhugMxPCPs
05-01 00:36:56.196 26620 26620 D LocalStorageUtils: eyJhbGciOiJIUzI1NiIsInR5cCI6IkpXVCJ9.eyJpZCI6MiwiaWF0IjoxNzc3NTc1OTE0LCJleHAiOjE3ODAxNjc5MTR9.Ae-FCNDXTyUSVmMdfz7FKLp4mjH6cO_lJFhugMxPCPs
05-01 00:36:56.196 26620 26620 D LocalStorageUtils: eyJhbGciOiJIUzI1NiIsInR5cCI6IkpXVCJ9.eyJpZCI6MiwiaWF0IjoxNzc3NTc1OTE0LCJleHAiOjE3ODAxNjc5MTR9.Ae-FCNDXTyUSVmMdfz7FKLp4mjH6cO_lJFhugMxPCPs
05-01 00:36:56.198 16297 16347 D OplusAtlasService: getAttributeByAppName module:oplus-getStreamMaxVolume packageName:com.inkbattle.app
05-01 00:36:56.199 26620 32218 D AudioManagerExtImpl: getStreamVolume packageName=com.inkbattle.app, index=4, streamType=3
05-01 00:36:56.200 26620 27827 E FrameEvents: updateAcquireFence: Did not find frame.
05-01 00:36:56.203 16297 16347 D OplusAtlasService: getAttributeByAppName module:oplus-getStreamMaxVolume packageName:com.inkbattle.app
05-01 00:36:56.204 26620 32159 D AudioManagerExtImpl: getStreamVolume packageName=com.inkbattle.app, index=4, streamType=3
05-01 00:36:56.214 26620 26620 I flutter : TOKEN:: eyJhbGciOiJIUzI1NiIsInR5cCI6IkpXVCJ9.eyJpZCI6MiwiaWF0IjoxNzc3NTc1OTE0LCJleHAiOjE3ODAxNjc5MTR9.Ae-FCNDXTyUSVmMdfz7FKLp4mjH6cO_lJFhugMxPCPs
05-01 00:36:56.215 26620 26620 I flutter : TOKEN:: eyJhbGciOiJIUzI1NiIsInR5cCI6IkpXVCJ9.eyJpZCI6MiwiaWF0IjoxNzc3NTc1OTE0LCJleHAiOjE3ODAxNjc5MTR9.Ae-FCNDXTyUSVmMdfz7FKLp4mjH6cO_lJFhugMxPCPs
05-01 00:36:56.237 26620 26620 D LocalStorageUtils: eyJhbGciOiJIUzI1NiIsInR5cCI6IkpXVCJ9.eyJpZCI6MiwiaWF0IjoxNzc3NTc1OTE0LCJleHAiOjE3ODAxNjc5MTR9.Ae-FCNDXTyUSVmMdfz7FKLp4mjH6cO_lJFhugMxPCPs
05-01 00:36:56.237 26620 26620 D LocalStorageUtils: eyJhbGciOiJIUzI1NiIsInR5cCI6IkpXVCJ9.eyJpZCI6MiwiaWF0IjoxNzc3NTc1OTE0LCJleHAiOjE3ODAxNjc5MTR9.Ae-FCNDXTyUSVmMdfz7FKLp4mjH6cO_lJFhugMxPCPs
05-01 00:36:56.241 16297 16347 D OplusAtlasService: getAttributeByAppName module:oplus-getStreamMaxVolume packageName:com.inkbattle.app
05-01 00:36:56.242 26620 27827 E FrameEvents: updateAcquireFence: Did not find frame.
05-01 00:36:56.244 26620 32213 D AudioManagerExtImpl: getStreamVolume packageName=com.inkbattle.app, index=4, streamType=3
05-01 00:36:56.251 26620 26620 I flutter : TOKEN:: eyJhbGciOiJIUzI1NiIsInR5cCI6IkpXVCJ9.eyJpZCI6MiwiaWF0IjoxNzc3NTc1OTE0LCJleHAiOjE3ODAxNjc5MTR9.Ae-FCNDXTyUSVmMdfz7FKLp4mjH6cO_lJFhugMxPCPs
05-01 00:36:56.251  6641  6641 W TooltipLifecycleManager: TooltipLifecycleManager.dismissTooltips():153 Tooltip with id spell_check_add_to_dictionary not found in tooltipManager.
05-01 00:36:56.252 26620 26620 I flutter : TOKEN:: eyJhbGciOiJIUzI1NiIsInR5cCI6IkpXVCJ9.eyJpZCI6MiwiaWF0IjoxNzc3NTc1OTE0LCJleHAiOjE3ODAxNjc5MTR9.Ae-FCNDXTyUSVmMdfz7FKLp4mjH6cO_lJFhugMxPCPs
05-01 00:36:56.255 26620 26620 I Quality : Skipped: true 1 cost 16.706364 refreshRate 16607631 bit true processName com.inkbattle.app
05-01 00:36:56.260 16297 16347 D OplusAtlasService: getAttributeByAppName module:oplus-getStreamMaxVolume packageName:com.inkbattle.app
05-01 00:36:56.261 26620 32216 D AudioManagerExtImpl: getStreamVolume packageName=com.inkbattle.app, index=4, streamType=3
05-01 00:36:56.267 26620 26620 I flutter : TOKEN:: eyJhbGciOiJIUzI1NiIsInR5cCI6IkpXVCJ9.eyJpZCI6MiwiaWF0IjoxNzc3NTc1OTE0LCJleHAiOjE3ODAxNjc5MTR9.Ae-FCNDXTyUSVmMdfz7FKLp4mjH6cO_lJFhugMxPCPs
05-01 00:36:56.268 26620 26620 I flutter : TOKEN:: eyJhbGciOiJIUzI1NiIsInR5cCI6IkpXVCJ9.eyJpZCI6MiwiaWF0IjoxNzc3NTc1OTE0LCJleHAiOjE3ODAxNjc5MTR9.Ae-FCNDXTyUSVmMdfz7FKLp4mjH6cO_lJFhugMxPCPs
05-01 00:36:56.286  1356  5350 D vendor.qti.bluetooth@1.0-wake_lock: Release wakelock is released 
05-01 00:36:56.299 26620 26620 D LocalStorageUtils: eyJhbGciOiJIUzI1NiIsInR5cCI6IkpXVCJ9.eyJpZCI6MiwiaWF0IjoxNzc3NTc1OTE0LCJleHAiOjE3ODAxNjc5MTR9.Ae-FCNDXTyUSVmMdfz7FKLp4mjH6cO_lJFhugMxPCPs
05-01 00:36:56.299 26620 26620 D LocalStorageUtils: eyJhbGciOiJIUzI1NiIsInR5cCI6IkpXVCJ9.eyJpZCI6MiwiaWF0IjoxNzc3NTc1OTE0LCJleHAiOjE3ODAxNjc5MTR9.Ae-FCNDXTyUSVmMdfz7FKLp4mjH6cO_lJFhugMxPCPs
05-01 00:36:56.316 26620 26620 D LocalStorageUtils: eyJhbGciOiJIUzI1NiIsInR5cCI6IkpXVCJ9.eyJpZCI6MiwiaWF0IjoxNzc3NTc1OTE0LCJleHAiOjE3ODAxNjc5MTR9.Ae-FCNDXTyUSVmMdfz7FKLp4mjH6cO_lJFhugMxPCPs
05-01 00:36:56.317 26620 26620 D LocalStorageUtils: eyJhbGciOiJIUzI1NiIsInR5cCI6IkpXVCJ9.eyJpZCI6MiwiaWF0IjoxNzc3NTc1OTE0LCJleHAiOjE3ODAxNjc5MTR9.Ae-FCNDXTyUSVmMdfz7FKLp4mjH6cO_lJFhugMxPCPs
05-01 00:36:56.320 26620 26620 I flutter : TOKEN:: eyJhbGciOiJIUzI1NiIsInR5cCI6IkpXVCJ9.eyJpZCI6MiwiaWF0IjoxNzc3NTc1OTE0LCJleHAiOjE3ODAxNjc5MTR9.Ae-FCNDXTyUSVmMdfz7FKLp4mjH6cO_lJFhugMxPCPs
05-01 00:36:56.321 26620 26620 I Quality : Skipped: false 2 cost 49.339314 refreshRate 16607657 bit true processName com.inkbattle.app
05-01 00:36:56.324 16297 16347 D OplusAtlasService: getAttributeByAppName module:oplus-getStreamMaxVolume packageName:com.inkbattle.app
05-01 00:36:56.325 26620 32219 D AudioManagerExtImpl: getStreamVolume packageName=com.inkbattle.app, index=4, streamType=3
05-01 00:36:56.326 26620 27827 E FrameEvents: updateAcquireFence: Did not find frame.
05-01 00:36:56.335 26620 26620 I flutter : TOKEN:: eyJhbGciOiJIUzI1NiIsInR5cCI6IkpXVCJ9.eyJpZCI6MiwiaWF0IjoxNzc3NTc1OTE0LCJleHAiOjE3ODAxNjc5MTR9.Ae-FCNDXTyUSVmMdfz7FKLp4mjH6cO_lJFhugMxPCPs
05-01 00:36:56.335 26620 26620 I flutter : TOKEN:: eyJhbGciOiJIUzI1NiIsInR5cCI6IkpXVCJ9.eyJpZCI6MiwiaWF0IjoxNzc3NTc1OTE0LCJleHAiOjE3ODAxNjc5MTR9.Ae-FCNDXTyUSVmMdfz7FKLp4mjH6cO_lJFhugMxPCPs
05-01 00:36:56.355 26620 26620 D LocalStorageUtils: eyJhbGciOiJIUzI1NiIsInR5cCI6IkpXVCJ9.eyJpZCI6MiwiaWF0IjoxNzc3NTc1OTE0LCJleHAiOjE3ODAxNjc5MTR9.Ae-FCNDXTyUSVmMdfz7FKLp4mjH6cO_lJFhugMxPCPs
05-01 00:36:56.355 26620 26620 I Quality : Skipped: false 2 cost 33.30673 refreshRate 16607645 bit true processName com.inkbattle.app
05-01 00:36:56.359 16297 16347 D OplusAtlasService: getAttributeByAppName module:oplus-getStreamMaxVolume packageName:com.inkbattle.app
05-01 00:36:56.359 26620 27827 E FrameEvents: updateAcquireFence: Did not find frame.
05-01 00:36:56.360 26620 32217 D AudioManagerExtImpl: getStreamVolume packageName=com.inkbattle.app, index=4, streamType=3
05-01 00:36:56.362 16297 16347 D OplusAtlasService: getAttributeByAppName module:oplus-getStreamMaxVolume packageName:com.inkbattle.app
05-01 00:36:56.364 26620 32158 D AudioManagerExtImpl: getStreamVolume packageName=com.inkbattle.app, index=4, streamType=3
05-01 00:36:56.368 26620 26620 I flutter : TOKEN:: eyJhbGciOiJIUzI1NiIsInR5cCI6IkpXVCJ9.eyJpZCI6MiwiaWF0IjoxNzc3NTc1OTE0LCJleHAiOjE3ODAxNjc5MTR9.Ae-FCNDXTyUSVmMdfz7FKLp4mjH6cO_lJFhugMxPCPs
05-01 00:36:56.368 26620 26620 I flutter : TOKEN:: eyJhbGciOiJIUzI1NiIsInR5cCI6IkpXVCJ9.eyJpZCI6MiwiaWF0IjoxNzc3NTc1OTE0LCJleHAiOjE3ODAxNjc5MTR9.Ae-FCNDXTyUSVmMdfz7FKLp4mjH6cO_lJFhugMxPCPs
05-01 00:36:56.385 26620 26620 I flutter : TOKEN:: eyJhbGciOiJIUzI1NiIsInR5cCI6IkpXVCJ9.eyJpZCI6MiwiaWF0IjoxNzc3NTc1OTE0LCJleHAiOjE3ODAxNjc5MTR9.Ae-FCNDXTyUSVmMdfz7FKLp4mjH6cO_lJFhugMxPCPs
05-01 00:36:56.385 26620 26620 I flutter : TOKEN:: eyJhbGciOiJIUzI1NiIsInR5cCI6IkpXVCJ9.eyJpZCI6MiwiaWF0IjoxNzc3NTc1OTE0LCJleHAiOjE3ODAxNjc5MTR9.Ae-FCNDXTyUSVmMdfz7FKLp4mjH6cO_lJFhugMxPCPs
05-01 00:36:56.403 26620 26620 D LocalStorageUtils: eyJhbGciOiJIUzI1NiIsInR5cCI6IkpXVCJ9.eyJpZCI6MiwiaWF0IjoxNzc3NTc1OTE0LCJleHAiOjE3ODAxNjc5MTR9.Ae-FCNDXTyUSVmMdfz7FKLp4mjH6cO_lJFhugMxPCPs
05-01 00:36:56.404 26620 26620 D LocalStorageUtils: eyJhbGciOiJIUzI1NiIsInR5cCI6IkpXVCJ9.eyJpZCI6MiwiaWF0IjoxNzc3NTc1OTE0LCJleHAiOjE3ODAxNjc5MTR9.Ae-FCNDXTyUSVmMdfz7FKLp4mjH6cO_lJFhugMxPCPs
05-01 00:36:56.407 16297 16347 D OplusAtlasService: getAttributeByAppName module:oplus-getStreamMaxVolume packageName:com.inkbattle.app
05-01 00:36:56.409 26620 32129 D AudioManagerExtImpl: getStreamVolume packageName=com.inkbattle.app, index=4, streamType=3
05-01 00:36:56.417 26620 26620 D LocalStorageUtils: eyJhbGciOiJIUzI1NiIsInR5cCI6IkpXVCJ9.eyJpZCI6MiwiaWF0IjoxNzc3NTc1OTE0LCJleHAiOjE3ODAxNjc5MTR9.Ae-FCNDXTyUSVmMdfz7FKLp4mjH6cO_lJFhugMxPCPs
05-01 00:36:56.419 26620 26620 D LocalStorageUtils: eyJhbGciOiJIUzI1NiIsInR5cCI6IkpXVCJ9.eyJpZCI6MiwiaWF0IjoxNzc3NTc1OTE0LCJleHAiOjE3ODAxNjc5MTR9.Ae-FCNDXTyUSVmMdfz7FKLp4mjH6cO_lJFhugMxPCPs
05-01 00:36:56.420 26620 26620 I Quality : Skipped: false 2 cost 48.679565 refreshRate 16616287 bit true processName com.inkbattle.app
05-01 00:36:56.424 26620 27827 E FrameEvents: updateAcquireFence: Did not find frame.
05-01 00:36:56.424 16297 16347 D OplusAtlasService: getAttributeByAppName module:oplus-getStreamMaxVolume packageName:com.inkbattle.app
05-01 00:36:56.427 26620 32220 D AudioManagerExtImpl: getStreamVolume packageName=com.inkbattle.app, index=4, streamType=3
05-01 00:36:56.433 26620 26620 I flutter : TOKEN:: eyJhbGciOiJIUzI1NiIsInR5cCI6IkpXVCJ9.eyJpZCI6MiwiaWF0IjoxNzc3NTc1OTE0LCJleHAiOjE3ODAxNjc5MTR9.Ae-FCNDXTyUSVmMdfz7FKLp4mjH6cO_lJFhugMxPCPs
05-01 00:36:56.433 26620 26620 I flutter : TOKEN:: eyJhbGciOiJIUzI1NiIsInR5cCI6IkpXVCJ9.eyJpZCI6MiwiaWF0IjoxNzc3NTc1OTE0LCJleHAiOjE3ODAxNjc5MTR9.Ae-FCNDXTyUSVmMdfz7FKLp4mjH6cO_lJFhugMxPCPs
05-01 00:36:56.441 26620 26620 D LocalStorageUtils: eyJhbGciOiJIUzI1NiIsInR5cCI6IkpXVCJ9.eyJpZCI6MiwiaWF0IjoxNzc3NTc1OTE0LCJleHAiOjE3ODAxNjc5MTR9.Ae-FCNDXTyUSVmMdfz7FKLp4mjH6cO_lJFhugMxPCPs
05-01 00:36:56.445 26620 26620 D LocalStorageUtils: eyJhbGciOiJIUzI1NiIsInR5cCI6IkpXVCJ9.eyJpZCI6MiwiaWF0IjoxNzc3NTc1OTE0LCJleHAiOjE3ODAxNjc5MTR9.Ae-FCNDXTyUSVmMdfz7FKLp4mjH6cO_lJFhugMxPCPs
05-01 00:36:56.451 26620 26620 I flutter : TOKEN:: eyJhbGciOiJIUzI1NiIsInR5cCI6IkpXVCJ9.eyJpZCI6MiwiaWF0IjoxNzc3NTc1OTE0LCJleHAiOjE3ODAxNjc5MTR9.Ae-FCNDXTyUSVmMdfz7FKLp4mjH6cO_lJFhugMxPCPs
05-01 00:36:56.452 26620 26620 I flutter : TOKEN:: eyJhbGciOiJIUzI1NiIsInR5cCI6IkpXVCJ9.eyJpZCI6MiwiaWF0IjoxNzc3NTc1OTE0LCJleHAiOjE3ODAxNjc5MTR9.Ae-FCNDXTyUSVmMdfz7FKLp4mjH6cO_lJFhugMxPCPs
05-01 00:36:56.454 16297 16347 D OplusAtlasService: getAttributeByAppName module:oplus-getStreamMaxVolume packageName:com.inkbattle.app
05-01 00:36:56.455 26620 26620 I flutter : TOKEN:: eyJhbGciOiJIUzI1NiIsInR5cCI6IkpXVCJ9.eyJpZCI6MiwiaWF0IjoxNzc3NTc1OTE0LCJleHAiOjE3ODAxNjc5MTR9.Ae-FCNDXTyUSVmMdfz7FKLp4mjH6cO_lJFhugMxPCPs
05-01 00:36:56.455 26620 26620 I Quality : Skipped: true 2 cost 33.50883 refreshRate 16626101 bit true processName com.inkbattle.app
05-01 00:36:56.455  2657  6799 D OplusWindowManagerServiceEnhance: setInsetAnimationTid: pid 26620 tid 26620 enable false
05-01 00:36:56.456 26620 26620 I Quality : ime_anim_jank:1,49817829,2
05-01 00:36:56.457 26620 32159 D AudioManagerExtImpl: getStreamVolume packageName=com.inkbattle.app, index=4, streamType=3
05-01 00:36:56.462 26620 27827 E FrameEvents: updateAcquireFence: Did not find frame.
05-01 00:36:56.473 26620 26620 I flutter : TOKEN:: eyJhbGciOiJIUzI1NiIsInR5cCI6IkpXVCJ9.eyJpZCI6MiwiaWF0IjoxNzc3NTc1OTE0LCJleHAiOjE3ODAxNjc5MTR9.Ae-FCNDXTyUSVmMdfz7FKLp4mjH6cO_lJFhugMxPCPs
05-01 00:36:56.473 26620 26620 I flutter : TOKEN:: eyJhbGciOiJIUzI1NiIsInR5cCI6IkpXVCJ9.eyJpZCI6MiwiaWF0IjoxNzc3NTc1OTE0LCJleHAiOjE3ODAxNjc5MTR9.Ae-FCNDXTyUSVmMdfz7FKLp4mjH6cO_lJFhugMxPCPs
05-01 00:36:56.488 26620 26620 I flutter : TOKEN:: eyJhbGciOiJIUzI1NiIsInR5cCI6IkpXVCJ9.eyJpZCI6MiwiaWF0IjoxNzc3NTc1OTE0LCJleHAiOjE3ODAxNjc5MTR9.Ae-FCNDXTyUSVmMdfz7FKLp4mjH6cO_lJFhugMxPCPs
05-01 00:36:56.502 26620 26620 D LocalStorageUtils: eyJhbGciOiJIUzI1NiIsInR5cCI6IkpXVCJ9.eyJpZCI6MiwiaWF0IjoxNzc3NTc1OTE0LCJleHAiOjE3ODAxNjc5MTR9.Ae-FCNDXTyUSVmMdfz7FKLp4mjH6cO_lJFhugMxPCPs
05-01 00:36:56.503 26620 26620 D LocalStorageUtils: eyJhbGciOiJIUzI1NiIsInR5cCI6IkpXVCJ9.eyJpZCI6MiwiaWF0IjoxNzc3NTc1OTE0LCJleHAiOjE3ODAxNjc5MTR9.Ae-FCNDXTyUSVmMdfz7FKLp4mjH6cO_lJFhugMxPCPs
05-01 00:36:56.504 26620 26620 D LocalStorageUtils: eyJhbGciOiJIUzI1NiIsInR5cCI6IkpXVCJ9.eyJpZCI6MiwiaWF0IjoxNzc3NTc1OTE0LCJleHAiOjE3ODAxNjc5MTR9.Ae-FCNDXTyUSVmMdfz7FKLp4mjH6cO_lJFhugMxPCPs
05-01 00:36:56.504 26620 26620 D LocalStorageUtils: eyJhbGciOiJIUzI1NiIsInR5cCI6IkpXVCJ9.eyJpZCI6MiwiaWF0IjoxNzc3NTc1OTE0LCJleHAiOjE3ODAxNjc5MTR9.Ae-FCNDXTyUSVmMdfz7FKLp4mjH6cO_lJFhugMxPCPs
05-01 00:36:56.507 26620 26620 D LocalStorageUtils: eyJhbGciOiJIUzI1NiIsInR5cCI6IkpXVCJ9.eyJpZCI6MiwiaWF0IjoxNzc3NTc1OTE0LCJleHAiOjE3ODAxNjc5MTR9.Ae-FCNDXTyUSVmMdfz7FKLp4mjH6cO_lJFhugMxPCPs
05-01 00:36:56.519 26620 26620 I Quality : Skipped: false 2 cost 47.146362 refreshRate 16626569 bit true processName com.inkbattle.app
05-01 00:36:56.521 16297 16347 D OplusAtlasService: getAttributeByAppName module:oplus-getStreamMaxVolume packageName:com.inkbattle.app
05-01 00:36:56.522 26620 32214 D AudioManagerExtImpl: getStreamVolume packageName=com.inkbattle.app, index=4, streamType=3
05-01 00:36:56.523 26620 27827 E FrameEvents: updateAcquireFence: Did not find frame.
05-01 00:36:56.534 26620 26620 D LocalStorageUtils: eyJhbGciOiJIUzI1NiIsInR5cCI6IkpXVCJ9.eyJpZCI6MiwiaWF0IjoxNzc3NTc1OTE0LCJleHAiOjE3ODAxNjc5MTR9.Ae-FCNDXTyUSVmMdfz7FKLp4mjH6cO_lJFhugMxPCPs
05-01 00:36:56.535 26620 26620 D LocalStorageUtils: eyJhbGciOiJIUzI1NiIsInR5cCI6IkpXVCJ9.eyJpZCI6MiwiaWF0IjoxNzc3NTc1OTE0LCJleHAiOjE3ODAxNjc5MTR9.Ae-FCNDXTyUSVmMdfz7FKLp4mjH6cO_lJFhugMxPCPs
05-01 00:36:56.540 26620 26620 D LocalStorageUtils: eyJhbGciOiJIUzI1NiIsInR5cCI6IkpXVCJ9.eyJpZCI6MiwiaWF0IjoxNzc3NTc1OTE0LCJleHAiOjE3ODAxNjc5MTR9.Ae-FCNDXTyUSVmMdfz7FKLp4mjH6cO_lJFhugMxPCPs
05-01 00:36:56.543 26620 26620 I flutter : TOKEN:: eyJhbGciOiJIUzI1NiIsInR5cCI6IkpXVCJ9.eyJpZCI6MiwiaWF0IjoxNzc3NTc1OTE0LCJleHAiOjE3ODAxNjc5MTR9.Ae-FCNDXTyUSVmMdfz7FKLp4mjH6cO_lJFhugMxPCPs
05-01 00:36:56.553 16297 16347 D OplusAtlasService: getAttributeByAppName module:oplus-getStreamMaxVolume packageName:com.inkbattle.app
05-01 00:36:56.553 26620 26620 I Quality : Skipped: false 1 cost 31.42607 refreshRate 16626155 bit true processName com.inkbattle.app
05-01 00:36:56.556 26620 32216 D AudioManagerExtImpl: getStreamVolume packageName=com.inkbattle.app, index=4, streamType=3
05-01 00:36:56.557 16297 16347 D OplusAtlasService: getAttributeByAppName module:oplus-getStreamMaxVolume packageName:com.inkbattle.app
05-01 00:36:56.558 26620 27827 E FrameEvents: updateAcquireFence: Did not find frame.
05-01 00:36:56.558 26620 32219 D AudioManagerExtImpl: getStreamVolume packageName=com.inkbattle.app, index=4, streamType=3
05-01 00:36:56.574 26620 26620 D LocalStorageUtils: eyJhbGciOiJIUzI1NiIsInR5cCI6IkpXVCJ9.eyJpZCI6MiwiaWF0IjoxNzc3NTc1OTE0LCJleHAiOjE3ODAxNjc5MTR9.Ae-FCNDXTyUSVmMdfz7FKLp4mjH6cO_lJFhugMxPCPs
05-01 00:36:56.575 26620 26620 I flutter : TOKEN:: eyJhbGciOiJIUzI1NiIsInR5cCI6IkpXVCJ9.eyJpZCI6MiwiaWF0IjoxNzc3NTc1OTE0LCJleHAiOjE3ODAxNjc5MTR9.Ae-FCNDXTyUSVmMdfz7FKLp4mjH6cO_lJFhugMxPCPs
05-01 00:36:56.583 26620 26620 I Quality : Skipped: true 1 cost 28.783644 refreshRate 16626528 bit true processName com.inkbattle.app
05-01 00:36:56.584 16297 16347 D OplusAtlasService: getAttributeByAppName module:oplus-getStreamMaxVolume packageName:com.inkbattle.app
05-01 00:36:56.585 26620 26620 D LocalStorageUtils: eyJhbGciOiJIUzI1NiIsInR5cCI6IkpXVCJ9.eyJpZCI6MiwiaWF0IjoxNzc3NTc1OTE0LCJleHAiOjE3ODAxNjc5MTR9.Ae-FCNDXTyUSVmMdfz7FKLp4mjH6cO_lJFhugMxPCPs
05-01 00:36:56.585 26620 32217 D AudioManagerExtImpl: getStreamVolume packageName=com.inkbattle.app, index=4, streamType=3
05-01 00:36:56.592  2402  2826 D QmiClient: qmiServiceEventCallback recv msg id 78
05-01 00:36:56.592  2402  2826 D QmiNasClient: enter : onQmiServiceEventCallback msgId 78
05-01 00:36:56.592  2402  2826 D QmiNasClientEvent: qmiNasClientNotifySysInfoEvent lte_ims_voice_avail_valid 1
05-01 00:36:56.592  2402  2462 D NasProxy: handleMessage msg is 2101
05-01 00:36:56.592  2402  2462 D NasProxy: handleNasSysInfoEvent for instance 0
05-01 00:36:56.593  2407  2832 D QmiClient: qmiServiceEventCallback recv msg id 78
05-01 00:36:56.593  2407  2832 D QmiNasClient: enter : onQmiServiceEventCallback msgId 78
05-01 00:36:56.593  2407  2832 D QmiNasClientEvent: qmiNasClientNotifySysInfoEvent lte_ims_voice_avail_valid 1
05-01 00:36:56.594  2407  2463 D NasProxy: handleMessage msg is 2101
05-01 00:36:56.594  2407  2463 D NasProxy: handleNasSysInfoEvent for instance 1
05-01 00:36:56.599  4148  4268 I QImsService: ImsHalIndication : oemCommonInd msg = notifyOnVopsChanged
05-01 00:36:56.600  4148  4268 I QImsService: ImsRadioIndicationHidl : onVopsChanged()
05-01 00:36:56.600  4148  4268 I QImsService: ImsSenderRxr : [UNSL]< UNSOL_VOPS_CHANGED true[SUB0]
05-01 00:36:56.602  4148  4148 I QImsService: ImsServiceSubHandler : Message received: what = 25
05-01 00:36:56.602  4148  4148 I QImsService: ImsServiceSub : [0] broadcastVopsSsacIntent Vops = true , Ssac = false , PhoneId = 0
05-01 00:36:56.633 26620 26620 I flutter : TOKEN:: eyJhbGciOiJIUzI1NiIsInR5cCI6IkpXVCJ9.eyJpZCI6MiwiaWF0IjoxNzc3NTc1OTE0LCJleHAiOjE3ODAxNjc5MTR9.Ae-FCNDXTyUSVmMdfz7FKLp4mjH6cO_lJFhugMxPCPs
05-01 00:36:56.634 26620 26620 D LocalStorageUtils: eyJhbGciOiJIUzI1NiIsInR5cCI6IkpXVCJ9.eyJpZCI6MiwiaWF0IjoxNzc3NTc1OTE0LCJleHAiOjE3ODAxNjc5MTR9.Ae-FCNDXTyUSVmMdfz7FKLp4mjH6cO_lJFhugMxPCPs
05-01 00:36:56.641  4040  4967 W IWlanNetworkService: 12147 > Response Processed
05-01 00:36:56.665 26620 27827 E FrameEvents: updateAcquireFence: Did not find frame.
05-01 00:36:56.697  4232  4232 D OplusNecManager: broadcastServiceStateChanged slotId:0oos:false
05-01 00:36:56.716  2657  3461 D OGG_Detector: D:done mCurrStatus: 0
05-01 00:36:56.716  6641  6641 D VRI[InputMethod]: handleWindowFocusChanged mWindowFocusChanged false mUpcomingWindowFocus false mAdded true
05-01 00:36:56.716  2657  3296 D PowerManagerService: userActivityNoUpdateLocked: groupId=0, eventTime=118020996, event=2, flags=0x0, uid=1000
05-01 00:36:56.737  6641  6641 D VRI[InputMethod]: handleWindowFocusChanged mWindowFocusChanged false mUpcomingWindowFocus false mAdded true
05-01 00:36:56.755  6641  6641 D VRI[InputMethod]: handleWindowFocusChanged mWindowFocusChanged false mUpcomingWindowFocus false mAdded true
05-01 00:36:56.772  6641  6641 D VRI[InputMethod]: handleWindowFocusChanged mWindowFocusChanged false mUpcomingWindowFocus false mAdded true
05-01 00:36:56.776  7356  7406 D IHansComunication: HANS sendMessageToKernel: threadId = 526236236976, netLinkSetup = 1, type = FROZEN_TRANS, targetUid = 10480, pkgCmd = PKG_CMD_MAX
05-01 00:36:56.790 12097 32295 W adbd    : timed out while waiting for FUNCTIONFS_BIND, trying again
05-01 00:36:56.791 12097 32295 I adbd    : UsbFfs: connection terminated: monitor thread finished
05-01 00:36:56.791  7356  7406 D IHansComunication: HANS sendMessageToKernel: threadId = 526236236976, netLinkSetup = 1, type = FROZEN_TRANS, targetUid = 10443, pkgCmd = PKG_CMD_MAX
05-01 00:36:56.799  1402  6068 E ANDR-PERF-LM: GamePerfEngine: runAsyncPeriodic() 619: AppState st 98
05-01 00:36:56.804  6641  6641 D VRI[InputMethod]: handleWindowFocusChanged mWindowFocusChanged false mUpcomingWindowFocus false mAdded true
05-01 00:36:56.805 12097 12133 I adbd    : opening control endpoint /dev/usb-ffs/adb/ep0
05-01 00:36:56.829  2657  6799 D InputMethodManagerService: isSecurity: attribute.packageName = com.inkbattle.app mCurMethodId = com.google.android.inputmethod.latin/com.android.inputmethod.latin.LatinIME isSecurity = false ( enable = false needShow = false inBlackList = false isExist = true )
05-01 00:36:56.831  6641  6641 I GoogleInputMethodService: GoogleInputMethodService.onStartInput():1446 onStartInput(EditorInfo{EditorInfo{packageName=com.inkbattle.app, inputType=8001, inputTypeString=Normal[AutoCorrect], enableLearning=true, autoCorrection=true, autoComplete=true, imeOptions=2000006, privateImeOptions=null, actionName=DONE, actionLabel=null, initialSelStart=1, initialSelEnd=1, initialCapsMode=0, label=null, fieldId=1, fieldName=null, extras=Bundle[{com.oplus.im.SCENES=0}], hintText=null, hintLocales=[]}}, true)
05-01 00:36:56.831  6641  6641 W SessionManager: SessionManager.beginSession():72 Try to begin an already begun session [INPUT_SESSION], end it first
05-01 00:36:56.831  6641  6641 W SessionManager: SessionManager.endSession():119 Child session [INPUT_VIEW_SESSION] is not ended while ending session [{TRAINING_CACHE_SESSION=1777576016047, INPUT_VIEW_SESSION=1777576016030, IME_SESSION=1777576016046, INPUT_SESSION=1777576016014}], ending it now.
05-01 00:36:56.831 26620 26620 D InputMethodManager: showSoftInput() view=io.flutter.embedding.android.FlutterView{841a911 VFE...... .F...... 0,0-1080,2400 #1 aid=1073741824 viewInfo = } flags=0 reason=SHOW_SOFT_INPUT
05-01 00:36:56.831  6641  6641 W SessionManager: SessionManager.endSession():119 Child session [IME_SESSION] is not ended while ending session [{TRAINING_CACHE_SESSION=1777576016047, INPUT_VIEW_SESSION=1777576016030, IME_SESSION=1777576016046, INPUT_SESSION=1777576016014}], ending it now.
05-01 00:36:56.831  6641  6641 I AndroidIME: LatinIMEBase.updateInputViewCoverNavigation():322 Update input view padding, isNavbarOverInputWindow=false, bottom inset=132
05-01 00:36:56.832  6641  6641 I Module  : DeviceLockedStatusModuleProvider$Module.updateDeviceLockedStatus():103 repeatCheckTimes = 1, locked = false
05-01 00:36:56.832  6641  6641 I GoogleInputMethodService: GoogleInputMethodService.onStartInputView():1532 onStartInputView(EditorInfo{EditorInfo{packageName=com.inkbattle.app, inputType=8001, inputTypeString=Normal[AutoCorrect], enableLearning=true, autoCorrection=true, autoComplete=true, imeOptions=2000006, privateImeOptions=null, actionName=DONE, actionLabel=null, initialSelStart=1, initialSelEnd=1, initialCapsMode=0, label=null, fieldId=1, fieldName=null, extras=Bundle[{com.oplus.im.SCENES=0}], hintText=null, hintLocales=[]}}, true)
05-01 00:36:56.833  6641  6641 I InputBundle: InputBundle.consumeEvent():1051 Skip consuming an event as keyboard status is INACTIVE
05-01 00:36:56.833  6641  6641 I AndroidIME: AbstractIme.onDeactivate():213 LatinIme.onDeactivate()
05-01 00:36:56.833  6641  6928 I NebulaeTrainingCacheMetricsProcessor: NebulaeTrainingCacheMetricsProcessor.processEndSession():616 End training cache session: com.whatsapp_2131431628/
05-01 00:36:56.833  6641  6641 W SessionManager: SessionManager.endSession():111 Try to end a not begun session [IME_SESSION].
05-01 00:36:56.833  6641  6641 W ModuleManager: ModuleManager.loadModule():634 Module pdh is not available
05-01 00:36:56.834  6641  6641 I KeyboardHeightUtil: KeyboardHeightUtil.getOemKeyboardHeightRatio():81 systemKeyboardHeightRatio:1.000000.
05-01 00:36:56.835  6641  6641 I AndroidIME: InputBundleManager.startInput():357 startInput2 restarting=true
05-01 00:36:56.835  6641  6641 I AndroidIME: InputBundleManager.loadActiveInputBundleId():542 loadActiveInputBundleId: en-IN, ime_english_india
05-01 00:36:56.835  6641  6928 W ModuleManager: ModuleManager.loadModule():634 Module pyg is not available
05-01 00:36:56.835  6641  6641 I InputBundle: InputBundle.activateIme():597 activateIme: INACTIVE, keyboardType=prime
05-01 00:36:56.835  6641  6641 I AndroidIME: AbstractIme.onActivate():95 LatinIme.onActivate() : EditorInfo = EditorInfo{packageName=com.inkbattle.app, inputType=8001, inputTypeString=Normal[AutoCorrect], enableLearning=true, autoCorrection=true, autoComplete=true, imeOptions=2000006, privateImeOptions=null, actionName=DONE, actionLabel=null, initialSelStart=1, initialSelEnd=1, initialCapsMode=0, label=null, fieldId=1, fieldName=null, extras=Bundle[{com.oplus.im.SCENES=0}], hintText=null, hintLocales=[]}, IncognitoMode = false, DeviceLocked = false
05-01 00:36:56.835  6641  6641 I Delight5Facilitator: Delight5Facilitator.initializeForIme():745 initializeForIme() : Locale = [en_IN, te_XA], layout = qwerty
05-01 00:36:56.836  6641  6641 I LatinIme: LatinIme.updateEnableInlineSuggestionsOnDecoderSideFlags():1277 inline flag updated to:false
05-01 00:36:56.836  6641  6641 I LatinIme: LatinIme.updateEnableInlineSuggestionsOnDecoderSideFlags():1277 inline flag updated to:false
05-01 00:36:56.836  6641  6928 I OnDeviceWmrCalculator: OnDeviceWmrCalculator.calculateWmr():94 WMR: -1.0000 (0 / 0)
05-01 00:36:56.836  6641  6928 I NebulaeTrainingCacheMetricsProcessor: NebulaeTrainingCacheMetricsProcessor.processBeginSession():252 Begin training cache session: com.whatsapp_2131431628/
05-01 00:36:56.837  6641  6641 I LatinIme: LatinIme.resetInputContext():2283 resetInputContext(): reason=1, externalEditsInfo=ExternalEditsInfo{action=0, offset=-1, text=null, originalText=null, edits=null}
05-01 00:36:56.837  6641  6641 I InputBundle: InputBundle.consumeEvent():1051 Skip consuming an event as keyboard status is INACTIVE
05-01 00:36:56.838  6641  6641 I InputBundle: InputBundle.activateKeyboard():652 activateKeyboard: ACTIVE, type=ocu[keyboardType=prime, payload=null]
05-01 00:36:56.838  6641  6641 I KeyboardWrapper: KeyboardWrapper.activateKeyboard():592 activateKeyboard(): type=prime, status=INACTIVE, imeDef=obp{stringId=ime_english_india, language=en-IN, languageTag=en-IN, processedConditions={writing_helper_enable_by_word_revert=false, true=true, enable_number_row=true, device=phone, enable_pk_simulator=false}, className=com.google.android.apps.inputmethod.libs.latin5.LatinIme, label=0, keyEventInterpreter=com.google.android.libraries.inputmethod.keyevent.interpreters.EnglishIndiaKeyEventInterpreter, inlineComposing=true, autoCapital=true, announceAutoSelectedCandidate=true, statusIcon=0, indicatorIcon=0, indicatorLabel=null, displayAppCompletions=true, extraValues=obi{#0x7f0b02e5=TypedValue{t=0x3/d=0x0 "com.google.android.apps.inputmethod.libs.latin5.LatinIme"}}, processors=odh@9a26ba8, unacceptableMetaKeys=4098, languageSpecificSettings=0, asciiCapable=true, alwaysShowSuggestions=false, useAsciiPasswordKeyboard=false, keyboardGroupDef=ocq@3ac3145, phenotypeFlagId=0, localizationLanguageTag=null, supportsInlineSuggestion=true}
05-01 00:36:56.838  6641  6641 I KeyboardManager: KeyboardManager.requestKeyboard():249 Creating keyboard prime, imeId=ime_english_india, cacheKey=theme,!gsf,!pgsans,!pgsf,!use_system_font,BORDER,FLAVOR_DPI=XXHDPI,IS_LIGHT,KEYBOARD_WIDTH_CATEGORY=NORMAL,KEY_BORDER_SHAPE=1,LIGHT_THEME=true,PHYSICAL_DIAGONAL=5.0274267,POPUP,SCREEN_SHORTEST_WIDTH=360,SCREEN_SHORTEST_WIDTH_NO_SCALE=360,XXHDPI,bottom4dp,enable_popup_on_keypress=true,keyboard_redesign_google_sans=true,non_linear_scale,noshadow,overlay_builtin_material3_light_base.binarypb:gm3-light-ffffffff-ff0b57d0-d2beb9f4c632da1e2f7e42bf727662b8,silkpopup
05-01 00:36:56.838  6641  6641 I KeyboardDefManager: KeyboardDefManager.requestKeyboardDef():181 requestKeyboardDef(): type=prime, info=ocn{defIds=[#0x7f1705fa, #0x7f170891], defIdsCacheKey=[2132215290, 2132215953]}
05-01 00:36:56.838  6641  6641 I KeyboardDefManager: KeyboardDefManager.requestKeyboardDef():243 requestKeyboardDef(): getOrCreate from cache, info=ocn{defIds=[#0x7f1705fa, #0x7f170891], defIdsCacheKey=[2132215290, 2132215953]}
05-01 00:36:56.839  6641  6641 I KeyboardDefManager: KeyboardDefManager$1.onSuccess():277 requestKeyboardDef onSuccess(): info=ocn{defIds=[#0x7f1705fa, #0x7f170891], defIdsCacheKey=[2132215290, 2132215953]}
05-01 00:36:56.839  6641  6641 I KeyboardWrapper: KeyboardWrapper.onKeyboardReady():226 onKeyboardReady(): type=prime(prime), kb=com.google.android.apps.inputmethod.latin.keyboard.LatinPrimeKeyboard@8d51cd9
05-01 00:36:56.839  6641  6641 I KeyboardWrapper: KeyboardWrapper.doActivateKeyboard():624 doActivateKeyboard(): prime
05-01 00:36:56.840  6641  6641 I BaseKeyboardSizeHelper: BaseKeyboardSizeHelper.calculateMaxKeyboardBodyHeight():73 leave 291 height for app when ime window height:2158, header height:132 and isFullscreenMode:false, so the max keyboard body height is:1735
05-01 00:36:56.840  6641  6641 W TooltipLifecycleManager: TooltipLifecycleManager.dismissTooltips():153 Tooltip with id undo_access_point_promotion_banner not found in tooltipManager.
05-01 00:36:56.840  6641  6641 I GlobeKeyExtension: GlobeKeyExtension.getKeyboardInitialStates():186 
05-01 00:36:56.841  6641  6641 W Keyboard: Keyboard.getKeyboardViewHelper():607 null helper is returned: keyboardDef=oci{processedConditions={show_comma_key=true, enable_more_candidates_view_for_multilingual=false, layout_9key_split=false, enable_secondary_symbols=false, pref_enable_flick_symbols=false, enable_scrub_move=true, language=en-IN, deprecate_long_press_space_for_ime_picker=false, expressions=normal, android_software_xr_api_spatial=false, variant=qwerty, free_cursor=false, show_period_key=true, enable_number_row=true, device=phone, keyboard_mode=normal, show_secondary_digits=false, enable_pk_simulator=false, enable_preemptive_decode=true}, globalConditions={global_theme_key=theme,!gsf,!pgsans,!pgsf,!use_system_font,BORDER,FLAVOR_DPI=XXHDPI,IS_LIGHT,KEYBOARD_WIDTH_CATEGORY=NORMAL,KEY_BORDER_SHAPE=1,LIGHT_THEME=true,PHYSICAL_DIAGONAL=5.0274267,POPUP,SCREEN_SHORTEST_WIDTH=360,SCREEN_SHORTEST_WIDTH_NO_SCALE=360,XXHDPI,bottom4dp,enable_popup_on_keypress=true,keyboard_redesign_google_sans=true,non_linear_scale,noshadow,overlay_builtin_material3_light_base.binarypb:gm3-light-ffffffff-ff0b57d0-d2beb9f4c632da1e2f7e42bf727662b8,silkpopup, global_locale=en_IN, global_density_dpi=480, global_orientation=1}, className=.latin.keyboard.LatinPrimeKeyboard, resourceIds=[#0x7f1705fa, #0x7f170891], initialStates=0, keyboardViewDefs=[ocy{direction=null, id=#0x7f0b0229, isScalable=true, layoutId=#0x7f0e02bd, type=BODY, touchable=true, defaultShow=true}, ocy{direction=null, id=#0x7f0b0229, isScalable=false, layoutId=#0x7f0e0218, type=FLOATING_CANDIDATES, touchable=false, defaultShow=false}, ocy{direction=LOCALE, id=#0x7f0b0229, isScalable=false, layoutId=#0x7f0e0520, type=HEADER, touchable=true, defaultShow=true}], persistentStates=0, persistentStatesPrefKey=null, popupBubbleLayoutId=#0x7f0e0611, recentKeyLayoutId=#0x0, recentKeyPopupLayoutId=#0x0, recentKeyType=null, rememberRecentKey=NONE, sessionStates=26388279066624}, type=WIDGET, helpersCreated={HEADER=nnb@61fe621, BODY=nnb@2393a46, FLOATING_CANDIDATES=nnb@a435407}, context.getResources().getConfiguration(): {1.0 ??mcc??mnc [en_IN] ldltr sw360dp w360dp h719dp 480dpi nrml long hdr widecg port finger -keyb/v/h -nav/h winConfig={ mBounds=Rect(0, 0 - 1080, 2400) mAppBounds=Rect(0, 110 - 1080, 2268) mMaxBounds=Rect(0, 0 - 1080, 2400) mDisplayRotation=ROTATION_0 mWindowingMode=fullscreen mDisplayWindowingMode=fullscreen mActivityType=undefined mAlwaysOnTop=undefined mRotation=ROTATION_0} s.85 fontWeightAdjustment=0mThemeChanged= 0, mThemeChangedFlags= 0, mFlipFont= 0, mAccessibleChanged= -1, mUxIconConfig= 3468921665117761569, mMaterialColor= 0, mUserId= 0, mFontUserId= 0, mFontVariationSettings= 226, mFoldingAngle = -1.0, mIconPackName= , mDarkModeBackgroundMaxL= 0.0, mDarkModeDialogBgMaxL= 27.0, mDarkModeForegroundMinL= 100.0, mOplusConfigType= 1, mOplusChangedConfigs= 0, OpSans= 0, mBurmeseFontFlag= 2, mFlag= 0, mPuttDisplayFlag= -1}
05-01 00:36:56.841  6641  6641 I BaseKeyboardSizeHelper: BaseKeyboardSizeHelper.calculateMaxKeyboardBodyHeight():73 leave 291 height for app when ime window height:2158, header height:132 and isFullscreenMode:false, so the max keyboard body height is:1735
05-01 00:36:56.842  6641  6641 I AndroidIME: InputBundleManager.startInput():372 startInput() with ocu[keyboardType=prime, payload=null]
05-01 00:36:56.843  6641  6641 W SupplementaryKeyboardsWrapper: SupplementaryKeyboardsWrapper.deactivateKeyboard():162 keyboard composing_text_consumer is not activated before!
05-01 00:36:56.843  6641  6641 I GlobeKeyExtension: GlobeKeyExtension.onDeactivate():154 
05-01 00:36:56.843  6641  6641 I VoiceInputManagerWrapper: VoiceInputManagerWrapper.shutdown():131 shutdown()
05-01 00:36:56.844  6641  6641 I PkModeUpdater: PkModeUpdater.onActivate():76 onActivate false true
05-01 00:36:56.844  6641  6641 I AccessoryInputModeManager: AccessoryInputModeManager.onModeStarted():346 Accessory input mode started: null
05-01 00:36:56.844  6641  6641 W SupplementaryKeyboardsWrapper: SupplementaryKeyboardsWrapper.deactivateKeyboard():162 keyboard accessory_candidates_consumer is not activated before!
05-01 00:36:56.844  6641  6641 W SupplementaryKeyboardsWrapper: SupplementaryKeyboardsWrapper.deactivateKeyboard():162 keyboard composing_text_consumer is not activated before!
05-01 00:36:56.844  6641  6641 I GlobeKeyExtension: GlobeKeyExtension.onActivate():130 
05-01 00:36:56.845  6641  6641 I KeyboardModeUtils: KeyboardModeUtils.getKeyboardBottomOffset():432 inch: 0.000000 ydpi: 398.431000 adjustKeyboardBottomByDisplaySize: false currentDensityDpi: 480 defaultDensityDpi: 480 keyboardBottomToScreenPx: 0 keyboardBottomToNavBarPx: -132 navBarHeight: 132
05-01 00:36:56.845  6641  6641 I BaseKeyboardSizeHelper: BaseKeyboardSizeHelper.calculateMaxKeyboardBodyHeight():73 leave 291 height for app when ime window height:2158, header height:132 and isFullscreenMode:false, so the max keyboard body height is:1735
05-01 00:36:56.845  6641  6641 I BaseKeyboardSizeHelper: BaseKeyboardSizeHelper.calculateMaxKeyboardBodyHeight():73 leave 291 height for app when ime window height:2158, header height:132 and isFullscreenMode:false, so the max keyboard body height is:1735
05-01 00:36:56.845  6641  6641 I BaseKeyboardSizeHelper: BaseKeyboardSizeHelper.calculateMaxKeyboardBodyHeight():73 leave 291 height for app when ime window height:2158, header height:132 and isFullscreenMode:false, so the max keyboard body height is:1735
05-01 00:36:56.845  6641  6641 I BaseKeyboardSizeHelper: BaseKeyboardSizeHelper.calculateMaxKeyboardBodyHeight():73 leave 291 height for app when ime window height:2158, header height:132 and isFullscreenMode:false, so the max keyboard body height is:1735
05-01 00:36:56.845  6641  6641 W ExtensionWrapper: ExtensionWrapper.setExtensionViewVisibility():878 interface nqy is not activate
05-01 00:36:56.847  6641  6641 I VoiceInputManagerWrapper: VoiceInputManagerWrapper.cancelShutdown():109 cancelShutdown()
05-01 00:36:56.847  6641  6641 I VoiceInputManagerWrapper: VoiceInputManagerWrapper.syncLanguagePacks():121 syncLanguagePacks()
05-01 00:36:56.847  6641  6641 I VoiceInputManager: VoiceInputManager.onKeyboardActivated():1204 onKeyboardActivated() [UD]
05-01 00:36:56.848  6641 19336 I SpeechFactory: SpeechRecognitionFactory.maybeScheduleAutoPackDownloadForFallback():221 maybeScheduleAutoPackDownloadForFallback()
05-01 00:36:56.848  6641 19336 I FallbackOnDeviceRecognitionProvider: FallbackOnDeviceRecognitionProvider.maybeScheduleAutoPackDownload():213 maybeScheduleAutoPackDownload() for language tag en-IN
05-01 00:36:56.848  6641  6641 I Module  : DeviceLockedStatusModuleProvider$Module.updateDeviceLockedStatus():103 repeatCheckTimes = 1, locked = false
05-01 00:36:56.848  6641  6641 I VoiceImeExtension: VoiceImeExtension.shouldStartVoiceInputAutomaticallyInCurrentInputBox():384 No private IME option set to start voice input.
05-01 00:36:56.850 26620 26620 D InsetsController: show(ime(), fromIme=true)
05-01 00:36:56.852 26620 26620 D InsetsController: show(ime(), fromIme=true)
05-01 00:36:56.853  6641  6641 I WindowMetricsNotification: WindowMetricsNotification.notifyWithWindow():166 
05-01 00:36:56.853  6641  6641 I WindowMetricsNotification: WindowMetricsNotification.notify():159 rfj[bounds=Rect(0, 110 - 1080, 2400), insets=Rect(0, 0 - 0, 132), densityDpi=480, smallestScreenWidthDp=360, displayWidth=1080, displayHeight=2400, xdpi=391.885, ydpi=398.431, isTrustable=true, displayId=0]; DisplayMetrics{density=3.0, width=1080, height=2400, scaledDensity=3.0, xdpi=391.885, ydpi=398.431}
05-01 00:36:56.860  6641  6641 I GoogleInputMethodService: GoogleInputMethodService$1.onKeyboardViewShown():344 onKeyboardViewShown: keyboardType=prime, keyboardViewType=HEADER keyboardView=com.google.android.libraries.inputmethod.widgets.SoftKeyboardView{2c1343d V.E...... ........ 0,0-1080,132 viewInfo = }
05-01 00:36:56.860  6641  6641 I BaseKeyboardSizeHelper: BaseKeyboardSizeHelper.calculateMaxKeyboardBodyHeight():73 leave 291 height for app when ime window height:2158, header height:132 and isFullscreenMode:false, so the max keyboard body height is:1735
05-01 00:36:56.860  6641  6641 I GoogleInputMethodService: GoogleInputMethodService$1.onKeyboardViewShown():344 onKeyboardViewShown: keyboardType=prime, keyboardViewType=BODY keyboardView=com.google.android.libraries.inputmethod.widgets.SoftKeyboardView{ed78847 V.E...... ........ 0,0-1080,720 viewInfo = }
05-01 00:36:56.861  6641  6641 I BaseKeyboardSizeHelper: BaseKeyboardSizeHelper.calculateMaxKeyboardBodyHeight():73 leave 291 height for app when ime window height:2158, header height:132 and isFullscreenMode:false, so the max keyboard body height is:1735
05-01 00:36:56.861  6641  6641 I GlobeKeyExtension: GlobeKeyExtension$1.onKeyboardViewShown():77 maybeDisableLanguageSwitchKeyPref when the keyboard is shown
05-01 00:36:56.861  6641  6641 I GlobeKeyExtension: GlobeKeyExtension.maybeDisableLanguageSwitchKeyPref():211 maybeDisableLanguageSwitchKeyPref hasGlobeKeyBeenDisabled: false, shouldDisableLanguageSwitchKey: false
05-01 00:36:56.861  6641  6641 I NewLanguagePromptExtension: NewLanguagePromptExtension$1.onKeyboardViewShown():98 Not show new language banner: no change in enabled input method entries
05-01 00:36:56.861  6641  6641 I DynamicLayoutHandler: DynamicLayoutHandler.loadDynamicKeys():92 This isn't a dynamic layout.
05-01 00:36:56.861  6641  7264 I Delight5Decoder: Delight5DecoderWrapper.setKeyboardLayout():551 setKeyboardLayout()
05-01 00:36:56.861  6641  6641 I KeyboardModeUtils: KeyboardModeUtils.getKeyboardBottomOffset():432 inch: 0.000000 ydpi: 398.431000 adjustKeyboardBottomByDisplaySize: false currentDensityDpi: 480 defaultDensityDpi: 480 keyboardBottomToScreenPx: 0 keyboardBottomToNavBarPx: -132 navBarHeight: 132
05-01 00:36:56.862  6641  6641 I BaseKeyboardSizeHelper: BaseKeyboardSizeHelper.calculateMaxKeyboardBodyHeight():73 leave 291 height for app when ime window height:2158, header height:132 and isFullscreenMode:false, so the max keyboard body height is:1735
05-01 00:36:56.862  6641  6641 I BaseKeyboardSizeHelper: BaseKeyboardSizeHelper.calculateMaxKeyboardBodyHeight():73 leave 291 height for app when ime window height:2158, header height:132 and isFullscreenMode:false, so the max keyboard body height is:1735
05-01 00:36:56.876  4314  4725 D NetworkEvent: OplusNetworkEventCbProxy invoke.....onDnsEvent argslen:8
05-01 00:36:56.876 27273 29247 E C9      : Network error
05-01 00:36:56.877  6641  6641 I KeyboardModeUtils: KeyboardModeUtils.getKeyboardBottomOffset():432 inch: 0.000000 ydpi: 398.431000 adjustKeyboardBottomByDisplaySize: false currentDensityDpi: 480 defaultDensityDpi: 480 keyboardBottomToScreenPx: 0 keyboardBottomToNavBarPx: -132 navBarHeight: 132
05-01 00:36:56.877  6641  6641 I BaseKeyboardSizeHelper: BaseKeyboardSizeHelper.calculateMaxKeyboardBodyHeight():73 leave 291 height for app when ime window height:2158, header height:132 and isFullscreenMode:false, so the max keyboard body height is:1735
05-01 00:36:56.877  6641  6641 I BaseKeyboardSizeHelper: BaseKeyboardSizeHelper.calculateMaxKeyboardBodyHeight():73 leave 291 height for app when ime window height:2158, header height:132 and isFullscreenMode:false, so the max keyboard body height is:1735
05-01 00:36:56.921  2657  2728 I OplusSmartBrightnessController: deltaLux = 1.0629807, scale = 1.7
05-01 00:36:56.922  2657  2730 D OplusSmartBrightnessController: handleMessage MSG_LUX_CHANGED, mLux:9.564582 luxQueue=[10.0, 10.0, 10.0, 9.0, 9.0, 9.0, 8.0, 8.0, 9.0, 9.0]
05-01 00:36:56.936  6641  6641 D VRI[InputMethod]: handleWindowFocusChanged mWindowFocusChanged false mUpcomingWindowFocus false mAdded true
05-01 00:36:56.937  2657  3461 D OGG_Detector: D:done mCurrStatus: 0
05-01 00:36:56.937  2657  3296 D PowerManagerService: userActivityNoUpdateLocked: groupId=0, eventTime=118021217, event=2, flags=0x0, uid=1000
05-01 00:36:56.954  6641  6641 D VRI[InputMethod]: handleWindowFocusChanged mWindowFocusChanged false mUpcomingWindowFocus false mAdded true
05-01 00:36:57.004  6641  6641 D VRI[InputMethod]: handleWindowFocusChanged mWindowFocusChanged false mUpcomingWindowFocus false mAdded true
05-01 00:36:57.008  6641  6641 D VRI[InputMethod]: handleWindowFocusChanged mWindowFocusChanged false mUpcomingWindowFocus false mAdded true
05-01 00:36:57.010  6641  6641 D VRI[InputMethod]: handleWindowFocusChanged mWindowFocusChanged false mUpcomingWindowFocus false mAdded true
05-01 00:36:57.032  2657  6828 D InputMethodManagerService: isSecurity: attribute.packageName = com.inkbattle.app mCurMethodId = com.google.android.inputmethod.latin/com.android.inputmethod.latin.LatinIME isSecurity = false ( enable = false needShow = false inBlackList = false isExist = true )
05-01 00:36:57.034  6641  6641 I GoogleInputMethodService: GoogleInputMethodService.onStartInput():1446 onStartInput(EditorInfo{EditorInfo{packageName=com.inkbattle.app, inputType=8001, inputTypeString=Normal[AutoCorrect], enableLearning=true, autoCorrection=true, autoComplete=true, imeOptions=2000006, privateImeOptions=null, actionName=DONE, actionLabel=null, initialSelStart=1, initialSelEnd=1, initialCapsMode=0, label=null, fieldId=1, fieldName=null, extras=Bundle[{com.oplus.im.SCENES=0}], hintText=null, hintLocales=[]}}, true)
05-01 00:36:57.034 26620 26620 D InputMethodManager: showSoftInput() view=io.flutter.embedding.android.FlutterView{841a911 VFE...... .F...... 0,0-1080,2400 #1 aid=1073741824 viewInfo = } flags=0 reason=SHOW_SOFT_INPUT
05-01 00:36:57.034  6641  6641 W SessionManager: SessionManager.beginSession():72 Try to begin an already begun session [INPUT_SESSION], end it first
05-01 00:36:57.034  6641  6641 W SessionManager: SessionManager.endSession():119 Child session [INPUT_VIEW_SESSION] is not ended while ending session [{TRAINING_CACHE_SESSION=1777576016835, INPUT_VIEW_SESSION=1777576016833, IME_SESSION=1777576016835, INPUT_SESSION=1777576016831}], ending it now.
05-01 00:36:57.034  6641  6641 W SessionManager: SessionManager.endSession():119 Child session [IME_SESSION] is not ended while ending session [{TRAINING_CACHE_SESSION=1777576016835, INPUT_VIEW_SESSION=1777576016833, IME_SESSION=1777576016835, INPUT_SESSION=1777576016831}], ending it now.
05-01 00:36:57.035  6641  6641 I AndroidIME: LatinIMEBase.updateInputViewCoverNavigation():322 Update input view padding, isNavbarOverInputWindow=false, bottom inset=132
05-01 00:36:57.035  6641  6641 I Module  : DeviceLockedStatusModuleProvider$Module.updateDeviceLockedStatus():103 repeatCheckTimes = 1, locked = false
05-01 00:36:57.036  6641  6641 I GoogleInputMethodService: GoogleInputMethodService.onStartInputView():1532 onStartInputView(EditorInfo{EditorInfo{packageName=com.inkbattle.app, inputType=8001, inputTypeString=Normal[AutoCorrect], enableLearning=true, autoCorrection=true, autoComplete=true, imeOptions=2000006, privateImeOptions=null, actionName=DONE, actionLabel=null, initialSelStart=1, initialSelEnd=1, initialCapsMode=0, label=null, fieldId=1, fieldName=null, extras=Bundle[{com.oplus.im.SCENES=0}], hintText=null, hintLocales=[]}}, true)
05-01 00:36:57.037  6641  6641 I InputBundle: InputBundle.consumeEvent():1051 Skip consuming an event as keyboard status is INACTIVE
05-01 00:36:57.038  6641  6641 I AndroidIME: AbstractIme.onDeactivate():213 LatinIme.onDeactivate()
05-01 00:36:57.038  6641  6928 I NebulaeTrainingCacheMetricsProcessor: NebulaeTrainingCacheMetricsProcessor.processEndSession():616 End training cache session: com.whatsapp_2131431628/
05-01 00:36:57.038  6641  6641 W SessionManager: SessionManager.endSession():111 Try to end a not begun session [IME_SESSION].
05-01 00:36:57.038  6641  6641 W ModuleManager: ModuleManager.loadModule():634 Module pdh is not available
05-01 00:36:57.038  6641  6641 I KeyboardHeightUtil: KeyboardHeightUtil.getOemKeyboardHeightRatio():81 systemKeyboardHeightRatio:1.000000.
05-01 00:36:57.040  6641  6928 W ModuleManager: ModuleManager.loadModule():634 Module pyg is not available
05-01 00:36:57.041  6641  6928 I OnDeviceWmrCalculator: OnDeviceWmrCalculator.calculateWmr():94 WMR: -1.0000 (0 / 0)
05-01 00:36:57.045  6641  6641 I AndroidIME: InputBundleManager.startInput():357 startInput2 restarting=true
05-01 00:36:57.045  6641  6641 I AndroidIME: InputBundleManager.loadActiveInputBundleId():542 loadActiveInputBundleId: en-IN, ime_english_india
05-01 00:36:57.045  6641  6641 I InputBundle: InputBundle.activateIme():597 activateIme: INACTIVE, keyboardType=prime
05-01 00:36:57.045  6641  6641 I AndroidIME: AbstractIme.onActivate():95 LatinIme.onActivate() : EditorInfo = EditorInfo{packageName=com.inkbattle.app, inputType=8001, inputTypeString=Normal[AutoCorrect], enableLearning=true, autoCorrection=true, autoComplete=true, imeOptions=2000006, privateImeOptions=null, actionName=DONE, actionLabel=null, initialSelStart=1, initialSelEnd=1, initialCapsMode=0, label=null, fieldId=1, fieldName=null, extras=Bundle[{com.oplus.im.SCENES=0}], hintText=null, hintLocales=[]}, IncognitoMode = false, DeviceLocked = false
05-01 00:36:57.045  6641  6928 I NebulaeTrainingCacheMetricsProcessor: NebulaeTrainingCacheMetricsProcessor.processBeginSession():252 Begin training cache session: com.whatsapp_2131431628/
05-01 00:36:57.045  6641  6641 I Delight5Facilitator: Delight5Facilitator.initializeForIme():745 initializeForIme() : Locale = [en_IN, te_XA], layout = qwerty
05-01 00:36:57.046  6641  6641 I LatinIme: LatinIme.updateEnableInlineSuggestionsOnDecoderSideFlags():1277 inline flag updated to:false
05-01 00:36:57.046  6641  6641 I LatinIme: LatinIme.updateEnableInlineSuggestionsOnDecoderSideFlags():1277 inline flag updated to:false
05-01 00:36:57.047  6641  6641 I LatinIme: LatinIme.resetInputContext():2283 resetInputContext(): reason=1, externalEditsInfo=ExternalEditsInfo{action=0, offset=-1, text=null, originalText=null, edits=null}
05-01 00:36:57.047  6641  6641 I InputBundle: InputBundle.consumeEvent():1051 Skip consuming an event as keyboard status is INACTIVE
05-01 00:36:57.048  6641  6641 I InputBundle: InputBundle.activateKeyboard():652 activateKeyboard: ACTIVE, type=ocu[keyboardType=prime, payload=null]
05-01 00:36:57.049  6641  6641 I KeyboardWrapper: KeyboardWrapper.activateKeyboard():592 activateKeyboard(): type=prime, status=INACTIVE, imeDef=obp{stringId=ime_english_india, language=en-IN, languageTag=en-IN, processedConditions={writing_helper_enable_by_word_revert=false, true=true, enable_number_row=true, device=phone, enable_pk_simulator=false}, className=com.google.android.apps.inputmethod.libs.latin5.LatinIme, label=0, keyEventInterpreter=com.google.android.libraries.inputmethod.keyevent.interpreters.EnglishIndiaKeyEventInterpreter, inlineComposing=true, autoCapital=true, announceAutoSelectedCandidate=true, statusIcon=0, indicatorIcon=0, indicatorLabel=null, displayAppCompletions=true, extraValues=obi{#0x7f0b02e5=TypedValue{t=0x3/d=0x0 "com.google.android.apps.inputmethod.libs.latin5.LatinIme"}}, processors=odh@9a26ba8, unacceptableMetaKeys=4098, languageSpecificSettings=0, asciiCapable=true, alwaysShowSuggestions=false, useAsciiPasswordKeyboard=false, keyboardGroupDef=ocq@3ac3145, phenotypeFlagId=0, localizationLanguageTag=null, supportsInlineSuggestion=true}
05-01 00:36:57.049  6641  6641 I KeyboardManager: KeyboardManager.requestKeyboard():249 Creating keyboard prime, imeId=ime_english_india, cacheKey=theme,!gsf,!pgsans,!pgsf,!use_system_font,BORDER,FLAVOR_DPI=XXHDPI,IS_LIGHT,KEYBOARD_WIDTH_CATEGORY=NORMAL,KEY_BORDER_SHAPE=1,LIGHT_THEME=true,PHYSICAL_DIAGONAL=5.0274267,POPUP,SCREEN_SHORTEST_WIDTH=360,SCREEN_SHORTEST_WIDTH_NO_SCALE=360,XXHDPI,bottom4dp,enable_popup_on_keypress=true,keyboard_redesign_google_sans=true,non_linear_scale,noshadow,overlay_builtin_material3_light_base.binarypb:gm3-light-ffffffff-ff0b57d0-d2beb9f4c632da1e2f7e42bf727662b8,silkpopup
05-01 00:36:57.049  6641  6641 I KeyboardDefManager: KeyboardDefManager.requestKeyboardDef():181 requestKeyboardDef(): type=prime, info=ocn{defIds=[#0x7f1705fa, #0x7f170891], defIdsCacheKey=[2132215290, 2132215953]}
